I0406 16:40:26.111997 135561216 master_component.cc:1430] RegularizeModelArgs: rwt_target_name=rwt, pwt_source_name=pwt, nwt_source_name=nwt
I0406 16:40:26.112027 135561216 master_component.cc:974] MasterComponent: start regularizing model pwt
I0406 16:40:26.134951 150327296 processor.cc:740] No data in processing queue, waiting...
I0406 16:40:26.185858 2924262208 c_interface.cc:562] Pass GetScoreValueArgs, score_name=^^^ItemsProcessedScore^^^ to MasterComponent::Request
I0406 16:40:26.185909 2924262208 c_interface.cc:231] ArtmCopyRequestedMessage is copying 46 bytes...
I0406 16:40:26.409886 135561216 master_component.cc:1000] MasterComponent: complete regularizing model pwt
I0406 16:40:26.409906 135561216 master_component.cc:1443] NormalizeModelArgs: pwt_target_name=pwt, nwt_source_name=nwt, rwt_source_name=rwt
I0406 16:40:26.409914 135561216 master_component.cc:1004] MasterComponent: start normalizing model nwt
I0406 16:40:26.659544 135561216 master_component.cc:1032] MasterComponent: complete normalizing model nwt
I0406 16:40:26.945307 135561216 master_component.cc:1467] DisposeModel rwt
I0406 16:40:27.013492 135561216 master_component.cc:1057] FitOffline: ItemsProcessed, num_items=1728, num_batches=2, token_weight=808522, token_weight_in_effect=808522
I0406 16:40:27.026041 2924262208 c_interface.cc:562] Pass GetScoreValueArgs, score_name=^^^ItemsProcessedScore^^^ to MasterComponent::Request
I0406 16:40:27.026087 2924262208 c_interface.cc:231] ArtmCopyRequestedMessage is copying 46 bytes...
I0406 16:40:27.027256 135561216 c_interface.cc:389] Pass FitOfflineMasterModelArgs, batch_filename_size=2, batch_weight_size=2, num_collection_passes=1 to MN4artm4core15MasterComponentEFvRKNS_25FitOfflineMasterModelArgsEE
I0406 16:40:27.027278 135561216 master_component.cc:1392] ProcessBatchesArgs: nwt_target_name=nwt, batch_filename_size=2, batch_size=0, batch_weight_size=2, pwt_source_name=pwt, num_document_passes=10, regularizer=(name:SparsePhi1, tau:100000), reuse_theta=no, opt_for_avx=yes, predict_class_id=
I0406 16:40:27.107273 149790720 processor.cc:747] Processing queue has data, processing started
I0406 16:40:27.118712 149254144 processor.cc:747] Processing queue has data, processing started
I0406 16:40:27.133736 149790720 processor.cc:820] Processor: start processing batch 00ce3e08-5fa6-4508-b507-567d4f0cdafa into model nwt
I0406 16:40:27.136044 149254144 processor.cc:820] Processor: start processing batch 8b71d27b-f04c-426d-ac04-ee7da552b883 into model nwt
I0406 16:40:27.827594 149254144 processor.cc:925] Processor: complete processing batch 8b71d27b-f04c-426d-ac04-ee7da552b883 into model nwt
I0406 16:40:27.843271 149254144 cuckoo_watch.h:45] 724ms in ProcessBatch(batches/aaaaaa.batch) [including 17ms in LoadMessage; 2ms in InitializeSparseNdw; 0ms in InitializeTheta; 0ms in CreateRegularizerAgents; 532ms in InferThetaAndUpdateNwtSparse; 156ms in CalculateScore(^^^ItemsProcessedScore^^^); ]
I0406 16:40:27.871243 149254144 processor.cc:740] No data in processing queue, waiting...
I0406 16:40:28.027112 2924262208 c_interface.cc:562] Pass GetScoreValueArgs, score_name=^^^ItemsProcessedScore^^^ to MasterComponent::Request
I0406 16:40:28.027160 2924262208 c_interface.cc:231] ArtmCopyRequestedMessage is copying 46 bytes...
I0406 16:40:28.492475 149790720 processor.cc:925] Processor: complete processing batch 00ce3e08-5fa6-4508-b507-567d4f0cdafa into model nwt
I0406 16:40:28.502091 149790720 cuckoo_watch.h:45] 1394ms in ProcessBatch(batches/aaaaab.batch) [including 26ms in LoadMessage; 9ms in InitializeSparseNdw; 0ms in InitializeTheta; 0ms in CreateRegularizerAgents; 1053ms in InferThetaAndUpdateNwtSparse; 296ms in CalculateScore(^^^ItemsProcessedScore^^^); ]
I0406 16:40:28.502838 135561216 master_component.cc:1430] RegularizeModelArgs: rwt_target_name=rwt, pwt_source_name=pwt, nwt_source_name=nwt
I0406 16:40:28.502864 135561216 master_component.cc:974] MasterComponent: start regularizing model pwt
I0406 16:40:28.525364 149790720 processor.cc:740] No data in processing queue, waiting...
I0406 16:40:28.726943 135561216 master_component.cc:1000] MasterComponent: complete regularizing model pwt
I0406 16:40:28.726974 135561216 master_component.cc:1443] NormalizeModelArgs: pwt_target_name=pwt, nwt_source_name=nwt, rwt_source_name=rwt
I0406 16:40:28.726985 135561216 master_component.cc:1004] MasterComponent: start normalizing model nwt
I0406 16:40:28.867084 135561216 master_component.cc:1032] MasterComponent: complete normalizing model nwt
I0406 16:40:29.031672 2924262208 c_interface.cc:562] Pass GetScoreValueArgs, score_name=^^^ItemsProcessedScore^^^ to MasterComponent::Request
I0406 16:40:29.031728 2924262208 c_interface.cc:231] ArtmCopyRequestedMessage is copying 46 bytes...
I0406 16:40:29.104578 135561216 master_component.cc:1467] DisposeModel rwt
I0406 16:40:29.181565 135561216 master_component.cc:1057] FitOffline: ItemsProcessed, num_items=1728, num_batches=2, token_weight=808522, token_weight_in_effect=808522
I0406 16:40:29.199445 2924262208 c_interface.cc:562] Pass GetScoreValueArgs, score_name=^^^ItemsProcessedScore^^^ to MasterComponent::Request
I0406 16:40:29.199498 2924262208 c_interface.cc:231] ArtmCopyRequestedMessage is copying 46 bytes...
I0406 16:40:29.200142 135561216 c_interface.cc:389] Pass FitOfflineMasterModelArgs, batch_filename_size=2, batch_weight_size=2, num_collection_passes=1 to MN4artm4core15MasterComponentEFvRKNS_25FitOfflineMasterModelArgsEE
I0406 16:40:29.200165 135561216 master_component.cc:1392] ProcessBatchesArgs: nwt_target_name=nwt, batch_filename_size=2, batch_size=0, batch_weight_size=2, pwt_source_name=pwt, num_document_passes=10, regularizer=(name:SparsePhi1, tau:100000), reuse_theta=no, opt_for_avx=yes, predict_class_id=
I0406 16:40:29.248630 150327296 processor.cc:747] Processing queue has data, processing started
I0406 16:40:29.257403 149254144 processor.cc:747] Processing queue has data, processing started
I0406 16:40:29.272745 150327296 processor.cc:820] Processor: start processing batch 00ce3e08-5fa6-4508-b507-567d4f0cdafa into model nwt
I0406 16:40:29.273562 149254144 processor.cc:820] Processor: start processing batch 8b71d27b-f04c-426d-ac04-ee7da552b883 into model nwt
I0406 16:40:29.818388 149254144 processor.cc:925] Processor: complete processing batch 8b71d27b-f04c-426d-ac04-ee7da552b883 into model nwt
I0406 16:40:29.830726 149254144 cuckoo_watch.h:45] 573ms in ProcessBatch(batches/aaaaaa.batch) [including 16ms in LoadMessage; 3ms in InitializeSparseNdw; 0ms in InitializeTheta; 0ms in CreateRegularizerAgents; 368ms in InferThetaAndUpdateNwtSparse; 173ms in CalculateScore(^^^ItemsProcessedScore^^^); ]
I0406 16:40:29.855798 149254144 processor.cc:740] No data in processing queue, waiting...
I0406 16:40:30.201371 2924262208 c_interface.cc:562] Pass GetScoreValueArgs, score_name=^^^ItemsProcessedScore^^^ to MasterComponent::Request
I0406 16:40:30.201421 2924262208 c_interface.cc:231] ArtmCopyRequestedMessage is copying 46 bytes...
I0406 16:40:30.526499 150327296 processor.cc:925] Processor: complete processing batch 00ce3e08-5fa6-4508-b507-567d4f0cdafa into model nwt
I0406 16:40:30.536041 150327296 cuckoo_watch.h:45] 1287ms in ProcessBatch(batches/aaaaab.batch) [including 24ms in LoadMessage; 9ms in InitializeSparseNdw; 0ms in InitializeTheta; 0ms in CreateRegularizerAgents; 974ms in InferThetaAndUpdateNwtSparse; 269ms in CalculateScore(^^^ItemsProcessedScore^^^); ]
I0406 16:40:30.537078 135561216 master_component.cc:1430] RegularizeModelArgs: rwt_target_name=rwt, pwt_source_name=pwt, nwt_source_name=nwt
I0406 16:40:30.537137 135561216 master_component.cc:974] MasterComponent: start regularizing model pwt
I0406 16:40:30.560073 150327296 processor.cc:740] No data in processing queue, waiting...
I0406 16:40:30.763481 135561216 master_component.cc:1000] MasterComponent: complete regularizing model pwt
I0406 16:40:30.763509 135561216 master_component.cc:1443] NormalizeModelArgs: pwt_target_name=pwt, nwt_source_name=nwt, rwt_source_name=rwt
I0406 16:40:30.763521 135561216 master_component.cc:1004] MasterComponent: start normalizing model nwt
I0406 16:40:30.912489 135561216 master_component.cc:1032] MasterComponent: complete normalizing model nwt
I0406 16:40:31.045588 135561216 master_component.cc:1467] DisposeModel rwt
I0406 16:40:31.077728 135561216 master_component.cc:1057] FitOffline: ItemsProcessed, num_items=1728, num_batches=2, token_weight=808522, token_weight_in_effect=808522
I0406 16:40:31.098573 2924262208 c_interface.cc:562] Pass GetScoreValueArgs, score_name=^^^ItemsProcessedScore^^^ to MasterComponent::Request
I0406 16:40:31.098628 2924262208 c_interface.cc:231] ArtmCopyRequestedMessage is copying 46 bytes...
I0406 16:40:31.099436 135561216 c_interface.cc:389] Pass FitOfflineMasterModelArgs, batch_filename_size=2, batch_weight_size=2, num_collection_passes=1 to MN4artm4core15MasterComponentEFvRKNS_25FitOfflineMasterModelArgsEE
I0406 16:40:31.099459 135561216 master_component.cc:1392] ProcessBatchesArgs: nwt_target_name=nwt, batch_filename_size=2, batch_size=0, batch_weight_size=2, pwt_source_name=pwt, num_document_passes=10, regularizer=(name:SparsePhi1, tau:100000), reuse_theta=no, opt_for_avx=yes, predict_class_id=
I0406 16:40:31.148617 149790720 processor.cc:747] Processing queue has data, processing started
I0406 16:40:31.161983 149254144 processor.cc:747] Processing queue has data, processing started
I0406 16:40:31.172473 149790720 processor.cc:820] Processor: start processing batch 00ce3e08-5fa6-4508-b507-567d4f0cdafa into model nwt
I0406 16:40:31.178941 149254144 processor.cc:820] Processor: start processing batch 8b71d27b-f04c-426d-ac04-ee7da552b883 into model nwt
I0406 16:40:31.671319 149254144 processor.cc:925] Processor: complete processing batch 8b71d27b-f04c-426d-ac04-ee7da552b883 into model nwt
I0406 16:40:31.681324 149254144 cuckoo_watch.h:45] 519ms in ProcessBatch(batches/aaaaaa.batch) [including 16ms in LoadMessage; 2ms in InitializeSparseNdw; 0ms in InitializeTheta; 0ms in CreateRegularizerAgents; 394ms in InferThetaAndUpdateNwtSparse; 96ms in CalculateScore(^^^ItemsProcessedScore^^^); ]
I0406 16:40:31.725814 149254144 processor.cc:740] No data in processing queue, waiting...
I0406 16:40:32.100107 2924262208 c_interface.cc:562] Pass GetScoreValueArgs, score_name=^^^ItemsProcessedScore^^^ to MasterComponent::Request
I0406 16:40:32.100162 2924262208 c_interface.cc:231] ArtmCopyRequestedMessage is copying 46 bytes...
I0406 16:40:32.328573 149790720 processor.cc:925] Processor: complete processing batch 00ce3e08-5fa6-4508-b507-567d4f0cdafa into model nwt
I0406 16:40:32.346873 149790720 cuckoo_watch.h:45] 1198ms in ProcessBatch(batches/aaaaab.batch) [including 23ms in LoadMessage; 8ms in InitializeSparseNdw; 0ms in InitializeTheta; 0ms in CreateRegularizerAgents; 777ms in InferThetaAndUpdateNwtSparse; 369ms in CalculateScore(^^^ItemsProcessedScore^^^); ]
I0406 16:40:32.348119 135561216 master_component.cc:1430] RegularizeModelArgs: rwt_target_name=rwt, pwt_source_name=pwt, nwt_source_name=nwt
I0406 16:40:32.348155 135561216 master_component.cc:974] MasterComponent: start regularizing model pwt
I0406 16:40:32.387185 149790720 processor.cc:740] No data in processing queue, waiting...
I0406 16:40:32.614475 135561216 master_component.cc:1000] MasterComponent: complete regularizing model pwt
I0406 16:40:32.614506 135561216 master_component.cc:1443] NormalizeModelArgs: pwt_target_name=pwt, nwt_source_name=nwt, rwt_source_name=rwt
I0406 16:40:32.614517 135561216 master_component.cc:1004] MasterComponent: start normalizing model nwt
I0406 16:40:32.848784 135561216 master_component.cc:1032] MasterComponent: complete normalizing model nwt
I0406 16:40:33.102149 2924262208 c_interface.cc:562] Pass GetScoreValueArgs, score_name=^^^ItemsProcessedScore^^^ to MasterComponent::Request
I0406 16:40:33.102197 2924262208 c_interface.cc:231] ArtmCopyRequestedMessage is copying 46 bytes...
I0406 16:40:33.110432 135561216 master_component.cc:1467] DisposeModel rwt
I0406 16:40:33.186489 135561216 master_component.cc:1057] FitOffline: ItemsProcessed, num_items=1728, num_batches=2, token_weight=808522, token_weight_in_effect=808522
I0406 16:40:33.217887 2924262208 c_interface.cc:562] Pass GetScoreValueArgs, score_name=^^^ItemsProcessedScore^^^ to MasterComponent::Request
I0406 16:40:33.217945 2924262208 c_interface.cc:231] ArtmCopyRequestedMessage is copying 46 bytes...
I0406 16:40:33.218577 135561216 c_interface.cc:389] Pass FitOfflineMasterModelArgs, batch_filename_size=2, batch_weight_size=2, num_collection_passes=1 to MN4artm4core15MasterComponentEFvRKNS_25FitOfflineMasterModelArgsEE
I0406 16:40:33.218600 135561216 master_component.cc:1392] ProcessBatchesArgs: nwt_target_name=nwt, batch_filename_size=2, batch_size=0, batch_weight_size=2, pwt_source_name=pwt, num_document_passes=10, regularizer=(name:SparsePhi1, tau:100000), reuse_theta=no, opt_for_avx=yes, predict_class_id=
I0406 16:40:33.271792 149254144 processor.cc:747] Processing queue has data, processing started
I0406 16:40:33.283704 148717568 processor.cc:747] Processing queue has data, processing started
I0406 16:40:33.304426 148717568 processor.cc:820] Processor: start processing batch 8b71d27b-f04c-426d-ac04-ee7da552b883 into model nwt
I0406 16:40:33.311764 149254144 processor.cc:820] Processor: start processing batch 00ce3e08-5fa6-4508-b507-567d4f0cdafa into model nwt
I0406 16:40:33.727500 148717568 processor.cc:925] Processor: complete processing batch 8b71d27b-f04c-426d-ac04-ee7da552b883 into model nwt
I0406 16:40:33.734777 148717568 cuckoo_watch.h:45] 451ms in ProcessBatch(batches/aaaaaa.batch) [including 20ms in LoadMessage; 3ms in InitializeSparseNdw; 0ms in InitializeTheta; 0ms in CreateRegularizerAgents; 304ms in InferThetaAndUpdateNwtSparse; 114ms in CalculateScore(^^^ItemsProcessedScore^^^); ]
I0406 16:40:33.759208 148717568 processor.cc:740] No data in processing queue, waiting...
I0406 16:40:34.111949 149254144 processor.cc:925] Processor: complete processing batch 00ce3e08-5fa6-4508-b507-567d4f0cdafa into model nwt
I0406 16:40:34.120065 149254144 cuckoo_watch.h:45] 848ms in ProcessBatch(batches/aaaaab.batch) [including 39ms in LoadMessage; 9ms in InitializeSparseNdw; 0ms in InitializeTheta; 0ms in CreateRegularizerAgents; 582ms in InferThetaAndUpdateNwtSparse; 207ms in CalculateScore(^^^ItemsProcessedScore^^^); ]
I0406 16:40:34.120930 135561216 master_component.cc:1430] RegularizeModelArgs: rwt_target_name=rwt, pwt_source_name=pwt, nwt_source_name=nwt
I0406 16:40:34.121003 135561216 master_component.cc:974] MasterComponent: start regularizing model pwt
I0406 16:40:34.143613 149254144 processor.cc:740] No data in processing queue, waiting...
I0406 16:40:34.219400 2924262208 c_interface.cc:562] Pass GetScoreValueArgs, score_name=^^^ItemsProcessedScore^^^ to MasterComponent::Request
I0406 16:40:34.219444 2924262208 c_interface.cc:231] ArtmCopyRequestedMessage is copying 46 bytes...
I0406 16:40:34.420270 135561216 master_component.cc:1000] MasterComponent: complete regularizing model pwt
I0406 16:40:34.420296 135561216 master_component.cc:1443] NormalizeModelArgs: pwt_target_name=pwt, nwt_source_name=nwt, rwt_source_name=rwt
I0406 16:40:34.420306 135561216 master_component.cc:1004] MasterComponent: start normalizing model nwt
I0406 16:40:34.582024 135561216 master_component.cc:1032] MasterComponent: complete normalizing model nwt
I0406 16:40:34.715159 135561216 master_component.cc:1467] DisposeModel rwt
I0406 16:40:34.750871 135561216 master_component.cc:1057] FitOffline: ItemsProcessed, num_items=1728, num_batches=2, token_weight=808522, token_weight_in_effect=808522
I0406 16:40:34.751610 2924262208 c_interface.cc:562] Pass GetScoreValueArgs, score_name=^^^ItemsProcessedScore^^^ to MasterComponent::Request
I0406 16:40:34.751654 2924262208 c_interface.cc:231] ArtmCopyRequestedMessage is copying 46 bytes...
I0406 16:40:34.752251 135561216 c_interface.cc:389] Pass FitOfflineMasterModelArgs, batch_filename_size=2, batch_weight_size=2, num_collection_passes=1 to MN4artm4core15MasterComponentEFvRKNS_25FitOfflineMasterModelArgsEE
I0406 16:40:34.752271 135561216 master_component.cc:1392] ProcessBatchesArgs: nwt_target_name=nwt, batch_filename_size=2, batch_size=0, batch_weight_size=2, pwt_source_name=pwt, num_document_passes=10, regularizer=(name:SparsePhi1, tau:100000), reuse_theta=no, opt_for_avx=yes, predict_class_id=
I0406 16:40:34.793650 149790720 processor.cc:747] Processing queue has data, processing started
I0406 16:40:34.800315 149254144 processor.cc:747] Processing queue has data, processing started
I0406 16:40:34.816393 149254144 processor.cc:820] Processor: start processing batch 8b71d27b-f04c-426d-ac04-ee7da552b883 into model nwt
I0406 16:40:34.819954 149790720 processor.cc:820] Processor: start processing batch 00ce3e08-5fa6-4508-b507-567d4f0cdafa into model nwt
I0406 16:40:35.201587 149254144 processor.cc:925] Processor: complete processing batch 8b71d27b-f04c-426d-ac04-ee7da552b883 into model nwt
I0406 16:40:35.220000 149254144 cuckoo_watch.h:45] 419ms in ProcessBatch(batches/aaaaaa.batch) [including 16ms in LoadMessage; 2ms in InitializeSparseNdw; 0ms in InitializeTheta; 0ms in CreateRegularizerAgents; 291ms in InferThetaAndUpdateNwtSparse; 90ms in CalculateScore(^^^ItemsProcessedScore^^^); ]
I0406 16:40:35.294481 149254144 processor.cc:740] No data in processing queue, waiting...
I0406 16:40:35.752575 2924262208 c_interface.cc:562] Pass GetScoreValueArgs, score_name=^^^ItemsProcessedScore^^^ to MasterComponent::Request
I0406 16:40:35.752624 2924262208 c_interface.cc:231] ArtmCopyRequestedMessage is copying 46 bytes...
I0406 16:40:35.925207 149790720 processor.cc:925] Processor: complete processing batch 00ce3e08-5fa6-4508-b507-567d4f0cdafa into model nwt
I0406 16:40:35.932945 149790720 cuckoo_watch.h:45] 1139ms in ProcessBatch(batches/aaaaab.batch) [including 26ms in LoadMessage; 9ms in InitializeSparseNdw; 0ms in InitializeTheta; 0ms in CreateRegularizerAgents; 826ms in InferThetaAndUpdateNwtSparse; 269ms in CalculateScore(^^^ItemsProcessedScore^^^); ]
I0406 16:40:35.933729 135561216 master_component.cc:1430] RegularizeModelArgs: rwt_target_name=rwt, pwt_source_name=pwt, nwt_source_name=nwt
I0406 16:40:35.933759 135561216 master_component.cc:974] MasterComponent: start regularizing model pwt
I0406 16:40:35.958092 149790720 processor.cc:740] No data in processing queue, waiting...
I0406 16:40:36.182695 135561216 master_component.cc:1000] MasterComponent: complete regularizing model pwt
I0406 16:40:36.182720 135561216 master_component.cc:1443] NormalizeModelArgs: pwt_target_name=pwt, nwt_source_name=nwt, rwt_source_name=rwt
I0406 16:40:36.182734 135561216 master_component.cc:1004] MasterComponent: start normalizing model nwt
I0406 16:40:36.373491 135561216 master_component.cc:1032] MasterComponent: complete normalizing model nwt
I0406 16:40:36.561249 135561216 master_component.cc:1467] DisposeModel rwt
I0406 16:40:36.595055 135561216 master_component.cc:1057] FitOffline: ItemsProcessed, num_items=1728, num_batches=2, token_weight=808522, token_weight_in_effect=808522
I0406 16:40:36.640627 2924262208 c_interface.cc:562] Pass GetScoreValueArgs, score_name=^^^ItemsProcessedScore^^^ to MasterComponent::Request
I0406 16:40:36.640681 2924262208 c_interface.cc:231] ArtmCopyRequestedMessage is copying 46 bytes...
I0406 16:40:36.641350 135561216 c_interface.cc:389] Pass FitOfflineMasterModelArgs, batch_filename_size=2, batch_weight_size=2, num_collection_passes=1 to MN4artm4core15MasterComponentEFvRKNS_25FitOfflineMasterModelArgsEE
I0406 16:40:36.641373 135561216 master_component.cc:1392] ProcessBatchesArgs: nwt_target_name=nwt, batch_filename_size=2, batch_size=0, batch_weight_size=2, pwt_source_name=pwt, num_document_passes=10, regularizer=(name:SparsePhi1, tau:100000), reuse_theta=no, opt_for_avx=yes, predict_class_id=
I0406 16:40:36.693136 150327296 processor.cc:747] Processing queue has data, processing started
I0406 16:40:36.703172 148717568 processor.cc:747] Processing queue has data, processing started
I0406 16:40:36.715435 150327296 processor.cc:820] Processor: start processing batch 00ce3e08-5fa6-4508-b507-567d4f0cdafa into model nwt
I0406 16:40:36.719339 148717568 processor.cc:820] Processor: start processing batch 8b71d27b-f04c-426d-ac04-ee7da552b883 into model nwt
I0406 16:40:37.194108 148717568 processor.cc:925] Processor: complete processing batch 8b71d27b-f04c-426d-ac04-ee7da552b883 into model nwt
I0406 16:40:37.202524 148717568 cuckoo_watch.h:45] 499ms in ProcessBatch(batches/aaaaaa.batch) [including 16ms in LoadMessage; 1ms in InitializeSparseNdw; 0ms in InitializeTheta; 0ms in CreateRegularizerAgents; 347ms in InferThetaAndUpdateNwtSparse; 125ms in CalculateScore(^^^ItemsProcessedScore^^^); ]
I0406 16:40:37.224601 148717568 processor.cc:740] No data in processing queue, waiting...
I0406 16:40:37.643493 2924262208 c_interface.cc:562] Pass GetScoreValueArgs, score_name=^^^ItemsProcessedScore^^^ to MasterComponent::Request
I0406 16:40:37.643533 2924262208 c_interface.cc:231] ArtmCopyRequestedMessage is copying 46 bytes...
I0406 16:40:37.710075 150327296 processor.cc:925] Processor: complete processing batch 00ce3e08-5fa6-4508-b507-567d4f0cdafa into model nwt
I0406 16:40:37.719825 150327296 cuckoo_watch.h:45] 1026ms in ProcessBatch(batches/aaaaab.batch) [including 22ms in LoadMessage; 10ms in InitializeSparseNdw; 0ms in InitializeTheta; 0ms in CreateRegularizerAgents; 743ms in InferThetaAndUpdateNwtSparse; 240ms in CalculateScore(^^^ItemsProcessedScore^^^); ]
I0406 16:40:37.720571 135561216 master_component.cc:1430] RegularizeModelArgs: rwt_target_name=rwt, pwt_source_name=pwt, nwt_source_name=nwt
I0406 16:40:37.720597 135561216 master_component.cc:974] MasterComponent: start regularizing model pwt
I0406 16:40:37.742851 150327296 processor.cc:740] No data in processing queue, waiting...
I0406 16:40:38.054306 135561216 master_component.cc:1000] MasterComponent: complete regularizing model pwt
I0406 16:40:38.054329 135561216 master_component.cc:1443] NormalizeModelArgs: pwt_target_name=pwt, nwt_source_name=nwt, rwt_source_name=rwt
I0406 16:40:38.054342 135561216 master_component.cc:1004] MasterComponent: start normalizing model nwt
I0406 16:40:38.323678 135561216 master_component.cc:1032] MasterComponent: complete normalizing model nwt
I0406 16:40:38.509807 135561216 master_component.cc:1467] DisposeModel rwt
I0406 16:40:38.555814 135561216 master_component.cc:1057] FitOffline: ItemsProcessed, num_items=1728, num_batches=2, token_weight=808522, token_weight_in_effect=808522
I0406 16:40:38.603931 2924262208 c_interface.cc:562] Pass GetScoreValueArgs, score_name=^^^ItemsProcessedScore^^^ to MasterComponent::Request
I0406 16:40:38.603981 2924262208 c_interface.cc:231] ArtmCopyRequestedMessage is copying 46 bytes...
I0406 16:40:38.604442 135561216 c_interface.cc:389] Pass FitOfflineMasterModelArgs, batch_filename_size=2, batch_weight_size=2, num_collection_passes=1 to MN4artm4core15MasterComponentEFvRKNS_25FitOfflineMasterModelArgsEE
I0406 16:40:38.604465 135561216 master_component.cc:1392] ProcessBatchesArgs: nwt_target_name=nwt, batch_filename_size=2, batch_size=0, batch_weight_size=2, pwt_source_name=pwt, num_document_passes=10, regularizer=(name:SparsePhi1, tau:100000), reuse_theta=no, opt_for_avx=yes, predict_class_id=
I0406 16:40:38.646315 148717568 processor.cc:747] Processing queue has data, processing started
I0406 16:40:38.658910 149254144 processor.cc:747] Processing queue has data, processing started
I0406 16:40:38.677608 148717568 processor.cc:820] Processor: start processing batch 00ce3e08-5fa6-4508-b507-567d4f0cdafa into model nwt
I0406 16:40:38.679322 149254144 processor.cc:820] Processor: start processing batch 8b71d27b-f04c-426d-ac04-ee7da552b883 into model nwt
I0406 16:40:39.095366 149254144 processor.cc:925] Processor: complete processing batch 8b71d27b-f04c-426d-ac04-ee7da552b883 into model nwt
I0406 16:40:39.104619 149254144 cuckoo_watch.h:45] 445ms in ProcessBatch(batches/aaaaaa.batch) [including 20ms in LoadMessage; 2ms in InitializeSparseNdw; 0ms in InitializeTheta; 0ms in CreateRegularizerAgents; 295ms in InferThetaAndUpdateNwtSparse; 117ms in CalculateScore(^^^ItemsProcessedScore^^^); ]
I0406 16:40:39.130007 149254144 processor.cc:740] No data in processing queue, waiting...
I0406 16:40:39.479882 148717568 processor.cc:925] Processor: complete processing batch 00ce3e08-5fa6-4508-b507-567d4f0cdafa into model nwt
I0406 16:40:39.489783 148717568 cuckoo_watch.h:45] 843ms in ProcessBatch(batches/aaaaab.batch) [including 31ms in LoadMessage; 9ms in InitializeSparseNdw; 0ms in InitializeTheta; 0ms in CreateRegularizerAgents; 661ms in InferThetaAndUpdateNwtSparse; 130ms in CalculateScore(^^^ItemsProcessedScore^^^); ]
I0406 16:40:39.490106 135561216 master_component.cc:1430] RegularizeModelArgs: rwt_target_name=rwt, pwt_source_name=pwt, nwt_source_name=nwt
I0406 16:40:39.490130 135561216 master_component.cc:974] MasterComponent: start regularizing model pwt
I0406 16:40:39.513113 148717568 processor.cc:740] No data in processing queue, waiting...
I0406 16:40:39.607590 2924262208 c_interface.cc:562] Pass GetScoreValueArgs, score_name=^^^ItemsProcessedScore^^^ to MasterComponent::Request
I0406 16:40:39.607627 2924262208 c_interface.cc:231] ArtmCopyRequestedMessage is copying 46 bytes...
I0406 16:40:39.669925 135561216 master_component.cc:1000] MasterComponent: complete regularizing model pwt
I0406 16:40:39.669945 135561216 master_component.cc:1443] NormalizeModelArgs: pwt_target_name=pwt, nwt_source_name=nwt, rwt_source_name=rwt
I0406 16:40:39.669953 135561216 master_component.cc:1004] MasterComponent: start normalizing model nwt
I0406 16:40:39.799118 135561216 master_component.cc:1032] MasterComponent: complete normalizing model nwt
I0406 16:40:39.904954 135561216 master_component.cc:1467] DisposeModel rwt
I0406 16:40:39.933584 135561216 master_component.cc:1057] FitOffline: ItemsProcessed, num_items=1728, num_batches=2, token_weight=808522, token_weight_in_effect=808522
I0406 16:40:39.939695 2924262208 c_interface.cc:562] Pass GetScoreValueArgs, score_name=^^^ItemsProcessedScore^^^ to MasterComponent::Request
I0406 16:40:39.939733 2924262208 c_interface.cc:231] ArtmCopyRequestedMessage is copying 46 bytes...
I0406 16:40:39.940197 135561216 c_interface.cc:389] Pass FitOfflineMasterModelArgs, batch_filename_size=2, batch_weight_size=2, num_collection_passes=1 to MN4artm4core15MasterComponentEFvRKNS_25FitOfflineMasterModelArgsEE
I0406 16:40:39.940214 135561216 master_component.cc:1392] ProcessBatchesArgs: nwt_target_name=nwt, batch_filename_size=2, batch_size=0, batch_weight_size=2, pwt_source_name=pwt, num_document_passes=10, regularizer=(name:SparsePhi1, tau:100000), reuse_theta=no, opt_for_avx=yes, predict_class_id=
I0406 16:40:39.966780 149790720 processor.cc:747] Processing queue has data, processing started
I0406 16:40:39.977175 150327296 processor.cc:747] Processing queue has data, processing started
I0406 16:40:39.989483 150327296 processor.cc:820] Processor: start processing batch 8b71d27b-f04c-426d-ac04-ee7da552b883 into model nwt
I0406 16:40:39.990316 149790720 processor.cc:820] Processor: start processing batch 00ce3e08-5fa6-4508-b507-567d4f0cdafa into model nwt
I0406 16:40:40.400075 150327296 processor.cc:925] Processor: complete processing batch 8b71d27b-f04c-426d-ac04-ee7da552b883 into model nwt
I0406 16:40:40.418949 150327296 cuckoo_watch.h:45] 441ms in ProcessBatch(batches/aaaaaa.batch) [including 12ms in LoadMessage; 1ms in InitializeSparseNdw; 0ms in InitializeTheta; 0ms in CreateRegularizerAgents; 296ms in InferThetaAndUpdateNwtSparse; 111ms in CalculateScore(^^^ItemsProcessedScore^^^); ]
I0406 16:40:40.453898 150327296 processor.cc:740] No data in processing queue, waiting...
I0406 16:40:40.866163 149790720 processor.cc:925] Processor: complete processing batch 00ce3e08-5fa6-4508-b507-567d4f0cdafa into model nwt
I0406 16:40:40.874922 135561216 master_component.cc:1430] RegularizeModelArgs: rwt_target_name=rwt, pwt_source_name=pwt, nwt_source_name=nwt
I0406 16:40:40.874945 135561216 master_component.cc:974] MasterComponent: start regularizing model pwt
I0406 16:40:40.874940 149790720 cuckoo_watch.h:45] 908ms in ProcessBatch(batches/aaaaab.batch) [including 23ms in LoadMessage; 8ms in InitializeSparseNdw; 0ms in InitializeTheta; 0ms in CreateRegularizerAgents; 641ms in InferThetaAndUpdateNwtSparse; 225ms in CalculateScore(^^^ItemsProcessedScore^^^); ]
I0406 16:40:40.898972 149790720 processor.cc:740] No data in processing queue, waiting...
I0406 16:40:40.942535 2924262208 c_interface.cc:562] Pass GetScoreValueArgs, score_name=^^^ItemsProcessedScore^^^ to MasterComponent::Request
I0406 16:40:40.942584 2924262208 c_interface.cc:231] ArtmCopyRequestedMessage is copying 46 bytes...
I0406 16:40:41.047008 135561216 master_component.cc:1000] MasterComponent: complete regularizing model pwt
I0406 16:40:41.047029 135561216 master_component.cc:1443] NormalizeModelArgs: pwt_target_name=pwt, nwt_source_name=nwt, rwt_source_name=rwt
I0406 16:40:41.047036 135561216 master_component.cc:1004] MasterComponent: start normalizing model nwt
I0406 16:40:41.185122 135561216 master_component.cc:1032] MasterComponent: complete normalizing model nwt
I0406 16:40:41.325901 135561216 master_component.cc:1467] DisposeModel rwt
I0406 16:40:41.353629 135561216 master_component.cc:1057] FitOffline: ItemsProcessed, num_items=1728, num_batches=2, token_weight=808522, token_weight_in_effect=808522
I0406 16:40:41.385403 2924262208 c_interface.cc:562] Pass GetScoreValueArgs, score_name=^^^ItemsProcessedScore^^^ to MasterComponent::Request
I0406 16:40:41.385442 2924262208 c_interface.cc:231] ArtmCopyRequestedMessage is copying 46 bytes...
I0406 16:40:41.385952 135561216 c_interface.cc:389] Pass FitOfflineMasterModelArgs, batch_filename_size=2, batch_weight_size=2, num_collection_passes=1 to MN4artm4core15MasterComponentEFvRKNS_25FitOfflineMasterModelArgsEE
I0406 16:40:41.385996 135561216 master_component.cc:1392] ProcessBatchesArgs: nwt_target_name=nwt, batch_filename_size=2, batch_size=0, batch_weight_size=2, pwt_source_name=pwt, num_document_passes=10, regularizer=(name:SparsePhi1, tau:100000), reuse_theta=no, opt_for_avx=yes, predict_class_id=
I0406 16:40:41.415545 148717568 processor.cc:747] Processing queue has data, processing started
I0406 16:40:41.421813 149254144 processor.cc:747] Processing queue has data, processing started
I0406 16:40:41.430238 148717568 processor.cc:820] Processor: start processing batch 00ce3e08-5fa6-4508-b507-567d4f0cdafa into model nwt
I0406 16:40:41.431326 149254144 processor.cc:820] Processor: start processing batch 8b71d27b-f04c-426d-ac04-ee7da552b883 into model nwt
I0406 16:40:41.861188 149254144 processor.cc:925] Processor: complete processing batch 8b71d27b-f04c-426d-ac04-ee7da552b883 into model nwt
I0406 16:40:41.865478 149254144 cuckoo_watch.h:45] 443ms in ProcessBatch(batches/aaaaaa.batch) [including 9ms in LoadMessage; 1ms in InitializeSparseNdw; 0ms in InitializeTheta; 0ms in CreateRegularizerAgents; 329ms in InferThetaAndUpdateNwtSparse; 98ms in CalculateScore(^^^ItemsProcessedScore^^^); ]
I0406 16:40:41.949542 149254144 processor.cc:740] No data in processing queue, waiting...
I0406 16:40:42.385958 2924262208 c_interface.cc:562] Pass GetScoreValueArgs, score_name=^^^ItemsProcessedScore^^^ to MasterComponent::Request
I0406 16:40:42.386001 2924262208 c_interface.cc:231] ArtmCopyRequestedMessage is copying 46 bytes...
I0406 16:40:42.860702 148717568 processor.cc:925] Processor: complete processing batch 00ce3e08-5fa6-4508-b507-567d4f0cdafa into model nwt
I0406 16:40:42.874711 148717568 cuckoo_watch.h:45] 1459ms in ProcessBatch(batches/aaaaab.batch) [including 14ms in LoadMessage; 6ms in InitializeSparseNdw; 0ms in InitializeTheta; 0ms in CreateRegularizerAgents; 1004ms in InferThetaAndUpdateNwtSparse; 418ms in CalculateScore(^^^ItemsProcessedScore^^^); ]
I0406 16:40:42.875715 135561216 master_component.cc:1430] RegularizeModelArgs: rwt_target_name=rwt, pwt_source_name=pwt, nwt_source_name=nwt
I0406 16:40:42.875746 135561216 master_component.cc:974] MasterComponent: start regularizing model pwt
I0406 16:40:42.913556 148717568 processor.cc:740] No data in processing queue, waiting...
I0406 16:40:43.169275 135561216 master_component.cc:1000] MasterComponent: complete regularizing model pwt
I0406 16:40:43.169294 135561216 master_component.cc:1443] NormalizeModelArgs: pwt_target_name=pwt, nwt_source_name=nwt, rwt_source_name=rwt
I0406 16:40:43.169302 135561216 master_component.cc:1004] MasterComponent: start normalizing model nwt
I0406 16:40:43.331813 135561216 master_component.cc:1032] MasterComponent: complete normalizing model nwt
I0406 16:40:43.389372 2924262208 c_interface.cc:562] Pass GetScoreValueArgs, score_name=^^^ItemsProcessedScore^^^ to MasterComponent::Request
I0406 16:40:43.389439 2924262208 c_interface.cc:231] ArtmCopyRequestedMessage is copying 46 bytes...
I0406 16:40:43.442150 135561216 master_component.cc:1467] DisposeModel rwt
I0406 16:40:43.479528 135561216 master_component.cc:1057] FitOffline: ItemsProcessed, num_items=1728, num_batches=2, token_weight=808522, token_weight_in_effect=808522
I0406 16:40:43.508955 2924262208 c_interface.cc:562] Pass GetScoreValueArgs, score_name=^^^ItemsProcessedScore^^^ to MasterComponent::Request
I0406 16:40:43.508998 2924262208 c_interface.cc:231] ArtmCopyRequestedMessage is copying 46 bytes...
I0406 16:40:43.509495 135561216 c_interface.cc:389] Pass FitOfflineMasterModelArgs, batch_filename_size=2, batch_weight_size=2, num_collection_passes=1 to MN4artm4core15MasterComponentEFvRKNS_25FitOfflineMasterModelArgsEE
I0406 16:40:43.509513 135561216 master_component.cc:1392] ProcessBatchesArgs: nwt_target_name=nwt, batch_filename_size=2, batch_size=0, batch_weight_size=2, pwt_source_name=pwt, num_document_passes=10, regularizer=(name:SparsePhi1, tau:100000), reuse_theta=no, opt_for_avx=yes, predict_class_id=
I0406 16:40:43.575501 150327296 processor.cc:747] Processing queue has data, processing started
I0406 16:40:43.584305 149790720 processor.cc:747] Processing queue has data, processing started
I0406 16:40:43.598026 149790720 processor.cc:820] Processor: start processing batch 8b71d27b-f04c-426d-ac04-ee7da552b883 into model nwt
I0406 16:40:43.599993 150327296 processor.cc:820] Processor: start processing batch 00ce3e08-5fa6-4508-b507-567d4f0cdafa into model nwt
I0406 16:40:44.510251 2924262208 c_interface.cc:562] Pass GetScoreValueArgs, score_name=^^^ItemsProcessedScore^^^ to MasterComponent::Request
I0406 16:40:44.510617 2924262208 c_interface.cc:231] ArtmCopyRequestedMessage is copying 31 bytes...
I0406 16:40:44.635960 149790720 processor.cc:925] Processor: complete processing batch 8b71d27b-f04c-426d-ac04-ee7da552b883 into model nwt
I0406 16:40:44.646286 149790720 cuckoo_watch.h:45] 1061ms in ProcessBatch(batches/aaaaaa.batch) [including 13ms in LoadMessage; 1ms in InitializeSparseNdw; 0ms in InitializeTheta; 0ms in CreateRegularizerAgents; 697ms in InferThetaAndUpdateNwtSparse; 338ms in CalculateScore(^^^ItemsProcessedScore^^^); ]
I0406 16:40:44.669904 149790720 processor.cc:740] No data in processing queue, waiting...
I0406 16:40:45.221237 150327296 processor.cc:925] Processor: complete processing batch 00ce3e08-5fa6-4508-b507-567d4f0cdafa into model nwt
I0406 16:40:45.231223 150327296 cuckoo_watch.h:45] 1655ms in ProcessBatch(batches/aaaaab.batch) [including 24ms in LoadMessage; 11ms in InitializeSparseNdw; 0ms in InitializeTheta; 0ms in CreateRegularizerAgents; 1324ms in InferThetaAndUpdateNwtSparse; 285ms in CalculateScore(^^^ItemsProcessedScore^^^); ]
I0406 16:40:45.232178 135561216 master_component.cc:1430] RegularizeModelArgs: rwt_target_name=rwt, pwt_source_name=pwt, nwt_source_name=nwt
I0406 16:40:45.232203 135561216 master_component.cc:974] MasterComponent: start regularizing model pwt
I0406 16:40:45.254999 150327296 processor.cc:740] No data in processing queue, waiting...
I0406 16:40:45.440351 135561216 master_component.cc:1000] MasterComponent: complete regularizing model pwt
I0406 16:40:45.440376 135561216 master_component.cc:1443] NormalizeModelArgs: pwt_target_name=pwt, nwt_source_name=nwt, rwt_source_name=rwt
I0406 16:40:45.440387 135561216 master_component.cc:1004] MasterComponent: start normalizing model nwt
I0406 16:40:45.513406 2924262208 c_interface.cc:562] Pass GetScoreValueArgs, score_name=^^^ItemsProcessedScore^^^ to MasterComponent::Request
I0406 16:40:45.513455 2924262208 c_interface.cc:231] ArtmCopyRequestedMessage is copying 46 bytes...
I0406 16:40:45.582514 135561216 master_component.cc:1032] MasterComponent: complete normalizing model nwt
I0406 16:40:45.700255 135561216 master_component.cc:1467] DisposeModel rwt
I0406 16:40:45.730135 135561216 master_component.cc:1057] FitOffline: ItemsProcessed, num_items=1728, num_batches=2, token_weight=808522, token_weight_in_effect=808522
I0406 16:40:45.744261 2924262208 c_interface.cc:562] Pass GetScoreValueArgs, score_name=^^^ItemsProcessedScore^^^ to MasterComponent::Request
I0406 16:40:45.744313 2924262208 c_interface.cc:231] ArtmCopyRequestedMessage is copying 46 bytes...
I0406 16:40:45.744931 135561216 c_interface.cc:389] Pass FitOfflineMasterModelArgs, batch_filename_size=2, batch_weight_size=2, num_collection_passes=1 to MN4artm4core15MasterComponentEFvRKNS_25FitOfflineMasterModelArgsEE
I0406 16:40:45.744957 135561216 master_component.cc:1392] ProcessBatchesArgs: nwt_target_name=nwt, batch_filename_size=2, batch_size=0, batch_weight_size=2, pwt_source_name=pwt, num_document_passes=10, regularizer=(name:SparsePhi1, tau:100000), reuse_theta=no, opt_for_avx=yes, predict_class_id=
I0406 16:40:45.786595 148717568 processor.cc:747] Processing queue has data, processing started
I0406 16:40:45.794903 150327296 processor.cc:747] Processing queue has data, processing started
I0406 16:40:45.811657 150327296 processor.cc:820] Processor: start processing batch 8b71d27b-f04c-426d-ac04-ee7da552b883 into model nwt
I0406 16:40:45.811744 148717568 processor.cc:820] Processor: start processing batch 00ce3e08-5fa6-4508-b507-567d4f0cdafa into model nwt
I0406 16:40:46.182287 150327296 processor.cc:925] Processor: complete processing batch 8b71d27b-f04c-426d-ac04-ee7da552b883 into model nwt
I0406 16:40:46.189160 150327296 cuckoo_watch.h:45] 394ms in ProcessBatch(batches/aaaaaa.batch) [including 16ms in LoadMessage; 2ms in InitializeSparseNdw; 0ms in InitializeTheta; 0ms in CreateRegularizerAgents; 282ms in InferThetaAndUpdateNwtSparse; 85ms in CalculateScore(^^^ItemsProcessedScore^^^); ]
I0406 16:40:46.213187 150327296 processor.cc:740] No data in processing queue, waiting...
I0406 16:40:46.748935 2924262208 c_interface.cc:562] Pass GetScoreValueArgs, score_name=^^^ItemsProcessedScore^^^ to MasterComponent::Request
I0406 16:40:46.748994 2924262208 c_interface.cc:231] ArtmCopyRequestedMessage is copying 46 bytes...
I0406 16:40:46.759716 148717568 processor.cc:925] Processor: complete processing batch 00ce3e08-5fa6-4508-b507-567d4f0cdafa into model nwt
I0406 16:40:46.767670 148717568 cuckoo_watch.h:45] 981ms in ProcessBatch(batches/aaaaab.batch) [including 25ms in LoadMessage; 10ms in InitializeSparseNdw; 0ms in InitializeTheta; 0ms in CreateRegularizerAgents; 754ms in InferThetaAndUpdateNwtSparse; 182ms in CalculateScore(^^^ItemsProcessedScore^^^); ]
I0406 16:40:46.768674 135561216 master_component.cc:1430] RegularizeModelArgs: rwt_target_name=rwt, pwt_source_name=pwt, nwt_source_name=nwt
I0406 16:40:46.768723 135561216 master_component.cc:974] MasterComponent: start regularizing model pwt
I0406 16:40:46.792469 148717568 processor.cc:740] No data in processing queue, waiting...
I0406 16:40:46.967353 135561216 master_component.cc:1000] MasterComponent: complete regularizing model pwt
I0406 16:40:46.967373 135561216 master_component.cc:1443] NormalizeModelArgs: pwt_target_name=pwt, nwt_source_name=nwt, rwt_source_name=rwt
I0406 16:40:46.967381 135561216 master_component.cc:1004] MasterComponent: start normalizing model nwt
I0406 16:40:47.146451 135561216 master_component.cc:1032] MasterComponent: complete normalizing model nwt
I0406 16:40:47.271129 135561216 master_component.cc:1467] DisposeModel rwt
I0406 16:40:47.315827 135561216 master_component.cc:1057] FitOffline: ItemsProcessed, num_items=1728, num_batches=2, token_weight=808522, token_weight_in_effect=808522
I0406 16:40:47.347012 2924262208 c_interface.cc:562] Pass GetScoreValueArgs, score_name=^^^ItemsProcessedScore^^^ to MasterComponent::Request
I0406 16:40:47.347070 2924262208 c_interface.cc:231] ArtmCopyRequestedMessage is copying 46 bytes...
I0406 16:40:47.347594 135561216 c_interface.cc:389] Pass FitOfflineMasterModelArgs, batch_filename_size=2, batch_weight_size=2, num_collection_passes=1 to MN4artm4core15MasterComponentEFvRKNS_25FitOfflineMasterModelArgsEE
I0406 16:40:47.347610 135561216 master_component.cc:1392] ProcessBatchesArgs: nwt_target_name=nwt, batch_filename_size=2, batch_size=0, batch_weight_size=2, pwt_source_name=pwt, num_document_passes=10, regularizer=(name:SparsePhi1, tau:100000), reuse_theta=no, opt_for_avx=yes, predict_class_id=
I0406 16:40:47.390853 148717568 processor.cc:747] Processing queue has data, processing started
I0406 16:40:47.399507 149254144 processor.cc:747] Processing queue has data, processing started
I0406 16:40:47.414979 149254144 processor.cc:820] Processor: start processing batch 8b71d27b-f04c-426d-ac04-ee7da552b883 into model nwt
I0406 16:40:47.421161 148717568 processor.cc:820] Processor: start processing batch 00ce3e08-5fa6-4508-b507-567d4f0cdafa into model nwt
I0406 16:40:47.886986 149254144 processor.cc:925] Processor: complete processing batch 8b71d27b-f04c-426d-ac04-ee7da552b883 into model nwt
I0406 16:40:47.897459 149254144 cuckoo_watch.h:45] 497ms in ProcessBatch(batches/aaaaaa.batch) [including 15ms in LoadMessage; 2ms in InitializeSparseNdw; 0ms in InitializeTheta; 0ms in CreateRegularizerAgents; 369ms in InferThetaAndUpdateNwtSparse; 100ms in CalculateScore(^^^ItemsProcessedScore^^^); ]
I0406 16:40:47.931103 149254144 processor.cc:740] No data in processing queue, waiting...
I0406 16:40:48.349086 2924262208 c_interface.cc:562] Pass GetScoreValueArgs, score_name=^^^ItemsProcessedScore^^^ to MasterComponent::Request
I0406 16:40:48.349139 2924262208 c_interface.cc:231] ArtmCopyRequestedMessage is copying 46 bytes...
I0406 16:40:48.373090 148717568 processor.cc:925] Processor: complete processing batch 00ce3e08-5fa6-4508-b507-567d4f0cdafa into model nwt
I0406 16:40:48.382550 148717568 cuckoo_watch.h:45] 991ms in ProcessBatch(batches/aaaaab.batch) [including 30ms in LoadMessage; 13ms in InitializeSparseNdw; 0ms in InitializeTheta; 0ms in CreateRegularizerAgents; 733ms in InferThetaAndUpdateNwtSparse; 205ms in CalculateScore(^^^ItemsProcessedScore^^^); ]
I0406 16:40:48.383249 135561216 master_component.cc:1430] RegularizeModelArgs: rwt_target_name=rwt, pwt_source_name=pwt, nwt_source_name=nwt
I0406 16:40:48.383280 135561216 master_component.cc:974] MasterComponent: start regularizing model pwt
I0406 16:40:48.408257 148717568 processor.cc:740] No data in processing queue, waiting...
I0406 16:40:48.553225 135561216 master_component.cc:1000] MasterComponent: complete regularizing model pwt
I0406 16:40:48.553247 135561216 master_component.cc:1443] NormalizeModelArgs: pwt_target_name=pwt, nwt_source_name=nwt, rwt_source_name=rwt
I0406 16:40:48.553256 135561216 master_component.cc:1004] MasterComponent: start normalizing model nwt
I0406 16:40:48.670181 135561216 master_component.cc:1032] MasterComponent: complete normalizing model nwt
I0406 16:40:48.783327 135561216 master_component.cc:1467] DisposeModel rwt
I0406 16:40:48.811538 135561216 master_component.cc:1057] FitOffline: ItemsProcessed, num_items=1728, num_batches=2, token_weight=808522, token_weight_in_effect=808522
I0406 16:40:48.836498 2924262208 c_interface.cc:562] Pass GetScoreValueArgs, score_name=^^^ItemsProcessedScore^^^ to MasterComponent::Request
I0406 16:40:48.836549 2924262208 c_interface.cc:231] ArtmCopyRequestedMessage is copying 46 bytes...
I0406 16:40:48.837203 135561216 c_interface.cc:389] Pass FitOfflineMasterModelArgs, batch_filename_size=2, batch_weight_size=2, num_collection_passes=1 to MN4artm4core15MasterComponentEFvRKNS_25FitOfflineMasterModelArgsEE
I0406 16:40:48.837227 135561216 master_component.cc:1392] ProcessBatchesArgs: nwt_target_name=nwt, batch_filename_size=2, batch_size=0, batch_weight_size=2, pwt_source_name=pwt, num_document_passes=10, regularizer=(name:SparsePhi1, tau:100000), reuse_theta=no, opt_for_avx=yes, predict_class_id=
I0406 16:40:48.882220 149254144 processor.cc:747] Processing queue has data, processing started
I0406 16:40:48.893123 150327296 processor.cc:747] Processing queue has data, processing started
I0406 16:40:48.905977 149254144 processor.cc:820] Processor: start processing batch 00ce3e08-5fa6-4508-b507-567d4f0cdafa into model nwt
I0406 16:40:48.908529 150327296 processor.cc:820] Processor: start processing batch 8b71d27b-f04c-426d-ac04-ee7da552b883 into model nwt
I0406 16:40:49.264258 150327296 processor.cc:925] Processor: complete processing batch 8b71d27b-f04c-426d-ac04-ee7da552b883 into model nwt
I0406 16:40:49.271903 150327296 cuckoo_watch.h:45] 378ms in ProcessBatch(batches/aaaaaa.batch) [including 15ms in LoadMessage; 2ms in InitializeSparseNdw; 0ms in InitializeTheta; 0ms in CreateRegularizerAgents; 270ms in InferThetaAndUpdateNwtSparse; 82ms in CalculateScore(^^^ItemsProcessedScore^^^); ]
I0406 16:40:49.295913 150327296 processor.cc:740] No data in processing queue, waiting...
I0406 16:40:49.716656 149254144 processor.cc:925] Processor: complete processing batch 00ce3e08-5fa6-4508-b507-567d4f0cdafa into model nwt
I0406 16:40:49.725219 149254144 cuckoo_watch.h:45] 842ms in ProcessBatch(batches/aaaaab.batch) [including 23ms in LoadMessage; 9ms in InitializeSparseNdw; 0ms in InitializeTheta; 0ms in CreateRegularizerAgents; 649ms in InferThetaAndUpdateNwtSparse; 152ms in CalculateScore(^^^ItemsProcessedScore^^^); ]
I0406 16:40:49.725860 135561216 master_component.cc:1430] RegularizeModelArgs: rwt_target_name=rwt, pwt_source_name=pwt, nwt_source_name=nwt
I0406 16:40:49.725891 135561216 master_component.cc:974] MasterComponent: start regularizing model pwt
I0406 16:40:49.748360 149254144 processor.cc:740] No data in processing queue, waiting...
I0406 16:40:49.842082 2924262208 c_interface.cc:562] Pass GetScoreValueArgs, score_name=^^^ItemsProcessedScore^^^ to MasterComponent::Request
I0406 16:40:49.842137 2924262208 c_interface.cc:231] ArtmCopyRequestedMessage is copying 46 bytes...
I0406 16:40:49.907347 135561216 master_component.cc:1000] MasterComponent: complete regularizing model pwt
I0406 16:40:49.907366 135561216 master_component.cc:1443] NormalizeModelArgs: pwt_target_name=pwt, nwt_source_name=nwt, rwt_source_name=rwt
I0406 16:40:49.907373 135561216 master_component.cc:1004] MasterComponent: start normalizing model nwt
I0406 16:40:50.052583 135561216 master_component.cc:1032] MasterComponent: complete normalizing model nwt
I0406 16:40:50.188642 135561216 master_component.cc:1467] DisposeModel rwt
I0406 16:40:50.252899 135561216 master_component.cc:1057] FitOffline: ItemsProcessed, num_items=1728, num_batches=2, token_weight=808522, token_weight_in_effect=808522
I0406 16:40:50.274724 2924262208 c_interface.cc:562] Pass GetScoreValueArgs, score_name=^^^ItemsProcessedScore^^^ to MasterComponent::Request
I0406 16:40:50.274771 2924262208 c_interface.cc:231] ArtmCopyRequestedMessage is copying 46 bytes...
I0406 16:40:50.275411 135561216 c_interface.cc:389] Pass FitOfflineMasterModelArgs, batch_filename_size=2, batch_weight_size=2, num_collection_passes=1 to MN4artm4core15MasterComponentEFvRKNS_25FitOfflineMasterModelArgsEE
I0406 16:40:50.275436 135561216 master_component.cc:1392] ProcessBatchesArgs: nwt_target_name=nwt, batch_filename_size=2, batch_size=0, batch_weight_size=2, pwt_source_name=pwt, num_document_passes=10, regularizer=(name:SparsePhi1, tau:100000), reuse_theta=no, opt_for_avx=yes, predict_class_id=
I0406 16:40:50.351267 149790720 processor.cc:747] Processing queue has data, processing started
I0406 16:40:50.361822 148717568 processor.cc:747] Processing queue has data, processing started
I0406 16:40:50.375979 149790720 processor.cc:820] Processor: start processing batch 00ce3e08-5fa6-4508-b507-567d4f0cdafa into model nwt
I0406 16:40:50.378543 148717568 processor.cc:820] Processor: start processing batch 8b71d27b-f04c-426d-ac04-ee7da552b883 into model nwt
I0406 16:40:51.016482 148717568 processor.cc:925] Processor: complete processing batch 8b71d27b-f04c-426d-ac04-ee7da552b883 into model nwt
I0406 16:40:51.025190 148717568 cuckoo_watch.h:45] 663ms in ProcessBatch(batches/aaaaaa.batch) [including 16ms in LoadMessage; 3ms in InitializeSparseNdw; 0ms in InitializeTheta; 0ms in CreateRegularizerAgents; 471ms in InferThetaAndUpdateNwtSparse; 163ms in CalculateScore(^^^ItemsProcessedScore^^^); ]
I0406 16:40:51.052003 148717568 processor.cc:740] No data in processing queue, waiting...
I0406 16:40:51.277750 2924262208 c_interface.cc:562] Pass GetScoreValueArgs, score_name=^^^ItemsProcessedScore^^^ to MasterComponent::Request
I0406 16:40:51.277818 2924262208 c_interface.cc:231] ArtmCopyRequestedMessage is copying 46 bytes...
I0406 16:40:51.509835 149790720 processor.cc:925] Processor: complete processing batch 00ce3e08-5fa6-4508-b507-567d4f0cdafa into model nwt
I0406 16:40:51.520113 149790720 cuckoo_watch.h:45] 1168ms in ProcessBatch(batches/aaaaab.batch) [including 24ms in LoadMessage; 10ms in InitializeSparseNdw; 0ms in InitializeTheta; 0ms in CreateRegularizerAgents; 945ms in InferThetaAndUpdateNwtSparse; 177ms in CalculateScore(^^^ItemsProcessedScore^^^); ]
