I0409 14:21:06.431481 253276160 master_component.cc:1000] MasterComponent: complete regularizing model pwt
I0409 14:21:06.431502 253276160 master_component.cc:1443] NormalizeModelArgs: pwt_target_name=pwt, nwt_source_name=nwt, rwt_source_name=rwt
I0409 14:21:06.431510 253276160 master_component.cc:1004] MasterComponent: start normalizing model nwt
I0409 14:21:06.521337 253276160 master_component.cc:1032] MasterComponent: complete normalizing model nwt
I0409 14:21:06.628829 253276160 master_component.cc:1467] DisposeModel rwt
I0409 14:21:06.650609 253276160 master_component.cc:1057] FitOffline: ItemsProcessed, num_items=1728, num_batches=2, token_weight=808522, token_weight_in_effect=808522
I0409 14:21:06.660851 3064288064 c_interface.cc:562] Pass GetScoreValueArgs, score_name=^^^ItemsProcessedScore^^^ to MasterComponent::Request
I0409 14:21:06.660887 3064288064 c_interface.cc:231] ArtmCopyRequestedMessage is copying 46 bytes...
I0409 14:21:06.661361 253276160 c_interface.cc:389] Pass FitOfflineMasterModelArgs, batch_filename_size=2, batch_weight_size=2, num_collection_passes=1 to MN4artm4core15MasterComponentEFvRKNS_25FitOfflineMasterModelArgsEE
I0409 14:21:06.661379 253276160 master_component.cc:1392] ProcessBatchesArgs: nwt_target_name=nwt, batch_filename_size=2, batch_size=0, batch_weight_size=2, pwt_source_name=pwt, num_document_passes=1, regularizer=(name:SparsePhi1, tau:100000), class=(text:1), class=(author:1), reuse_theta=yes, opt_for_avx=yes, predict_class_id=
I0409 14:21:06.687252 267505664 processor.cc:747] Processing queue has data, processing started
I0409 14:21:06.693900 266969088 processor.cc:747] Processing queue has data, processing started
I0409 14:21:06.701655 267505664 processor.cc:820] Processor: start processing batch 87f128cc-df89-4b70-b793-950e5f1e893a into model nwt
I0409 14:21:06.703122 266969088 processor.cc:820] Processor: start processing batch 73f5dc9f-6302-4cf6-97af-879c5e20e55a into model nwt
I0409 14:21:06.871177 266969088 processor.cc:925] Processor: complete processing batch 73f5dc9f-6302-4cf6-97af-879c5e20e55a into model nwt
I0409 14:21:06.876708 266969088 cuckoo_watch.h:45] 182ms in ProcessBatch(batches/aaaaaa.batch) [including 9ms in LoadMessage; 10ms in InitializeSparseNdw; 0ms in FindReuseThetaCacheEntry; 8ms in InitializeTheta; 0ms in CreateRegularizerAgents; 94ms in InferThetaAndUpdateNwtSparse; 0ms in UpdateCacheEntry; 54ms in CalculateScore(^^^ItemsProcessedScore^^^); ]
I0409 14:21:06.900509 266969088 processor.cc:740] No data in processing queue, waiting...
I0409 14:21:07.022883 267505664 processor.cc:925] Processor: complete processing batch 87f128cc-df89-4b70-b793-950e5f1e893a into model nwt
I0409 14:21:07.029814 267505664 cuckoo_watch.h:45] 342ms in ProcessBatch(batches/aaaaab.batch) [including 14ms in LoadMessage; 23ms in InitializeSparseNdw; 0ms in FindReuseThetaCacheEntry; 3ms in InitializeTheta; 0ms in CreateRegularizerAgents; 187ms in InferThetaAndUpdateNwtSparse; 0ms in UpdateCacheEntry; 106ms in CalculateScore(^^^ItemsProcessedScore^^^); ]
I0409 14:21:07.030120 253276160 master_component.cc:1430] RegularizeModelArgs: rwt_target_name=rwt, pwt_source_name=pwt, nwt_source_name=nwt
I0409 14:21:07.030144 253276160 master_component.cc:974] MasterComponent: start regularizing model pwt
I0409 14:21:07.053596 267505664 processor.cc:740] No data in processing queue, waiting...
I0409 14:21:07.165611 253276160 master_component.cc:1000] MasterComponent: complete regularizing model pwt
I0409 14:21:07.165632 253276160 master_component.cc:1443] NormalizeModelArgs: pwt_target_name=pwt, nwt_source_name=nwt, rwt_source_name=rwt
I0409 14:21:07.165640 253276160 master_component.cc:1004] MasterComponent: start normalizing model nwt
I0409 14:21:07.258160 253276160 master_component.cc:1032] MasterComponent: complete normalizing model nwt
I0409 14:21:07.366070 253276160 master_component.cc:1467] DisposeModel rwt
I0409 14:21:07.386366 253276160 master_component.cc:1057] FitOffline: ItemsProcessed, num_items=1728, num_batches=2, token_weight=808522, token_weight_in_effect=808522
I0409 14:21:07.396431 3064288064 c_interface.cc:562] Pass GetScoreValueArgs, score_name=^^^ItemsProcessedScore^^^ to MasterComponent::Request
I0409 14:21:07.396468 3064288064 c_interface.cc:231] ArtmCopyRequestedMessage is copying 46 bytes...
I0409 14:21:07.396927 253276160 c_interface.cc:389] Pass FitOfflineMasterModelArgs, batch_filename_size=2, batch_weight_size=2, num_collection_passes=1 to MN4artm4core15MasterComponentEFvRKNS_25FitOfflineMasterModelArgsEE
I0409 14:21:07.396944 253276160 master_component.cc:1392] ProcessBatchesArgs: nwt_target_name=nwt, batch_filename_size=2, batch_size=0, batch_weight_size=2, pwt_source_name=pwt, num_document_passes=1, regularizer=(name:SparsePhi1, tau:100000), class=(text:1), class=(author:1), reuse_theta=yes, opt_for_avx=yes, predict_class_id=
I0409 14:21:07.421371 268042240 processor.cc:747] Processing queue has data, processing started
I0409 14:21:07.427570 266969088 processor.cc:747] Processing queue has data, processing started
I0409 14:21:07.435585 268042240 processor.cc:820] Processor: start processing batch 87f128cc-df89-4b70-b793-950e5f1e893a into model nwt
I0409 14:21:07.436852 266969088 processor.cc:820] Processor: start processing batch 73f5dc9f-6302-4cf6-97af-879c5e20e55a into model nwt
I0409 14:21:07.618748 266969088 processor.cc:925] Processor: complete processing batch 73f5dc9f-6302-4cf6-97af-879c5e20e55a into model nwt
I0409 14:21:07.624199 266969088 cuckoo_watch.h:45] 196ms in ProcessBatch(batches/aaaaaa.batch) [including 9ms in LoadMessage; 11ms in InitializeSparseNdw; 0ms in FindReuseThetaCacheEntry; 15ms in InitializeTheta; 0ms in CreateRegularizerAgents; 101ms in InferThetaAndUpdateNwtSparse; 0ms in UpdateCacheEntry; 53ms in CalculateScore(^^^ItemsProcessedScore^^^); ]
I0409 14:21:07.648098 266969088 processor.cc:740] No data in processing queue, waiting...
I0409 14:21:07.767913 268042240 processor.cc:925] Processor: complete processing batch 87f128cc-df89-4b70-b793-950e5f1e893a into model nwt
I0409 14:21:07.774178 268042240 cuckoo_watch.h:45] 352ms in ProcessBatch(batches/aaaaab.batch) [including 14ms in LoadMessage; 31ms in InitializeSparseNdw; 0ms in FindReuseThetaCacheEntry; 5ms in InitializeTheta; 0ms in CreateRegularizerAgents; 193ms in InferThetaAndUpdateNwtSparse; 0ms in UpdateCacheEntry; 102ms in CalculateScore(^^^ItemsProcessedScore^^^); ]
I0409 14:21:07.774266 253276160 master_component.cc:1430] RegularizeModelArgs: rwt_target_name=rwt, pwt_source_name=pwt, nwt_source_name=nwt
I0409 14:21:07.774286 253276160 master_component.cc:974] MasterComponent: start regularizing model pwt
I0409 14:21:07.798395 268042240 processor.cc:740] No data in processing queue, waiting...
I0409 14:21:07.911267 253276160 master_component.cc:1000] MasterComponent: complete regularizing model pwt
I0409 14:21:07.911286 253276160 master_component.cc:1443] NormalizeModelArgs: pwt_target_name=pwt, nwt_source_name=nwt, rwt_source_name=rwt
I0409 14:21:07.911295 253276160 master_component.cc:1004] MasterComponent: start normalizing model nwt
I0409 14:21:08.005738 253276160 master_component.cc:1032] MasterComponent: complete normalizing model nwt
I0409 14:21:08.106866 253276160 master_component.cc:1467] DisposeModel rwt
I0409 14:21:08.125972 253276160 master_component.cc:1057] FitOffline: ItemsProcessed, num_items=1728, num_batches=2, token_weight=808522, token_weight_in_effect=808522
I0409 14:21:08.139313 3064288064 c_interface.cc:562] Pass GetScoreValueArgs, score_name=^^^ItemsProcessedScore^^^ to MasterComponent::Request
I0409 14:21:08.139351 3064288064 c_interface.cc:231] ArtmCopyRequestedMessage is copying 46 bytes...
I0409 14:21:08.139763 253276160 c_interface.cc:389] Pass FitOfflineMasterModelArgs, batch_filename_size=2, batch_weight_size=2, num_collection_passes=1 to MN4artm4core15MasterComponentEFvRKNS_25FitOfflineMasterModelArgsEE
I0409 14:21:08.139780 253276160 master_component.cc:1392] ProcessBatchesArgs: nwt_target_name=nwt, batch_filename_size=2, batch_size=0, batch_weight_size=2, pwt_source_name=pwt, num_document_passes=1, regularizer=(name:SparsePhi1, tau:100000), class=(text:1), class=(author:1), reuse_theta=yes, opt_for_avx=yes, predict_class_id=
I0409 14:21:08.165735 267505664 processor.cc:747] Processing queue has data, processing started
I0409 14:21:08.170779 266432512 processor.cc:747] Processing queue has data, processing started
I0409 14:21:08.180289 266432512 processor.cc:820] Processor: start processing batch 73f5dc9f-6302-4cf6-97af-879c5e20e55a into model nwt
I0409 14:21:08.180516 267505664 processor.cc:820] Processor: start processing batch 87f128cc-df89-4b70-b793-950e5f1e893a into model nwt
I0409 14:21:08.347513 266432512 processor.cc:925] Processor: complete processing batch 73f5dc9f-6302-4cf6-97af-879c5e20e55a into model nwt
I0409 14:21:08.352325 266432512 cuckoo_watch.h:45] 181ms in ProcessBatch(batches/aaaaaa.batch) [including 9ms in LoadMessage; 9ms in InitializeSparseNdw; 0ms in FindReuseThetaCacheEntry; 8ms in InitializeTheta; 0ms in CreateRegularizerAgents; 94ms in InferThetaAndUpdateNwtSparse; 0ms in UpdateCacheEntry; 53ms in CalculateScore(^^^ItemsProcessedScore^^^); ]
I0409 14:21:08.376600 266432512 processor.cc:740] No data in processing queue, waiting...
I0409 14:21:08.514986 267505664 processor.cc:925] Processor: complete processing batch 87f128cc-df89-4b70-b793-950e5f1e893a into model nwt
I0409 14:21:08.523048 267505664 cuckoo_watch.h:45] 357ms in ProcessBatch(batches/aaaaab.batch) [including 14ms in LoadMessage; 25ms in InitializeSparseNdw; 0ms in FindReuseThetaCacheEntry; 4ms in InitializeTheta; 0ms in CreateRegularizerAgents; 192ms in InferThetaAndUpdateNwtSparse; 0ms in UpdateCacheEntry; 111ms in CalculateScore(^^^ItemsProcessedScore^^^); ]
I0409 14:21:08.523100 253276160 master_component.cc:1430] RegularizeModelArgs: rwt_target_name=rwt, pwt_source_name=pwt, nwt_source_name=nwt
I0409 14:21:08.523121 253276160 master_component.cc:974] MasterComponent: start regularizing model pwt
I0409 14:21:08.546284 267505664 processor.cc:740] No data in processing queue, waiting...
I0409 14:21:08.663746 253276160 master_component.cc:1000] MasterComponent: complete regularizing model pwt
I0409 14:21:08.663769 253276160 master_component.cc:1443] NormalizeModelArgs: pwt_target_name=pwt, nwt_source_name=nwt, rwt_source_name=rwt
I0409 14:21:08.663777 253276160 master_component.cc:1004] MasterComponent: start normalizing model nwt
I0409 14:21:08.759413 253276160 master_component.cc:1032] MasterComponent: complete normalizing model nwt
I0409 14:21:08.869473 253276160 master_component.cc:1467] DisposeModel rwt
I0409 14:21:08.888173 253276160 master_component.cc:1057] FitOffline: ItemsProcessed, num_items=1728, num_batches=2, token_weight=808522, token_weight_in_effect=808522
I0409 14:21:08.934012 3064288064 c_interface.cc:562] Pass GetScoreValueArgs, score_name=^^^ItemsProcessedScore^^^ to MasterComponent::Request
I0409 14:21:08.934051 3064288064 c_interface.cc:231] ArtmCopyRequestedMessage is copying 46 bytes...
I0409 14:21:08.934417 253276160 c_interface.cc:389] Pass FitOfflineMasterModelArgs, batch_filename_size=2, batch_weight_size=2, num_collection_passes=1 to MN4artm4core15MasterComponentEFvRKNS_25FitOfflineMasterModelArgsEE
I0409 14:21:08.934434 253276160 master_component.cc:1392] ProcessBatchesArgs: nwt_target_name=nwt, batch_filename_size=2, batch_size=0, batch_weight_size=2, pwt_source_name=pwt, num_document_passes=1, regularizer=(name:SparsePhi1, tau:100000), class=(text:1), class=(author:1), reuse_theta=yes, opt_for_avx=yes, predict_class_id=
I0409 14:21:08.962822 266432512 processor.cc:747] Processing queue has data, processing started
I0409 14:21:08.971791 267505664 processor.cc:747] Processing queue has data, processing started
I0409 14:21:08.980922 266432512 processor.cc:820] Processor: start processing batch 87f128cc-df89-4b70-b793-950e5f1e893a into model nwt
I0409 14:21:08.981328 267505664 processor.cc:820] Processor: start processing batch 73f5dc9f-6302-4cf6-97af-879c5e20e55a into model nwt
I0409 14:21:09.163914 267505664 processor.cc:925] Processor: complete processing batch 73f5dc9f-6302-4cf6-97af-879c5e20e55a into model nwt
I0409 14:21:09.169176 267505664 cuckoo_watch.h:45] 197ms in ProcessBatch(batches/aaaaaa.batch) [including 9ms in LoadMessage; 10ms in InitializeSparseNdw; 0ms in FindReuseThetaCacheEntry; 8ms in InitializeTheta; 0ms in CreateRegularizerAgents; 107ms in InferThetaAndUpdateNwtSparse; 0ms in UpdateCacheEntry; 56ms in CalculateScore(^^^ItemsProcessedScore^^^); ]
I0409 14:21:09.193271 267505664 processor.cc:740] No data in processing queue, waiting...
I0409 14:21:09.321205 266432512 processor.cc:925] Processor: complete processing batch 87f128cc-df89-4b70-b793-950e5f1e893a into model nwt
I0409 14:21:09.329077 266432512 cuckoo_watch.h:45] 366ms in ProcessBatch(batches/aaaaab.batch) [including 18ms in LoadMessage; 24ms in InitializeSparseNdw; 0ms in FindReuseThetaCacheEntry; 3ms in InitializeTheta; 0ms in CreateRegularizerAgents; 198ms in InferThetaAndUpdateNwtSparse; 0ms in UpdateCacheEntry; 113ms in CalculateScore(^^^ItemsProcessedScore^^^); ]
I0409 14:21:09.329916 253276160 master_component.cc:1430] RegularizeModelArgs: rwt_target_name=rwt, pwt_source_name=pwt, nwt_source_name=nwt
I0409 14:21:09.329995 253276160 master_component.cc:974] MasterComponent: start regularizing model pwt
I0409 14:21:09.352524 266432512 processor.cc:740] No data in processing queue, waiting...
I0409 14:21:09.477820 253276160 master_component.cc:1000] MasterComponent: complete regularizing model pwt
I0409 14:21:09.477841 253276160 master_component.cc:1443] NormalizeModelArgs: pwt_target_name=pwt, nwt_source_name=nwt, rwt_source_name=rwt
I0409 14:21:09.477849 253276160 master_component.cc:1004] MasterComponent: start normalizing model nwt
I0409 14:21:09.576612 253276160 master_component.cc:1032] MasterComponent: complete normalizing model nwt
I0409 14:21:09.679028 253276160 master_component.cc:1467] DisposeModel rwt
I0409 14:21:09.697525 253276160 master_component.cc:1057] FitOffline: ItemsProcessed, num_items=1728, num_batches=2, token_weight=808522, token_weight_in_effect=808522
I0409 14:21:09.729491 3064288064 c_interface.cc:562] Pass GetScoreValueArgs, score_name=^^^ItemsProcessedScore^^^ to MasterComponent::Request
I0409 14:21:09.729526 3064288064 c_interface.cc:231] ArtmCopyRequestedMessage is copying 46 bytes...
I0409 14:21:09.730008 253276160 c_interface.cc:389] Pass FitOfflineMasterModelArgs, batch_filename_size=2, batch_weight_size=2, num_collection_passes=1 to MN4artm4core15MasterComponentEFvRKNS_25FitOfflineMasterModelArgsEE
I0409 14:21:09.730026 253276160 master_component.cc:1392] ProcessBatchesArgs: nwt_target_name=nwt, batch_filename_size=2, batch_size=0, batch_weight_size=2, pwt_source_name=pwt, num_document_passes=1, regularizer=(name:SparsePhi1, tau:100000), class=(text:1), class=(author:1), reuse_theta=yes, opt_for_avx=yes, predict_class_id=
I0409 14:21:09.757011 267505664 processor.cc:747] Processing queue has data, processing started
I0409 14:21:09.765940 268042240 processor.cc:747] Processing queue has data, processing started
I0409 14:21:09.775164 267505664 processor.cc:820] Processor: start processing batch 87f128cc-df89-4b70-b793-950e5f1e893a into model nwt
I0409 14:21:09.775578 268042240 processor.cc:820] Processor: start processing batch 73f5dc9f-6302-4cf6-97af-879c5e20e55a into model nwt
I0409 14:21:09.951930 268042240 processor.cc:925] Processor: complete processing batch 73f5dc9f-6302-4cf6-97af-879c5e20e55a into model nwt
I0409 14:21:09.957993 268042240 cuckoo_watch.h:45] 191ms in ProcessBatch(batches/aaaaaa.batch) [including 9ms in LoadMessage; 11ms in InitializeSparseNdw; 0ms in FindReuseThetaCacheEntry; 8ms in InitializeTheta; 0ms in CreateRegularizerAgents; 98ms in InferThetaAndUpdateNwtSparse; 0ms in UpdateCacheEntry; 57ms in CalculateScore(^^^ItemsProcessedScore^^^); ]
I0409 14:21:09.982044 268042240 processor.cc:740] No data in processing queue, waiting...
I0409 14:21:10.121937 267505664 processor.cc:925] Processor: complete processing batch 87f128cc-df89-4b70-b793-950e5f1e893a into model nwt
I0409 14:21:10.129480 267505664 cuckoo_watch.h:45] 372ms in ProcessBatch(batches/aaaaab.batch) [including 18ms in LoadMessage; 24ms in InitializeSparseNdw; 0ms in FindReuseThetaCacheEntry; 3ms in InitializeTheta; 0ms in CreateRegularizerAgents; 194ms in InferThetaAndUpdateNwtSparse; 0ms in UpdateCacheEntry; 124ms in CalculateScore(^^^ItemsProcessedScore^^^); ]
I0409 14:21:10.129667 253276160 master_component.cc:1430] RegularizeModelArgs: rwt_target_name=rwt, pwt_source_name=pwt, nwt_source_name=nwt
I0409 14:21:10.129693 253276160 master_component.cc:974] MasterComponent: start regularizing model pwt
I0409 14:21:10.153712 267505664 processor.cc:740] No data in processing queue, waiting...
I0409 14:21:10.278858 253276160 master_component.cc:1000] MasterComponent: complete regularizing model pwt
I0409 14:21:10.278878 253276160 master_component.cc:1443] NormalizeModelArgs: pwt_target_name=pwt, nwt_source_name=nwt, rwt_source_name=rwt
I0409 14:21:10.278887 253276160 master_component.cc:1004] MasterComponent: start normalizing model nwt
I0409 14:21:10.384057 253276160 master_component.cc:1032] MasterComponent: complete normalizing model nwt
I0409 14:21:10.488065 253276160 master_component.cc:1467] DisposeModel rwt
I0409 14:21:10.508368 253276160 master_component.cc:1057] FitOffline: ItemsProcessed, num_items=1728, num_batches=2, token_weight=808522, token_weight_in_effect=808522
I0409 14:21:10.516806 3064288064 c_interface.cc:562] Pass GetScoreValueArgs, score_name=^^^ItemsProcessedScore^^^ to MasterComponent::Request
I0409 14:21:10.516845 3064288064 c_interface.cc:231] ArtmCopyRequestedMessage is copying 46 bytes...
I0409 14:21:10.517324 253276160 c_interface.cc:389] Pass FitOfflineMasterModelArgs, batch_filename_size=2, batch_weight_size=2, num_collection_passes=1 to MN4artm4core15MasterComponentEFvRKNS_25FitOfflineMasterModelArgsEE
I0409 14:21:10.517341 253276160 master_component.cc:1392] ProcessBatchesArgs: nwt_target_name=nwt, batch_filename_size=2, batch_size=0, batch_weight_size=2, pwt_source_name=pwt, num_document_passes=1, regularizer=(name:SparsePhi1, tau:100000), class=(text:1), class=(author:1), reuse_theta=yes, opt_for_avx=yes, predict_class_id=
I0409 14:21:10.546525 266969088 processor.cc:747] Processing queue has data, processing started
I0409 14:21:10.552839 266432512 processor.cc:747] Processing queue has data, processing started
I0409 14:21:10.561280 266969088 processor.cc:820] Processor: start processing batch 87f128cc-df89-4b70-b793-950e5f1e893a into model nwt
I0409 14:21:10.563068 266432512 processor.cc:820] Processor: start processing batch 73f5dc9f-6302-4cf6-97af-879c5e20e55a into model nwt
I0409 14:21:10.754900 266432512 processor.cc:925] Processor: complete processing batch 73f5dc9f-6302-4cf6-97af-879c5e20e55a into model nwt
I0409 14:21:10.761344 266432512 cuckoo_watch.h:45] 208ms in ProcessBatch(batches/aaaaaa.batch) [including 10ms in LoadMessage; 12ms in InitializeSparseNdw; 0ms in FindReuseThetaCacheEntry; 8ms in InitializeTheta; 0ms in CreateRegularizerAgents; 108ms in InferThetaAndUpdateNwtSparse; 0ms in UpdateCacheEntry; 62ms in CalculateScore(^^^ItemsProcessedScore^^^); ]
I0409 14:21:10.788214 266432512 processor.cc:740] No data in processing queue, waiting...
I0409 14:21:10.937355 266969088 processor.cc:925] Processor: complete processing batch 87f128cc-df89-4b70-b793-950e5f1e893a into model nwt
I0409 14:21:10.945050 266969088 cuckoo_watch.h:45] 398ms in ProcessBatch(batches/aaaaab.batch) [including 14ms in LoadMessage; 24ms in InitializeSparseNdw; 0ms in FindReuseThetaCacheEntry; 3ms in InitializeTheta; 0ms in CreateRegularizerAgents; 224ms in InferThetaAndUpdateNwtSparse; 0ms in UpdateCacheEntry; 122ms in CalculateScore(^^^ItemsProcessedScore^^^); ]
I0409 14:21:10.946143 253276160 master_component.cc:1430] RegularizeModelArgs: rwt_target_name=rwt, pwt_source_name=pwt, nwt_source_name=nwt
I0409 14:21:10.946166 253276160 master_component.cc:974] MasterComponent: start regularizing model pwt
I0409 14:21:10.968017 266969088 processor.cc:740] No data in processing queue, waiting...
I0409 14:21:11.096309 253276160 master_component.cc:1000] MasterComponent: complete regularizing model pwt
I0409 14:21:11.096326 253276160 master_component.cc:1443] NormalizeModelArgs: pwt_target_name=pwt, nwt_source_name=nwt, rwt_source_name=rwt
I0409 14:21:11.096334 253276160 master_component.cc:1004] MasterComponent: start normalizing model nwt
I0409 14:21:11.202073 253276160 master_component.cc:1032] MasterComponent: complete normalizing model nwt
I0409 14:21:11.310921 253276160 master_component.cc:1467] DisposeModel rwt
I0409 14:21:11.331878 253276160 master_component.cc:1057] FitOffline: ItemsProcessed, num_items=1728, num_batches=2, token_weight=808522, token_weight_in_effect=808522
I0409 14:21:11.363740 3064288064 c_interface.cc:562] Pass GetScoreValueArgs, score_name=^^^ItemsProcessedScore^^^ to MasterComponent::Request
I0409 14:21:11.363785 3064288064 c_interface.cc:231] ArtmCopyRequestedMessage is copying 46 bytes...
I0409 14:21:11.364351 253276160 c_interface.cc:389] Pass FitOfflineMasterModelArgs, batch_filename_size=2, batch_weight_size=2, num_collection_passes=1 to MN4artm4core15MasterComponentEFvRKNS_25FitOfflineMasterModelArgsEE
I0409 14:21:11.364367 253276160 master_component.cc:1392] ProcessBatchesArgs: nwt_target_name=nwt, batch_filename_size=2, batch_size=0, batch_weight_size=2, pwt_source_name=pwt, num_document_passes=1, regularizer=(name:SparsePhi1, tau:100000), class=(text:1), class=(author:1), reuse_theta=yes, opt_for_avx=yes, predict_class_id=
I0409 14:21:11.392349 266432512 processor.cc:747] Processing queue has data, processing started
I0409 14:21:11.399408 268042240 processor.cc:747] Processing queue has data, processing started
I0409 14:21:11.407771 266432512 processor.cc:820] Processor: start processing batch 87f128cc-df89-4b70-b793-950e5f1e893a into model nwt
I0409 14:21:11.409219 268042240 processor.cc:820] Processor: start processing batch 73f5dc9f-6302-4cf6-97af-879c5e20e55a into model nwt
I0409 14:21:11.635819 268042240 processor.cc:925] Processor: complete processing batch 73f5dc9f-6302-4cf6-97af-879c5e20e55a into model nwt
I0409 14:21:11.644443 268042240 cuckoo_watch.h:45] 245ms in ProcessBatch(batches/aaaaaa.batch) [including 9ms in LoadMessage; 12ms in InitializeSparseNdw; 0ms in FindReuseThetaCacheEntry; 9ms in InitializeTheta; 0ms in CreateRegularizerAgents; 125ms in InferThetaAndUpdateNwtSparse; 0ms in UpdateCacheEntry; 79ms in CalculateScore(^^^ItemsProcessedScore^^^); ]
I0409 14:21:11.668810 268042240 processor.cc:740] No data in processing queue, waiting...
I0409 14:21:11.813032 266432512 processor.cc:925] Processor: complete processing batch 87f128cc-df89-4b70-b793-950e5f1e893a into model nwt
I0409 14:21:11.820502 266432512 cuckoo_watch.h:45] 428ms in ProcessBatch(batches/aaaaab.batch) [including 15ms in LoadMessage; 26ms in InitializeSparseNdw; 0ms in FindReuseThetaCacheEntry; 5ms in InitializeTheta; 0ms in CreateRegularizerAgents; 237ms in InferThetaAndUpdateNwtSparse; 0ms in UpdateCacheEntry; 136ms in CalculateScore(^^^ItemsProcessedScore^^^); ]
I0409 14:21:11.821323 253276160 master_component.cc:1430] RegularizeModelArgs: rwt_target_name=rwt, pwt_source_name=pwt, nwt_source_name=nwt
I0409 14:21:11.821406 253276160 master_component.cc:974] MasterComponent: start regularizing model pwt
I0409 14:21:11.844911 266432512 processor.cc:740] No data in processing queue, waiting...
I0409 14:21:11.972276 253276160 master_component.cc:1000] MasterComponent: complete regularizing model pwt
I0409 14:21:11.972295 253276160 master_component.cc:1443] NormalizeModelArgs: pwt_target_name=pwt, nwt_source_name=nwt, rwt_source_name=rwt
I0409 14:21:11.972303 253276160 master_component.cc:1004] MasterComponent: start normalizing model nwt
I0409 14:21:12.087785 253276160 master_component.cc:1032] MasterComponent: complete normalizing model nwt
I0409 14:21:12.188715 253276160 master_component.cc:1467] DisposeModel rwt
I0409 14:21:12.209187 253276160 master_component.cc:1057] FitOffline: ItemsProcessed, num_items=1728, num_batches=2, token_weight=808522, token_weight_in_effect=808522
I0409 14:21:12.222559 3064288064 c_interface.cc:562] Pass GetScoreValueArgs, score_name=^^^ItemsProcessedScore^^^ to MasterComponent::Request
I0409 14:21:12.222596 3064288064 c_interface.cc:231] ArtmCopyRequestedMessage is copying 46 bytes...
I0409 14:21:12.223017 253276160 c_interface.cc:389] Pass FitOfflineMasterModelArgs, batch_filename_size=2, batch_weight_size=2, num_collection_passes=1 to MN4artm4core15MasterComponentEFvRKNS_25FitOfflineMasterModelArgsEE
I0409 14:21:12.223042 253276160 master_component.cc:1392] ProcessBatchesArgs: nwt_target_name=nwt, batch_filename_size=2, batch_size=0, batch_weight_size=2, pwt_source_name=pwt, num_document_passes=1, regularizer=(name:SparsePhi1, tau:100000), class=(text:1), class=(author:1), reuse_theta=yes, opt_for_avx=yes, predict_class_id=
I0409 14:21:12.253451 268042240 processor.cc:747] Processing queue has data, processing started
I0409 14:21:12.261072 266969088 processor.cc:747] Processing queue has data, processing started
I0409 14:21:12.270412 268042240 processor.cc:820] Processor: start processing batch 87f128cc-df89-4b70-b793-950e5f1e893a into model nwt
I0409 14:21:12.270944 266969088 processor.cc:820] Processor: start processing batch 73f5dc9f-6302-4cf6-97af-879c5e20e55a into model nwt
I0409 14:21:12.457736 266969088 processor.cc:925] Processor: complete processing batch 73f5dc9f-6302-4cf6-97af-879c5e20e55a into model nwt
I0409 14:21:12.464133 266969088 cuckoo_watch.h:45] 203ms in ProcessBatch(batches/aaaaaa.batch) [including 9ms in LoadMessage; 12ms in InitializeSparseNdw; 0ms in FindReuseThetaCacheEntry; 8ms in InitializeTheta; 0ms in CreateRegularizerAgents; 101ms in InferThetaAndUpdateNwtSparse; 0ms in UpdateCacheEntry; 63ms in CalculateScore(^^^ItemsProcessedScore^^^); ]
I0409 14:21:12.488176 266969088 processor.cc:740] No data in processing queue, waiting...
I0409 14:21:12.619325 268042240 processor.cc:925] Processor: complete processing batch 87f128cc-df89-4b70-b793-950e5f1e893a into model nwt
I0409 14:21:12.626581 268042240 cuckoo_watch.h:45] 373ms in ProcessBatch(batches/aaaaab.batch) [including 16ms in LoadMessage; 25ms in InitializeSparseNdw; 0ms in FindReuseThetaCacheEntry; 3ms in InitializeTheta; 0ms in CreateRegularizerAgents; 201ms in InferThetaAndUpdateNwtSparse; 0ms in UpdateCacheEntry; 117ms in CalculateScore(^^^ItemsProcessedScore^^^); ]
I0409 14:21:12.627928 253276160 master_component.cc:1430] RegularizeModelArgs: rwt_target_name=rwt, pwt_source_name=pwt, nwt_source_name=nwt
I0409 14:21:12.628038 253276160 master_component.cc:974] MasterComponent: start regularizing model pwt
I0409 14:21:12.650739 268042240 processor.cc:740] No data in processing queue, waiting...
I0409 14:21:12.779198 253276160 master_component.cc:1000] MasterComponent: complete regularizing model pwt
I0409 14:21:12.779227 253276160 master_component.cc:1443] NormalizeModelArgs: pwt_target_name=pwt, nwt_source_name=nwt, rwt_source_name=rwt
I0409 14:21:12.779233 253276160 master_component.cc:1004] MasterComponent: start normalizing model nwt
I0409 14:21:12.886919 253276160 master_component.cc:1032] MasterComponent: complete normalizing model nwt
I0409 14:21:12.987493 253276160 master_component.cc:1467] DisposeModel rwt
I0409 14:21:13.009840 253276160 master_component.cc:1057] FitOffline: ItemsProcessed, num_items=1728, num_batches=2, token_weight=808522, token_weight_in_effect=808522
I0409 14:21:13.015362 3064288064 c_interface.cc:562] Pass GetScoreValueArgs, score_name=^^^ItemsProcessedScore^^^ to MasterComponent::Request
I0409 14:21:13.015399 3064288064 c_interface.cc:231] ArtmCopyRequestedMessage is copying 46 bytes...
I0409 14:21:13.015866 253276160 c_interface.cc:389] Pass FitOfflineMasterModelArgs, batch_filename_size=2, batch_weight_size=2, num_collection_passes=1 to MN4artm4core15MasterComponentEFvRKNS_25FitOfflineMasterModelArgsEE
I0409 14:21:13.015882 253276160 master_component.cc:1392] ProcessBatchesArgs: nwt_target_name=nwt, batch_filename_size=2, batch_size=0, batch_weight_size=2, pwt_source_name=pwt, num_document_passes=1, regularizer=(name:SparsePhi1, tau:100000), class=(text:1), class=(author:1), reuse_theta=yes, opt_for_avx=yes, predict_class_id=
I0409 14:21:13.045305 266969088 processor.cc:747] Processing queue has data, processing started
I0409 14:21:13.052162 266432512 processor.cc:747] Processing queue has data, processing started
I0409 14:21:13.060737 266969088 processor.cc:820] Processor: start processing batch 87f128cc-df89-4b70-b793-950e5f1e893a into model nwt
I0409 14:21:13.062150 266432512 processor.cc:820] Processor: start processing batch 73f5dc9f-6302-4cf6-97af-879c5e20e55a into model nwt
I0409 14:21:13.240871 266432512 processor.cc:925] Processor: complete processing batch 73f5dc9f-6302-4cf6-97af-879c5e20e55a into model nwt
I0409 14:21:13.246769 266432512 cuckoo_watch.h:45] 194ms in ProcessBatch(batches/aaaaaa.batch) [including 9ms in LoadMessage; 11ms in InitializeSparseNdw; 0ms in FindReuseThetaCacheEntry; 8ms in InitializeTheta; 0ms in CreateRegularizerAgents; 102ms in InferThetaAndUpdateNwtSparse; 0ms in UpdateCacheEntry; 55ms in CalculateScore(^^^ItemsProcessedScore^^^); ]
I0409 14:21:13.270750 266432512 processor.cc:740] No data in processing queue, waiting...
I0409 14:21:13.400799 266969088 processor.cc:925] Processor: complete processing batch 87f128cc-df89-4b70-b793-950e5f1e893a into model nwt
I0409 14:21:13.408898 266969088 cuckoo_watch.h:45] 363ms in ProcessBatch(batches/aaaaab.batch) [including 15ms in LoadMessage; 24ms in InitializeSparseNdw; 0ms in FindReuseThetaCacheEntry; 5ms in InitializeTheta; 0ms in CreateRegularizerAgents; 200ms in InferThetaAndUpdateNwtSparse; 0ms in UpdateCacheEntry; 109ms in CalculateScore(^^^ItemsProcessedScore^^^); ]
I0409 14:21:13.409704 253276160 master_component.cc:1430] RegularizeModelArgs: rwt_target_name=rwt, pwt_source_name=pwt, nwt_source_name=nwt
I0409 14:21:13.409765 253276160 master_component.cc:974] MasterComponent: start regularizing model pwt
I0409 14:21:13.433169 266969088 processor.cc:740] No data in processing queue, waiting...
I0409 14:21:13.558640 253276160 master_component.cc:1000] MasterComponent: complete regularizing model pwt
I0409 14:21:13.558660 253276160 master_component.cc:1443] NormalizeModelArgs: pwt_target_name=pwt, nwt_source_name=nwt, rwt_source_name=rwt
I0409 14:21:13.558666 253276160 master_component.cc:1004] MasterComponent: start normalizing model nwt
I0409 14:21:13.664422 253276160 master_component.cc:1032] MasterComponent: complete normalizing model nwt
I0409 14:21:13.760181 253276160 master_component.cc:1467] DisposeModel rwt
I0409 14:21:13.781165 253276160 master_component.cc:1057] FitOffline: ItemsProcessed, num_items=1728, num_batches=2, token_weight=808522, token_weight_in_effect=808522
I0409 14:21:13.816808 3064288064 c_interface.cc:562] Pass GetScoreValueArgs, score_name=^^^ItemsProcessedScore^^^ to MasterComponent::Request
I0409 14:21:13.816848 3064288064 c_interface.cc:231] ArtmCopyRequestedMessage is copying 46 bytes...
I0409 14:21:13.817376 253276160 c_interface.cc:389] Pass FitOfflineMasterModelArgs, batch_filename_size=2, batch_weight_size=2, num_collection_passes=1 to MN4artm4core15MasterComponentEFvRKNS_25FitOfflineMasterModelArgsEE
I0409 14:21:13.817392 253276160 master_component.cc:1392] ProcessBatchesArgs: nwt_target_name=nwt, batch_filename_size=2, batch_size=0, batch_weight_size=2, pwt_source_name=pwt, num_document_passes=1, regularizer=(name:SparsePhi1, tau:100000), class=(text:1), class=(author:1), reuse_theta=yes, opt_for_avx=yes, predict_class_id=
I0409 14:21:13.846871 267505664 processor.cc:747] Processing queue has data, processing started
I0409 14:21:13.854957 266969088 processor.cc:747] Processing queue has data, processing started
I0409 14:21:13.863761 267505664 processor.cc:820] Processor: start processing batch 87f128cc-df89-4b70-b793-950e5f1e893a into model nwt
I0409 14:21:13.864887 266969088 processor.cc:820] Processor: start processing batch 73f5dc9f-6302-4cf6-97af-879c5e20e55a into model nwt
I0409 14:21:14.050427 266969088 processor.cc:925] Processor: complete processing batch 73f5dc9f-6302-4cf6-97af-879c5e20e55a into model nwt
I0409 14:21:14.057268 266969088 cuckoo_watch.h:45] 202ms in ProcessBatch(batches/aaaaaa.batch) [including 9ms in LoadMessage; 11ms in InitializeSparseNdw; 0ms in FindReuseThetaCacheEntry; 10ms in InitializeTheta; 0ms in CreateRegularizerAgents; 100ms in InferThetaAndUpdateNwtSparse; 0ms in UpdateCacheEntry; 62ms in CalculateScore(^^^ItemsProcessedScore^^^); ]
I0409 14:21:14.081260 266969088 processor.cc:740] No data in processing queue, waiting...
I0409 14:21:14.205751 267505664 processor.cc:925] Processor: complete processing batch 87f128cc-df89-4b70-b793-950e5f1e893a into model nwt
I0409 14:21:14.213954 267505664 cuckoo_watch.h:45] 366ms in ProcessBatch(batches/aaaaab.batch) [including 16ms in LoadMessage; 25ms in InitializeSparseNdw; 0ms in FindReuseThetaCacheEntry; 4ms in InitializeTheta; 0ms in CreateRegularizerAgents; 199ms in InferThetaAndUpdateNwtSparse; 0ms in UpdateCacheEntry; 111ms in CalculateScore(^^^ItemsProcessedScore^^^); ]
I0409 14:21:14.213997 253276160 master_component.cc:1430] RegularizeModelArgs: rwt_target_name=rwt, pwt_source_name=pwt, nwt_source_name=nwt
I0409 14:21:14.214018 253276160 master_component.cc:974] MasterComponent: start regularizing model pwt
I0409 14:21:14.238088 267505664 processor.cc:740] No data in processing queue, waiting...
I0409 14:21:14.366065 253276160 master_component.cc:1000] MasterComponent: complete regularizing model pwt
I0409 14:21:14.366086 253276160 master_component.cc:1443] NormalizeModelArgs: pwt_target_name=pwt, nwt_source_name=nwt, rwt_source_name=rwt
I0409 14:21:14.366094 253276160 master_component.cc:1004] MasterComponent: start normalizing model nwt
I0409 14:21:14.476719 253276160 master_component.cc:1032] MasterComponent: complete normalizing model nwt
I0409 14:21:14.573848 253276160 master_component.cc:1467] DisposeModel rwt
I0409 14:21:14.595367 253276160 master_component.cc:1057] FitOffline: ItemsProcessed, num_items=1728, num_batches=2, token_weight=808522, token_weight_in_effect=808522
I0409 14:21:14.610394 3064288064 c_interface.cc:562] Pass GetScoreValueArgs, score_name=^^^ItemsProcessedScore^^^ to MasterComponent::Request
I0409 14:21:14.610430 3064288064 c_interface.cc:231] ArtmCopyRequestedMessage is copying 46 bytes...
I0409 14:21:14.610904 253276160 c_interface.cc:389] Pass FitOfflineMasterModelArgs, batch_filename_size=2, batch_weight_size=2, num_collection_passes=1 to MN4artm4core15MasterComponentEFvRKNS_25FitOfflineMasterModelArgsEE
I0409 14:21:14.610921 253276160 master_component.cc:1392] ProcessBatchesArgs: nwt_target_name=nwt, batch_filename_size=2, batch_size=0, batch_weight_size=2, pwt_source_name=pwt, num_document_passes=1, regularizer=(name:SparsePhi1, tau:100000), class=(text:1), class=(author:1), reuse_theta=yes, opt_for_avx=yes, predict_class_id=
I0409 14:21:14.639823 266432512 processor.cc:747] Processing queue has data, processing started
I0409 14:21:14.645994 266969088 processor.cc:747] Processing queue has data, processing started
I0409 14:21:14.655401 266432512 processor.cc:820] Processor: start processing batch 87f128cc-df89-4b70-b793-950e5f1e893a into model nwt
I0409 14:21:14.655438 266969088 processor.cc:820] Processor: start processing batch 73f5dc9f-6302-4cf6-97af-879c5e20e55a into model nwt
I0409 14:21:14.831394 266969088 processor.cc:925] Processor: complete processing batch 73f5dc9f-6302-4cf6-97af-879c5e20e55a into model nwt
I0409 14:21:14.836833 266969088 cuckoo_watch.h:45] 190ms in ProcessBatch(batches/aaaaaa.batch) [including 9ms in LoadMessage; 10ms in InitializeSparseNdw; 0ms in FindReuseThetaCacheEntry; 8ms in InitializeTheta; 0ms in CreateRegularizerAgents; 101ms in InferThetaAndUpdateNwtSparse; 0ms in UpdateCacheEntry; 55ms in CalculateScore(^^^ItemsProcessedScore^^^); ]
I0409 14:21:14.861009 266969088 processor.cc:740] No data in processing queue, waiting...
I0409 14:21:15.005614 266432512 processor.cc:925] Processor: complete processing batch 87f128cc-df89-4b70-b793-950e5f1e893a into model nwt
I0409 14:21:15.013814 266432512 cuckoo_watch.h:45] 373ms in ProcessBatch(batches/aaaaab.batch) [including 15ms in LoadMessage; 27ms in InitializeSparseNdw; 0ms in FindReuseThetaCacheEntry; 4ms in InitializeTheta; 0ms in CreateRegularizerAgents; 200ms in InferThetaAndUpdateNwtSparse; 0ms in UpdateCacheEntry; 118ms in CalculateScore(^^^ItemsProcessedScore^^^); ]
I0409 14:21:15.015046 253276160 master_component.cc:1430] RegularizeModelArgs: rwt_target_name=rwt, pwt_source_name=pwt, nwt_source_name=nwt
I0409 14:21:15.015125 253276160 master_component.cc:974] MasterComponent: start regularizing model pwt
I0409 14:21:15.037490 266432512 processor.cc:740] No data in processing queue, waiting...
I0409 14:21:15.172895 253276160 master_component.cc:1000] MasterComponent: complete regularizing model pwt
I0409 14:21:15.172916 253276160 master_component.cc:1443] NormalizeModelArgs: pwt_target_name=pwt, nwt_source_name=nwt, rwt_source_name=rwt
I0409 14:21:15.172925 253276160 master_component.cc:1004] MasterComponent: start normalizing model nwt
I0409 14:21:15.279183 253276160 master_component.cc:1032] MasterComponent: complete normalizing model nwt
I0409 14:21:15.375612 253276160 master_component.cc:1467] DisposeModel rwt
I0409 14:21:15.397485 253276160 master_component.cc:1057] FitOffline: ItemsProcessed, num_items=1728, num_batches=2, token_weight=808522, token_weight_in_effect=808522
I0409 14:21:15.412626 3064288064 c_interface.cc:562] Pass GetScoreValueArgs, score_name=^^^ItemsProcessedScore^^^ to MasterComponent::Request
I0409 14:21:15.412660 3064288064 c_interface.cc:231] ArtmCopyRequestedMessage is copying 46 bytes...
I0409 14:21:15.413022 253276160 c_interface.cc:389] Pass FitOfflineMasterModelArgs, batch_filename_size=2, batch_weight_size=2, num_collection_passes=1 to MN4artm4core15MasterComponentEFvRKNS_25FitOfflineMasterModelArgsEE
I0409 14:21:15.413043 253276160 master_component.cc:1392] ProcessBatchesArgs: nwt_target_name=nwt, batch_filename_size=2, batch_size=0, batch_weight_size=2, pwt_source_name=pwt, num_document_passes=1, regularizer=(name:SparsePhi1, tau:100000), class=(text:1), class=(author:1), reuse_theta=yes, opt_for_avx=yes, predict_class_id=
I0409 14:21:15.441257 268042240 processor.cc:747] Processing queue has data, processing started
I0409 14:21:15.449406 267505664 processor.cc:747] Processing queue has data, processing started
I0409 14:21:15.459370 268042240 processor.cc:820] Processor: start processing batch 87f128cc-df89-4b70-b793-950e5f1e893a into model nwt
I0409 14:21:15.461318 267505664 processor.cc:820] Processor: start processing batch 73f5dc9f-6302-4cf6-97af-879c5e20e55a into model nwt
I0409 14:21:15.658085 267505664 processor.cc:925] Processor: complete processing batch 73f5dc9f-6302-4cf6-97af-879c5e20e55a into model nwt
I0409 14:21:15.664093 267505664 cuckoo_watch.h:45] 214ms in ProcessBatch(batches/aaaaaa.batch) [including 11ms in LoadMessage; 10ms in InitializeSparseNdw; 0ms in FindReuseThetaCacheEntry; 8ms in InitializeTheta; 0ms in CreateRegularizerAgents; 107ms in InferThetaAndUpdateNwtSparse; 0ms in UpdateCacheEntry; 68ms in CalculateScore(^^^ItemsProcessedScore^^^); ]
I0409 14:21:15.687526 267505664 processor.cc:740] No data in processing queue, waiting...
I0409 14:21:15.828972 268042240 processor.cc:925] Processor: complete processing batch 87f128cc-df89-4b70-b793-950e5f1e893a into model nwt
I0409 14:21:15.836284 268042240 cuckoo_watch.h:45] 394ms in ProcessBatch(batches/aaaaab.batch) [including 18ms in LoadMessage; 26ms in InitializeSparseNdw; 0ms in FindReuseThetaCacheEntry; 3ms in InitializeTheta; 0ms in CreateRegularizerAgents; 210ms in InferThetaAndUpdateNwtSparse; 0ms in UpdateCacheEntry; 128ms in CalculateScore(^^^ItemsProcessedScore^^^); ]
I0409 14:21:15.836840 253276160 master_component.cc:1430] RegularizeModelArgs: rwt_target_name=rwt, pwt_source_name=pwt, nwt_source_name=nwt
I0409 14:21:15.836887 253276160 master_component.cc:974] MasterComponent: start regularizing model pwt
I0409 14:21:15.860445 268042240 processor.cc:740] No data in processing queue, waiting...
I0409 14:21:16.007403 253276160 master_component.cc:1000] MasterComponent: complete regularizing model pwt
I0409 14:21:16.007424 253276160 master_component.cc:1443] NormalizeModelArgs: pwt_target_name=pwt, nwt_source_name=nwt, rwt_source_name=rwt
I0409 14:21:16.007432 253276160 master_component.cc:1004] MasterComponent: start normalizing model nwt
I0409 14:21:16.117265 253276160 master_component.cc:1032] MasterComponent: complete normalizing model nwt
I0409 14:21:16.212749 253276160 master_component.cc:1467] DisposeModel rwt
I0409 14:21:16.235538 253276160 master_component.cc:1057] FitOffline: ItemsProcessed, num_items=1728, num_batches=2, token_weight=808522, token_weight_in_effect=808522
I0409 14:21:16.265775 3064288064 c_interface.cc:562] Pass GetScoreValueArgs, score_name=^^^ItemsProcessedScore^^^ to MasterComponent::Request
I0409 14:21:16.265811 3064288064 c_interface.cc:231] ArtmCopyRequestedMessage is copying 46 bytes...
I0409 14:21:16.266186 253276160 c_interface.cc:389] Pass FitOfflineMasterModelArgs, batch_filename_size=2, batch_weight_size=2, num_collection_passes=1 to MN4artm4core15MasterComponentEFvRKNS_25FitOfflineMasterModelArgsEE
I0409 14:21:16.266203 253276160 master_component.cc:1392] ProcessBatchesArgs: nwt_target_name=nwt, batch_filename_size=2, batch_size=0, batch_weight_size=2, pwt_source_name=pwt, num_document_passes=1, regularizer=(name:SparsePhi1, tau:100000), class=(text:1), class=(author:1), reuse_theta=yes, opt_for_avx=yes, predict_class_id=
I0409 14:21:16.293344 266432512 processor.cc:747] Processing queue has data, processing started
I0409 14:21:16.302103 266969088 processor.cc:747] Processing queue has data, processing started
I0409 14:21:16.311247 266432512 processor.cc:820] Processor: start processing batch 87f128cc-df89-4b70-b793-950e5f1e893a into model nwt
I0409 14:21:16.312338 266969088 processor.cc:820] Processor: start processing batch 73f5dc9f-6302-4cf6-97af-879c5e20e55a into model nwt
I0409 14:21:16.517972 266969088 processor.cc:925] Processor: complete processing batch 73f5dc9f-6302-4cf6-97af-879c5e20e55a into model nwt
I0409 14:21:16.525095 266969088 cuckoo_watch.h:45] 222ms in ProcessBatch(batches/aaaaaa.batch) [including 10ms in LoadMessage; 12ms in InitializeSparseNdw; 0ms in FindReuseThetaCacheEntry; 10ms in InitializeTheta; 0ms in CreateRegularizerAgents; 108ms in InferThetaAndUpdateNwtSparse; 0ms in UpdateCacheEntry; 73ms in CalculateScore(^^^ItemsProcessedScore^^^); ]
I0409 14:21:16.548668 266969088 processor.cc:740] No data in processing queue, waiting...
I0409 14:21:16.684288 266432512 processor.cc:925] Processor: complete processing batch 87f128cc-df89-4b70-b793-950e5f1e893a into model nwt
I0409 14:21:16.692764 266432512 cuckoo_watch.h:45] 399ms in ProcessBatch(batches/aaaaab.batch) [including 17ms in LoadMessage; 25ms in InitializeSparseNdw; 0ms in FindReuseThetaCacheEntry; 4ms in InitializeTheta; 0ms in CreateRegularizerAgents; 218ms in InferThetaAndUpdateNwtSparse; 0ms in UpdateCacheEntry; 124ms in CalculateScore(^^^ItemsProcessedScore^^^); ]
I0409 14:21:16.692824 253276160 master_component.cc:1430] RegularizeModelArgs: rwt_target_name=rwt, pwt_source_name=pwt, nwt_source_name=nwt
I0409 14:21:16.692840 253276160 master_component.cc:974] MasterComponent: start regularizing model pwt
I0409 14:21:16.716646 266432512 processor.cc:740] No data in processing queue, waiting...
I0409 14:21:16.853941 253276160 master_component.cc:1000] MasterComponent: complete regularizing model pwt
I0409 14:21:16.853962 253276160 master_component.cc:1443] NormalizeModelArgs: pwt_target_name=pwt, nwt_source_name=nwt, rwt_source_name=rwt
I0409 14:21:16.853971 253276160 master_component.cc:1004] MasterComponent: start normalizing model nwt
I0409 14:21:16.965029 253276160 master_component.cc:1032] MasterComponent: complete normalizing model nwt
I0409 14:21:17.071719 253276160 master_component.cc:1467] DisposeModel rwt
I0409 14:21:17.096671 253276160 master_component.cc:1057] FitOffline: ItemsProcessed, num_items=1728, num_batches=2, token_weight=808522, token_weight_in_effect=808522
I0409 14:21:17.122740 3064288064 c_interface.cc:562] Pass GetScoreValueArgs, score_name=^^^ItemsProcessedScore^^^ to MasterComponent::Request
I0409 14:21:17.122802 3064288064 c_interface.cc:231] ArtmCopyRequestedMessage is copying 46 bytes...
I0409 14:21:17.123457 253276160 c_interface.cc:389] Pass FitOfflineMasterModelArgs, batch_filename_size=2, batch_weight_size=2, num_collection_passes=1 to MN4artm4core15MasterComponentEFvRKNS_25FitOfflineMasterModelArgsEE
I0409 14:21:17.123482 253276160 master_component.cc:1392] ProcessBatchesArgs: nwt_target_name=nwt, batch_filename_size=2, batch_size=0, batch_weight_size=2, pwt_source_name=pwt, num_document_passes=1, regularizer=(name:SparsePhi1, tau:100000), class=(text:1), class=(author:1), reuse_theta=yes, opt_for_avx=yes, predict_class_id=
I0409 14:21:17.154248 266969088 processor.cc:747] Processing queue has data, processing started
I0409 14:21:17.162056 267505664 processor.cc:747] Processing queue has data, processing started
I0409 14:21:17.171900 266969088 processor.cc:820] Processor: start processing batch 87f128cc-df89-4b70-b793-950e5f1e893a into model nwt
I0409 14:21:17.173475 267505664 processor.cc:820] Processor: start processing batch 73f5dc9f-6302-4cf6-97af-879c5e20e55a into model nwt
I0409 14:21:17.360752 267505664 processor.cc:925] Processor: complete processing batch 73f5dc9f-6302-4cf6-97af-879c5e20e55a into model nwt
I0409 14:21:17.366595 267505664 cuckoo_watch.h:45] 204ms in ProcessBatch(batches/aaaaaa.batch) [including 11ms in LoadMessage; 12ms in InitializeSparseNdw; 0ms in FindReuseThetaCacheEntry; 9ms in InitializeTheta; 0ms in CreateRegularizerAgents; 105ms in InferThetaAndUpdateNwtSparse; 0ms in UpdateCacheEntry; 58ms in CalculateScore(^^^ItemsProcessedScore^^^); ]
I0409 14:21:17.390651 267505664 processor.cc:740] No data in processing queue, waiting...
I0409 14:21:17.523874 266969088 processor.cc:925] Processor: complete processing batch 87f128cc-df89-4b70-b793-950e5f1e893a into model nwt
I0409 14:21:17.532549 266969088 cuckoo_watch.h:45] 378ms in ProcessBatch(batches/aaaaab.batch) [including 17ms in LoadMessage; 27ms in InitializeSparseNdw; 0ms in FindReuseThetaCacheEntry; 4ms in InitializeTheta; 0ms in CreateRegularizerAgents; 204ms in InferThetaAndUpdateNwtSparse; 0ms in UpdateCacheEntry; 114ms in CalculateScore(^^^ItemsProcessedScore^^^); ]
I0409 14:21:17.533267 253276160 master_component.cc:1430] RegularizeModelArgs: rwt_target_name=rwt, pwt_source_name=pwt, nwt_source_name=nwt
I0409 14:21:17.533294 253276160 master_component.cc:974] MasterComponent: start regularizing model pwt
I0409 14:21:17.556608 266969088 processor.cc:740] No data in processing queue, waiting...
I0409 14:21:17.688110 253276160 master_component.cc:1000] MasterComponent: complete regularizing model pwt
I0409 14:21:17.688130 253276160 master_component.cc:1443] NormalizeModelArgs: pwt_target_name=pwt, nwt_source_name=nwt, rwt_source_name=rwt
I0409 14:21:17.688139 253276160 master_component.cc:1004] MasterComponent: start normalizing model nwt
I0409 14:21:17.798090 253276160 master_component.cc:1032] MasterComponent: complete normalizing model nwt
I0409 14:21:17.898769 253276160 master_component.cc:1467] DisposeModel rwt
I0409 14:21:17.924615 253276160 master_component.cc:1057] FitOffline: ItemsProcessed, num_items=1728, num_batches=2, token_weight=808522, token_weight_in_effect=808522
I0409 14:21:17.976459 3064288064 c_interface.cc:562] Pass GetScoreValueArgs, score_name=^^^ItemsProcessedScore^^^ to MasterComponent::Request
I0409 14:21:17.976495 3064288064 c_interface.cc:231] ArtmCopyRequestedMessage is copying 46 bytes...
I0409 14:21:17.976991 253276160 c_interface.cc:389] Pass FitOfflineMasterModelArgs, batch_filename_size=2, batch_weight_size=2, num_collection_passes=1 to MN4artm4core15MasterComponentEFvRKNS_25FitOfflineMasterModelArgsEE
I0409 14:21:17.977008 253276160 master_component.cc:1392] ProcessBatchesArgs: nwt_target_name=nwt, batch_filename_size=2, batch_size=0, batch_weight_size=2, pwt_source_name=pwt, num_document_passes=1, regularizer=(name:SparsePhi1, tau:100000), class=(text:1), class=(author:1), reuse_theta=yes, opt_for_avx=yes, predict_class_id=
I0409 14:21:18.006634 266969088 processor.cc:747] Processing queue has data, processing started
I0409 14:21:18.014691 267505664 processor.cc:747] Processing queue has data, processing started
I0409 14:21:18.025598 266969088 processor.cc:820] Processor: start processing batch 87f128cc-df89-4b70-b793-950e5f1e893a into model nwt
I0409 14:21:18.026379 267505664 processor.cc:820] Processor: start processing batch 73f5dc9f-6302-4cf6-97af-879c5e20e55a into model nwt
I0409 14:21:18.229982 267505664 processor.cc:925] Processor: complete processing batch 73f5dc9f-6302-4cf6-97af-879c5e20e55a into model nwt
I0409 14:21:18.236424 267505664 cuckoo_watch.h:45] 221ms in ProcessBatch(batches/aaaaaa.batch) [including 11ms in LoadMessage; 13ms in InitializeSparseNdw; 0ms in FindReuseThetaCacheEntry; 10ms in InitializeTheta; 0ms in CreateRegularizerAgents; 120ms in InferThetaAndUpdateNwtSparse; 0ms in UpdateCacheEntry; 58ms in CalculateScore(^^^ItemsProcessedScore^^^); ]
I0409 14:21:18.260519 267505664 processor.cc:740] No data in processing queue, waiting...
