I0406 16:59:23.851303 158740480 master_component.cc:1392] ProcessBatchesArgs: nwt_target_name=nwt, batch_filename_size=2, batch_size=0, batch_weight_size=2, pwt_source_name=pwt, num_document_passes=1, regularizer=(name:SparsePhi1, tau:100000), class=(text:1), class=(author:1), reuse_theta=yes, opt_for_avx=yes, predict_class_id=
I0406 16:59:23.884189 173506560 processor.cc:747] Processing queue has data, processing started
I0406 16:59:23.891479 172433408 processor.cc:747] Processing queue has data, processing started
I0406 16:59:23.903576 173506560 processor.cc:820] Processor: start processing batch 00ce3e08-5fa6-4508-b507-567d4f0cdafa into model nwt
I0406 16:59:23.904986 172433408 processor.cc:820] Processor: start processing batch 8b71d27b-f04c-426d-ac04-ee7da552b883 into model nwt
I0406 16:59:24.166929 172433408 processor.cc:925] Processor: complete processing batch 8b71d27b-f04c-426d-ac04-ee7da552b883 into model nwt
I0406 16:59:24.219363 172433408 cuckoo_watch.h:45] 327ms in ProcessBatch(batches/aaaaaa.batch) [including 13ms in LoadMessage; 15ms in InitializeSparseNdw; 0ms in FindReuseThetaCacheEntry; 12ms in InitializeTheta; 0ms in CreateRegularizerAgents; 128ms in InferThetaAndUpdateNwtSparse; 0ms in UpdateCacheEntry; 105ms in CalculateScore(^^^ItemsProcessedScore^^^); ]
I0406 16:59:24.242722 172433408 processor.cc:740] No data in processing queue, waiting...
I0406 16:59:24.461120 173506560 processor.cc:925] Processor: complete processing batch 00ce3e08-5fa6-4508-b507-567d4f0cdafa into model nwt
I0406 16:59:24.469401 173506560 cuckoo_watch.h:45] 585ms in ProcessBatch(batches/aaaaab.batch) [including 19ms in LoadMessage; 33ms in InitializeSparseNdw; 0ms in FindReuseThetaCacheEntry; 4ms in InitializeTheta; 0ms in CreateRegularizerAgents; 337ms in InferThetaAndUpdateNwtSparse; 1ms in UpdateCacheEntry; 181ms in CalculateScore(^^^ItemsProcessedScore^^^); ]
I0406 16:59:24.470696 158740480 master_component.cc:1430] RegularizeModelArgs: rwt_target_name=rwt, pwt_source_name=pwt, nwt_source_name=nwt
I0406 16:59:24.470870 158740480 master_component.cc:974] MasterComponent: start regularizing model pwt
I0406 16:59:24.493080 173506560 processor.cc:740] No data in processing queue, waiting...
I0406 16:59:24.632148 158740480 master_component.cc:1000] MasterComponent: complete regularizing model pwt
I0406 16:59:24.632167 158740480 master_component.cc:1443] NormalizeModelArgs: pwt_target_name=pwt, nwt_source_name=nwt, rwt_source_name=rwt
I0406 16:59:24.632175 158740480 master_component.cc:1004] MasterComponent: start normalizing model nwt
I0406 16:59:24.755559 158740480 master_component.cc:1032] MasterComponent: complete normalizing model nwt
I0406 16:59:24.851843 2924262208 c_interface.cc:562] Pass GetScoreValueArgs, score_name=^^^ItemsProcessedScore^^^ to MasterComponent::Request
I0406 16:59:24.851884 2924262208 c_interface.cc:231] ArtmCopyRequestedMessage is copying 46 bytes...
I0406 16:59:24.876790 158740480 master_component.cc:1467] DisposeModel rwt
I0406 16:59:24.919075 158740480 master_component.cc:1057] FitOffline: ItemsProcessed, num_items=1728, num_batches=2, token_weight=808522, token_weight_in_effect=808522
I0406 16:59:24.969859 2924262208 c_interface.cc:562] Pass GetScoreValueArgs, score_name=^^^ItemsProcessedScore^^^ to MasterComponent::Request
I0406 16:59:24.969894 2924262208 c_interface.cc:231] ArtmCopyRequestedMessage is copying 46 bytes...
I0406 16:59:24.970275 158740480 c_interface.cc:389] Pass FitOfflineMasterModelArgs, batch_filename_size=2, batch_weight_size=2, num_collection_passes=1 to MN4artm4core15MasterComponentEFvRKNS_25FitOfflineMasterModelArgsEE
I0406 16:59:24.970291 158740480 master_component.cc:1392] ProcessBatchesArgs: nwt_target_name=nwt, batch_filename_size=2, batch_size=0, batch_weight_size=2, pwt_source_name=pwt, num_document_passes=1, regularizer=(name:SparsePhi1, tau:100000), class=(text:1), class=(author:1), reuse_theta=yes, opt_for_avx=yes, predict_class_id=
I0406 16:59:25.007244 172969984 processor.cc:747] Processing queue has data, processing started
I0406 16:59:25.013228 173506560 processor.cc:747] Processing queue has data, processing started
I0406 16:59:25.026216 172969984 processor.cc:820] Processor: start processing batch 00ce3e08-5fa6-4508-b507-567d4f0cdafa into model nwt
I0406 16:59:25.028625 173506560 processor.cc:820] Processor: start processing batch 8b71d27b-f04c-426d-ac04-ee7da552b883 into model nwt
I0406 16:59:25.279542 173506560 processor.cc:925] Processor: complete processing batch 8b71d27b-f04c-426d-ac04-ee7da552b883 into model nwt
I0406 16:59:25.291939 173506560 cuckoo_watch.h:45] 278ms in ProcessBatch(batches/aaaaaa.batch) [including 15ms in LoadMessage; 17ms in InitializeSparseNdw; 0ms in FindReuseThetaCacheEntry; 12ms in InitializeTheta; 0ms in CreateRegularizerAgents; 139ms in InferThetaAndUpdateNwtSparse; 1ms in UpdateCacheEntry; 79ms in CalculateScore(^^^ItemsProcessedScore^^^); ]
I0406 16:59:25.317319 173506560 processor.cc:740] No data in processing queue, waiting...
I0406 16:59:25.577579 172969984 processor.cc:925] Processor: complete processing batch 00ce3e08-5fa6-4508-b507-567d4f0cdafa into model nwt
I0406 16:59:25.586839 172969984 cuckoo_watch.h:45] 579ms in ProcessBatch(batches/aaaaab.batch) [including 18ms in LoadMessage; 38ms in InitializeSparseNdw; 0ms in FindReuseThetaCacheEntry; 6ms in InitializeTheta; 0ms in CreateRegularizerAgents; 269ms in InferThetaAndUpdateNwtSparse; 0ms in UpdateCacheEntry; 236ms in CalculateScore(^^^ItemsProcessedScore^^^); ]
I0406 16:59:25.587287 158740480 master_component.cc:1430] RegularizeModelArgs: rwt_target_name=rwt, pwt_source_name=pwt, nwt_source_name=nwt
I0406 16:59:25.587329 158740480 master_component.cc:974] MasterComponent: start regularizing model pwt
I0406 16:59:25.610558 172969984 processor.cc:740] No data in processing queue, waiting...
I0406 16:59:25.799264 158740480 master_component.cc:1000] MasterComponent: complete regularizing model pwt
I0406 16:59:25.799285 158740480 master_component.cc:1443] NormalizeModelArgs: pwt_target_name=pwt, nwt_source_name=nwt, rwt_source_name=rwt
I0406 16:59:25.799293 158740480 master_component.cc:1004] MasterComponent: start normalizing model nwt
I0406 16:59:25.943228 158740480 master_component.cc:1032] MasterComponent: complete normalizing model nwt
I0406 16:59:25.974915 2924262208 c_interface.cc:562] Pass GetScoreValueArgs, score_name=^^^ItemsProcessedScore^^^ to MasterComponent::Request
I0406 16:59:25.974949 2924262208 c_interface.cc:231] ArtmCopyRequestedMessage is copying 46 bytes...
I0406 16:59:26.058377 158740480 master_component.cc:1467] DisposeModel rwt
I0406 16:59:26.087226 158740480 master_component.cc:1057] FitOffline: ItemsProcessed, num_items=1728, num_batches=2, token_weight=808522, token_weight_in_effect=808522
I0406 16:59:26.103214 2924262208 c_interface.cc:562] Pass GetScoreValueArgs, score_name=^^^ItemsProcessedScore^^^ to MasterComponent::Request
I0406 16:59:26.103250 2924262208 c_interface.cc:231] ArtmCopyRequestedMessage is copying 46 bytes...
I0406 16:59:26.103667 158740480 c_interface.cc:389] Pass FitOfflineMasterModelArgs, batch_filename_size=2, batch_weight_size=2, num_collection_passes=1 to MN4artm4core15MasterComponentEFvRKNS_25FitOfflineMasterModelArgsEE
I0406 16:59:26.103682 158740480 master_component.cc:1392] ProcessBatchesArgs: nwt_target_name=nwt, batch_filename_size=2, batch_size=0, batch_weight_size=2, pwt_source_name=pwt, num_document_passes=1, regularizer=(name:SparsePhi1, tau:100000), class=(text:1), class=(author:1), reuse_theta=yes, opt_for_avx=yes, predict_class_id=
I0406 16:59:26.142267 173506560 processor.cc:747] Processing queue has data, processing started
I0406 16:59:26.150466 171896832 processor.cc:747] Processing queue has data, processing started
I0406 16:59:26.161000 173506560 processor.cc:820] Processor: start processing batch 00ce3e08-5fa6-4508-b507-567d4f0cdafa into model nwt
I0406 16:59:26.163158 171896832 processor.cc:820] Processor: start processing batch 8b71d27b-f04c-426d-ac04-ee7da552b883 into model nwt
I0406 16:59:26.389837 171896832 processor.cc:925] Processor: complete processing batch 8b71d27b-f04c-426d-ac04-ee7da552b883 into model nwt
I0406 16:59:26.397989 171896832 cuckoo_watch.h:45] 247ms in ProcessBatch(batches/aaaaaa.batch) [including 12ms in LoadMessage; 19ms in InitializeSparseNdw; 0ms in FindReuseThetaCacheEntry; 11ms in InitializeTheta; 0ms in CreateRegularizerAgents; 130ms in InferThetaAndUpdateNwtSparse; 0ms in UpdateCacheEntry; 66ms in CalculateScore(^^^ItemsProcessedScore^^^); ]
I0406 16:59:26.421809 171896832 processor.cc:740] No data in processing queue, waiting...
I0406 16:59:26.588410 173506560 processor.cc:925] Processor: complete processing batch 00ce3e08-5fa6-4508-b507-567d4f0cdafa into model nwt
I0406 16:59:26.602072 173506560 cuckoo_watch.h:45] 459ms in ProcessBatch(batches/aaaaab.batch) [including 18ms in LoadMessage; 37ms in InitializeSparseNdw; 0ms in FindReuseThetaCacheEntry; 7ms in InitializeTheta; 0ms in CreateRegularizerAgents; 246ms in InferThetaAndUpdateNwtSparse; 0ms in UpdateCacheEntry; 136ms in CalculateScore(^^^ItemsProcessedScore^^^); ]
I0406 16:59:26.602156 158740480 master_component.cc:1430] RegularizeModelArgs: rwt_target_name=rwt, pwt_source_name=pwt, nwt_source_name=nwt
I0406 16:59:26.602177 158740480 master_component.cc:974] MasterComponent: start regularizing model pwt
I0406 16:59:26.629223 173506560 processor.cc:740] No data in processing queue, waiting...
I0406 16:59:26.835752 158740480 master_component.cc:1000] MasterComponent: complete regularizing model pwt
I0406 16:59:26.835770 158740480 master_component.cc:1443] NormalizeModelArgs: pwt_target_name=pwt, nwt_source_name=nwt, rwt_source_name=rwt
I0406 16:59:26.835777 158740480 master_component.cc:1004] MasterComponent: start normalizing model nwt
I0406 16:59:26.969058 158740480 master_component.cc:1032] MasterComponent: complete normalizing model nwt
I0406 16:59:27.100855 158740480 master_component.cc:1467] DisposeModel rwt
I0406 16:59:27.103865 2924262208 c_interface.cc:562] Pass GetScoreValueArgs, score_name=^^^ItemsProcessedScore^^^ to MasterComponent::Request
I0406 16:59:27.103901 2924262208 c_interface.cc:231] ArtmCopyRequestedMessage is copying 46 bytes...
I0406 16:59:27.129431 158740480 master_component.cc:1057] FitOffline: ItemsProcessed, num_items=1728, num_batches=2, token_weight=808522, token_weight_in_effect=808522
I0406 16:59:27.136772 2924262208 c_interface.cc:562] Pass GetScoreValueArgs, score_name=^^^ItemsProcessedScore^^^ to MasterComponent::Request
I0406 16:59:27.136806 2924262208 c_interface.cc:231] ArtmCopyRequestedMessage is copying 46 bytes...
I0406 16:59:27.137264 158740480 c_interface.cc:389] Pass FitOfflineMasterModelArgs, batch_filename_size=2, batch_weight_size=2, num_collection_passes=1 to MN4artm4core15MasterComponentEFvRKNS_25FitOfflineMasterModelArgsEE
I0406 16:59:27.137279 158740480 master_component.cc:1392] ProcessBatchesArgs: nwt_target_name=nwt, batch_filename_size=2, batch_size=0, batch_weight_size=2, pwt_source_name=pwt, num_document_passes=1, regularizer=(name:SparsePhi1, tau:100000), class=(text:1), class=(author:1), reuse_theta=yes, opt_for_avx=yes, predict_class_id=
I0406 16:59:27.171845 171896832 processor.cc:747] Processing queue has data, processing started
I0406 16:59:27.180323 172433408 processor.cc:747] Processing queue has data, processing started
I0406 16:59:27.193418 172433408 processor.cc:820] Processor: start processing batch 8b71d27b-f04c-426d-ac04-ee7da552b883 into model nwt
I0406 16:59:27.193543 171896832 processor.cc:820] Processor: start processing batch 00ce3e08-5fa6-4508-b507-567d4f0cdafa into model nwt
I0406 16:59:27.454931 172433408 processor.cc:925] Processor: complete processing batch 8b71d27b-f04c-426d-ac04-ee7da552b883 into model nwt
I0406 16:59:27.461340 172433408 cuckoo_watch.h:45] 280ms in ProcessBatch(batches/aaaaaa.batch) [including 13ms in LoadMessage; 17ms in InitializeSparseNdw; 0ms in FindReuseThetaCacheEntry; 12ms in InitializeTheta; 0ms in CreateRegularizerAgents; 159ms in InferThetaAndUpdateNwtSparse; 0ms in UpdateCacheEntry; 71ms in CalculateScore(^^^ItemsProcessedScore^^^); ]
I0406 16:59:27.485718 172433408 processor.cc:740] No data in processing queue, waiting...
I0406 16:59:27.694090 171896832 processor.cc:925] Processor: complete processing batch 00ce3e08-5fa6-4508-b507-567d4f0cdafa into model nwt
I0406 16:59:27.703428 171896832 cuckoo_watch.h:45] 531ms in ProcessBatch(batches/aaaaab.batch) [including 21ms in LoadMessage; 45ms in InitializeSparseNdw; 0ms in FindReuseThetaCacheEntry; 6ms in InitializeTheta; 0ms in CreateRegularizerAgents; 285ms in InferThetaAndUpdateNwtSparse; 0ms in UpdateCacheEntry; 162ms in CalculateScore(^^^ItemsProcessedScore^^^); ]
I0406 16:59:27.704046 158740480 master_component.cc:1430] RegularizeModelArgs: rwt_target_name=rwt, pwt_source_name=pwt, nwt_source_name=nwt
I0406 16:59:27.704177 158740480 master_component.cc:974] MasterComponent: start regularizing model pwt
I0406 16:59:27.726852 171896832 processor.cc:740] No data in processing queue, waiting...
I0406 16:59:27.862264 158740480 master_component.cc:1000] MasterComponent: complete regularizing model pwt
I0406 16:59:27.862289 158740480 master_component.cc:1443] NormalizeModelArgs: pwt_target_name=pwt, nwt_source_name=nwt, rwt_source_name=rwt
I0406 16:59:27.862303 158740480 master_component.cc:1004] MasterComponent: start normalizing model nwt
I0406 16:59:28.087023 158740480 master_component.cc:1032] MasterComponent: complete normalizing model nwt
I0406 16:59:28.137596 2924262208 c_interface.cc:562] Pass GetScoreValueArgs, score_name=^^^ItemsProcessedScore^^^ to MasterComponent::Request
I0406 16:59:28.137643 2924262208 c_interface.cc:231] ArtmCopyRequestedMessage is copying 46 bytes...
I0406 16:59:28.273486 158740480 master_component.cc:1467] DisposeModel rwt
I0406 16:59:28.302132 158740480 master_component.cc:1057] FitOffline: ItemsProcessed, num_items=1728, num_batches=2, token_weight=808522, token_weight_in_effect=808522
I0406 16:59:28.314021 2924262208 c_interface.cc:562] Pass GetScoreValueArgs, score_name=^^^ItemsProcessedScore^^^ to MasterComponent::Request
I0406 16:59:28.314065 2924262208 c_interface.cc:231] ArtmCopyRequestedMessage is copying 46 bytes...
I0406 16:59:28.314585 158740480 c_interface.cc:389] Pass FitOfflineMasterModelArgs, batch_filename_size=2, batch_weight_size=2, num_collection_passes=1 to MN4artm4core15MasterComponentEFvRKNS_25FitOfflineMasterModelArgsEE
I0406 16:59:28.314599 158740480 master_component.cc:1392] ProcessBatchesArgs: nwt_target_name=nwt, batch_filename_size=2, batch_size=0, batch_weight_size=2, pwt_source_name=pwt, num_document_passes=1, regularizer=(name:SparsePhi1, tau:100000), class=(text:1), class=(author:1), reuse_theta=yes, opt_for_avx=yes, predict_class_id=
I0406 16:59:28.351586 172433408 processor.cc:747] Processing queue has data, processing started
I0406 16:59:28.357990 171896832 processor.cc:747] Processing queue has data, processing started
I0406 16:59:28.371490 171896832 processor.cc:820] Processor: start processing batch 8b71d27b-f04c-426d-ac04-ee7da552b883 into model nwt
I0406 16:59:28.374869 172433408 processor.cc:820] Processor: start processing batch 00ce3e08-5fa6-4508-b507-567d4f0cdafa into model nwt
I0406 16:59:28.649134 171896832 processor.cc:925] Processor: complete processing batch 8b71d27b-f04c-426d-ac04-ee7da552b883 into model nwt
I0406 16:59:28.659298 171896832 cuckoo_watch.h:45] 301ms in ProcessBatch(batches/aaaaaa.batch) [including 13ms in LoadMessage; 17ms in InitializeSparseNdw; 0ms in FindReuseThetaCacheEntry; 12ms in InitializeTheta; 0ms in CreateRegularizerAgents; 130ms in InferThetaAndUpdateNwtSparse; 0ms in UpdateCacheEntry; 115ms in CalculateScore(^^^ItemsProcessedScore^^^); ]
I0406 16:59:28.682713 171896832 processor.cc:740] No data in processing queue, waiting...
I0406 16:59:28.926451 172433408 processor.cc:925] Processor: complete processing batch 00ce3e08-5fa6-4508-b507-567d4f0cdafa into model nwt
I0406 16:59:28.935005 158740480 master_component.cc:1430] RegularizeModelArgs: rwt_target_name=rwt, pwt_source_name=pwt, nwt_source_name=nwt
I0406 16:59:28.935020 172433408 cuckoo_watch.h:45] 583ms in ProcessBatch(batches/aaaaab.batch) [including 23ms in LoadMessage; 41ms in InitializeSparseNdw; 0ms in FindReuseThetaCacheEntry; 5ms in InitializeTheta; 0ms in CreateRegularizerAgents; 313ms in InferThetaAndUpdateNwtSparse; 0ms in UpdateCacheEntry; 190ms in CalculateScore(^^^ItemsProcessedScore^^^); ]
I0406 16:59:28.935041 158740480 master_component.cc:974] MasterComponent: start regularizing model pwt
I0406 16:59:28.958446 172433408 processor.cc:740] No data in processing queue, waiting...
I0406 16:59:29.113306 158740480 master_component.cc:1000] MasterComponent: complete regularizing model pwt
I0406 16:59:29.113337 158740480 master_component.cc:1443] NormalizeModelArgs: pwt_target_name=pwt, nwt_source_name=nwt, rwt_source_name=rwt
I0406 16:59:29.113350 158740480 master_component.cc:1004] MasterComponent: start normalizing model nwt
I0406 16:59:29.243650 158740480 master_component.cc:1032] MasterComponent: complete normalizing model nwt
I0406 16:59:29.318291 2924262208 c_interface.cc:562] Pass GetScoreValueArgs, score_name=^^^ItemsProcessedScore^^^ to MasterComponent::Request
I0406 16:59:29.318341 2924262208 c_interface.cc:231] ArtmCopyRequestedMessage is copying 46 bytes...
I0406 16:59:29.358088 158740480 master_component.cc:1467] DisposeModel rwt
I0406 16:59:29.388736 158740480 master_component.cc:1057] FitOffline: ItemsProcessed, num_items=1728, num_batches=2, token_weight=808522, token_weight_in_effect=808522
I0406 16:59:29.439790 2924262208 c_interface.cc:562] Pass GetScoreValueArgs, score_name=^^^ItemsProcessedScore^^^ to MasterComponent::Request
I0406 16:59:29.439829 2924262208 c_interface.cc:231] ArtmCopyRequestedMessage is copying 46 bytes...
I0406 16:59:29.440374 158740480 c_interface.cc:389] Pass FitOfflineMasterModelArgs, batch_filename_size=2, batch_weight_size=2, num_collection_passes=1 to MN4artm4core15MasterComponentEFvRKNS_25FitOfflineMasterModelArgsEE
I0406 16:59:29.440393 158740480 master_component.cc:1392] ProcessBatchesArgs: nwt_target_name=nwt, batch_filename_size=2, batch_size=0, batch_weight_size=2, pwt_source_name=pwt, num_document_passes=1, regularizer=(name:SparsePhi1, tau:100000), class=(text:1), class=(author:1), reuse_theta=yes, opt_for_avx=yes, predict_class_id=
I0406 16:59:29.481040 172433408 processor.cc:747] Processing queue has data, processing started
I0406 16:59:29.490686 172969984 processor.cc:747] Processing queue has data, processing started
I0406 16:59:29.501031 172433408 processor.cc:820] Processor: start processing batch 00ce3e08-5fa6-4508-b507-567d4f0cdafa into model nwt
I0406 16:59:29.502318 172969984 processor.cc:820] Processor: start processing batch 8b71d27b-f04c-426d-ac04-ee7da552b883 into model nwt
I0406 16:59:29.725383 172969984 processor.cc:925] Processor: complete processing batch 8b71d27b-f04c-426d-ac04-ee7da552b883 into model nwt
I0406 16:59:29.732764 172969984 cuckoo_watch.h:45] 242ms in ProcessBatch(batches/aaaaaa.batch) [including 11ms in LoadMessage; 16ms in InitializeSparseNdw; 0ms in FindReuseThetaCacheEntry; 9ms in InitializeTheta; 0ms in CreateRegularizerAgents; 125ms in InferThetaAndUpdateNwtSparse; 0ms in UpdateCacheEntry; 71ms in CalculateScore(^^^ItemsProcessedScore^^^); ]
I0406 16:59:29.755867 172969984 processor.cc:740] No data in processing queue, waiting...
I0406 16:59:29.975744 172433408 processor.cc:925] Processor: complete processing batch 00ce3e08-5fa6-4508-b507-567d4f0cdafa into model nwt
I0406 16:59:29.986196 172433408 cuckoo_watch.h:45] 505ms in ProcessBatch(batches/aaaaab.batch) [including 19ms in LoadMessage; 34ms in InitializeSparseNdw; 0ms in FindReuseThetaCacheEntry; 6ms in InitializeTheta; 0ms in CreateRegularizerAgents; 240ms in InferThetaAndUpdateNwtSparse; 0ms in UpdateCacheEntry; 192ms in CalculateScore(^^^ItemsProcessedScore^^^); ]
I0406 16:59:29.987462 158740480 master_component.cc:1430] RegularizeModelArgs: rwt_target_name=rwt, pwt_source_name=pwt, nwt_source_name=nwt
I0406 16:59:29.987486 158740480 master_component.cc:974] MasterComponent: start regularizing model pwt
I0406 16:59:30.010013 172433408 processor.cc:740] No data in processing queue, waiting...
I0406 16:59:30.199458 158740480 master_component.cc:1000] MasterComponent: complete regularizing model pwt
I0406 16:59:30.199491 158740480 master_component.cc:1443] NormalizeModelArgs: pwt_target_name=pwt, nwt_source_name=nwt, rwt_source_name=rwt
I0406 16:59:30.199502 158740480 master_component.cc:1004] MasterComponent: start normalizing model nwt
I0406 16:59:30.376482 158740480 master_component.cc:1032] MasterComponent: complete normalizing model nwt
I0406 16:59:30.441025 2924262208 c_interface.cc:562] Pass GetScoreValueArgs, score_name=^^^ItemsProcessedScore^^^ to MasterComponent::Request
I0406 16:59:30.441063 2924262208 c_interface.cc:231] ArtmCopyRequestedMessage is copying 46 bytes...
I0406 16:59:30.484299 158740480 master_component.cc:1467] DisposeModel rwt
I0406 16:59:30.513861 158740480 master_component.cc:1057] FitOffline: ItemsProcessed, num_items=1728, num_batches=2, token_weight=808522, token_weight_in_effect=808522
I0406 16:59:30.563098 2924262208 c_interface.cc:562] Pass GetScoreValueArgs, score_name=^^^ItemsProcessedScore^^^ to MasterComponent::Request
I0406 16:59:30.563168 2924262208 c_interface.cc:231] ArtmCopyRequestedMessage is copying 46 bytes...
I0406 16:59:30.564011 158740480 c_interface.cc:389] Pass FitOfflineMasterModelArgs, batch_filename_size=2, batch_weight_size=2, num_collection_passes=1 to MN4artm4core15MasterComponentEFvRKNS_25FitOfflineMasterModelArgsEE
I0406 16:59:30.564040 158740480 master_component.cc:1392] ProcessBatchesArgs: nwt_target_name=nwt, batch_filename_size=2, batch_size=0, batch_weight_size=2, pwt_source_name=pwt, num_document_passes=1, regularizer=(name:SparsePhi1, tau:100000), class=(text:1), class=(author:1), reuse_theta=yes, opt_for_avx=yes, predict_class_id=
I0406 16:59:30.594353 173506560 processor.cc:747] Processing queue has data, processing started
I0406 16:59:30.600935 172969984 processor.cc:747] Processing queue has data, processing started
I0406 16:59:30.615569 172969984 processor.cc:820] Processor: start processing batch 8b71d27b-f04c-426d-ac04-ee7da552b883 into model nwt
I0406 16:59:30.616024 173506560 processor.cc:820] Processor: start processing batch 00ce3e08-5fa6-4508-b507-567d4f0cdafa into model nwt
I0406 16:59:30.838856 172969984 processor.cc:925] Processor: complete processing batch 8b71d27b-f04c-426d-ac04-ee7da552b883 into model nwt
I0406 16:59:30.845861 172969984 cuckoo_watch.h:45] 244ms in ProcessBatch(batches/aaaaaa.batch) [including 14ms in LoadMessage; 13ms in InitializeSparseNdw; 0ms in FindReuseThetaCacheEntry; 9ms in InitializeTheta; 0ms in CreateRegularizerAgents; 131ms in InferThetaAndUpdateNwtSparse; 0ms in UpdateCacheEntry; 69ms in CalculateScore(^^^ItemsProcessedScore^^^); ]
I0406 16:59:30.869381 172969984 processor.cc:740] No data in processing queue, waiting...
I0406 16:59:31.027472 173506560 processor.cc:925] Processor: complete processing batch 00ce3e08-5fa6-4508-b507-567d4f0cdafa into model nwt
I0406 16:59:31.036793 173506560 cuckoo_watch.h:45] 442ms in ProcessBatch(batches/aaaaab.batch) [including 21ms in LoadMessage; 30ms in InitializeSparseNdw; 0ms in FindReuseThetaCacheEntry; 6ms in InitializeTheta; 0ms in CreateRegularizerAgents; 245ms in InferThetaAndUpdateNwtSparse; 0ms in UpdateCacheEntry; 128ms in CalculateScore(^^^ItemsProcessedScore^^^); ]
I0406 16:59:31.037083 158740480 master_component.cc:1430] RegularizeModelArgs: rwt_target_name=rwt, pwt_source_name=pwt, nwt_source_name=nwt
I0406 16:59:31.037111 158740480 master_component.cc:974] MasterComponent: start regularizing model pwt
I0406 16:59:31.060339 173506560 processor.cc:740] No data in processing queue, waiting...
I0406 16:59:31.190687 158740480 master_component.cc:1000] MasterComponent: complete regularizing model pwt
I0406 16:59:31.190707 158740480 master_component.cc:1443] NormalizeModelArgs: pwt_target_name=pwt, nwt_source_name=nwt, rwt_source_name=rwt
I0406 16:59:31.190716 158740480 master_component.cc:1004] MasterComponent: start normalizing model nwt
I0406 16:59:31.302644 158740480 master_component.cc:1032] MasterComponent: complete normalizing model nwt
I0406 16:59:31.408838 158740480 master_component.cc:1467] DisposeModel rwt
I0406 16:59:31.433434 158740480 master_component.cc:1057] FitOffline: ItemsProcessed, num_items=1728, num_batches=2, token_weight=808522, token_weight_in_effect=808522
I0406 16:59:31.473572 2924262208 c_interface.cc:562] Pass GetScoreValueArgs, score_name=^^^ItemsProcessedScore^^^ to MasterComponent::Request
I0406 16:59:31.473609 2924262208 c_interface.cc:231] ArtmCopyRequestedMessage is copying 46 bytes...
I0406 16:59:31.474061 158740480 c_interface.cc:389] Pass FitOfflineMasterModelArgs, batch_filename_size=2, batch_weight_size=2, num_collection_passes=1 to MN4artm4core15MasterComponentEFvRKNS_25FitOfflineMasterModelArgsEE
I0406 16:59:31.474077 158740480 master_component.cc:1392] ProcessBatchesArgs: nwt_target_name=nwt, batch_filename_size=2, batch_size=0, batch_weight_size=2, pwt_source_name=pwt, num_document_passes=1, regularizer=(name:SparsePhi1, tau:100000), class=(text:1), class=(author:1), reuse_theta=yes, opt_for_avx=yes, predict_class_id=
I0406 16:59:31.502710 171896832 processor.cc:747] Processing queue has data, processing started
I0406 16:59:31.510108 172969984 processor.cc:747] Processing queue has data, processing started
I0406 16:59:31.520823 171896832 processor.cc:820] Processor: start processing batch 00ce3e08-5fa6-4508-b507-567d4f0cdafa into model nwt
I0406 16:59:31.522425 172969984 processor.cc:820] Processor: start processing batch 8b71d27b-f04c-426d-ac04-ee7da552b883 into model nwt
I0406 16:59:31.714979 172969984 processor.cc:925] Processor: complete processing batch 8b71d27b-f04c-426d-ac04-ee7da552b883 into model nwt
I0406 16:59:31.721572 172969984 cuckoo_watch.h:45] 211ms in ProcessBatch(batches/aaaaaa.batch) [including 12ms in LoadMessage; 16ms in InitializeSparseNdw; 0ms in FindReuseThetaCacheEntry; 9ms in InitializeTheta; 0ms in CreateRegularizerAgents; 103ms in InferThetaAndUpdateNwtSparse; 0ms in UpdateCacheEntry; 62ms in CalculateScore(^^^ItemsProcessedScore^^^); ]
I0406 16:59:31.745213 172969984 processor.cc:740] No data in processing queue, waiting...
I0406 16:59:31.885428 171896832 processor.cc:925] Processor: complete processing batch 00ce3e08-5fa6-4508-b507-567d4f0cdafa into model nwt
I0406 16:59:31.893908 171896832 cuckoo_watch.h:45] 391ms in ProcessBatch(batches/aaaaab.batch) [including 18ms in LoadMessage; 31ms in InitializeSparseNdw; 0ms in FindReuseThetaCacheEntry; 4ms in InitializeTheta; 0ms in CreateRegularizerAgents; 211ms in InferThetaAndUpdateNwtSparse; 0ms in UpdateCacheEntry; 117ms in CalculateScore(^^^ItemsProcessedScore^^^); ]
I0406 16:59:31.895232 158740480 master_component.cc:1430] RegularizeModelArgs: rwt_target_name=rwt, pwt_source_name=pwt, nwt_source_name=nwt
I0406 16:59:31.895359 158740480 master_component.cc:974] MasterComponent: start regularizing model pwt
I0406 16:59:31.917495 171896832 processor.cc:740] No data in processing queue, waiting...
I0406 16:59:32.053405 158740480 master_component.cc:1000] MasterComponent: complete regularizing model pwt
I0406 16:59:32.053422 158740480 master_component.cc:1443] NormalizeModelArgs: pwt_target_name=pwt, nwt_source_name=nwt, rwt_source_name=rwt
I0406 16:59:32.053431 158740480 master_component.cc:1004] MasterComponent: start normalizing model nwt
I0406 16:59:32.167098 158740480 master_component.cc:1032] MasterComponent: complete normalizing model nwt
I0406 16:59:32.262568 158740480 master_component.cc:1467] DisposeModel rwt
I0406 16:59:32.286238 158740480 master_component.cc:1057] FitOffline: ItemsProcessed, num_items=1728, num_batches=2, token_weight=808522, token_weight_in_effect=808522
I0406 16:59:32.324533 2924262208 c_interface.cc:562] Pass GetScoreValueArgs, score_name=^^^ItemsProcessedScore^^^ to MasterComponent::Request
I0406 16:59:32.324570 2924262208 c_interface.cc:231] ArtmCopyRequestedMessage is copying 46 bytes...
I0406 16:59:32.338510 2924262208 c_interface.cc:389] Pass MasterModelConfig: topic_name_size=30, class=(text:1), class=(author:1), score_config_size=3, num_processors=0, pwt_name=pwt, nwt_name=nwt, num_document_passes=1, regularizer=(SparsePhi1:100000), regularizer=(SparsePhi2:-100000), reuse_theta=yes, cache_theta=yes, opt_for_avx=yes, disk_cache_path= to MN4artm4core15MasterComponentEFvRKNS_17MasterModelConfigEE
I0406 16:59:32.338551 2924262208 instance.cc:401] MasterModelConfig.processors_count is automatically set to 4
I0406 16:59:32.338600 2924262208 instance.cc:232] Regularizer 'SparsePhi1' was cold-reconfigured
I0406 16:59:32.338627 2924262208 instance.cc:232] Regularizer 'SparsePhi2' was cold-reconfigured
I0406 17:00:16.224340 158740480 c_interface.cc:389] Pass FitOfflineMasterModelArgs, batch_filename_size=2, batch_weight_size=2, num_collection_passes=1 to MN4artm4core15MasterComponentEFvRKNS_25FitOfflineMasterModelArgsEE
I0406 17:00:16.225174 158740480 master_component.cc:1392] ProcessBatchesArgs: nwt_target_name=nwt, batch_filename_size=2, batch_size=0, batch_weight_size=2, pwt_source_name=pwt, num_document_passes=1, regularizer=(name:SparsePhi1, tau:100000), regularizer=(name:SparsePhi2, tau:-100000), class=(text:1), class=(author:1), reuse_theta=yes, opt_for_avx=yes, predict_class_id=
I0406 17:00:16.256551 172433408 processor.cc:747] Processing queue has data, processing started
I0406 17:00:16.263574 173506560 processor.cc:747] Processing queue has data, processing started
I0406 17:00:16.288275 173506560 processor.cc:820] Processor: start processing batch 8b71d27b-f04c-426d-ac04-ee7da552b883 into model nwt
I0406 17:00:16.295506 172433408 processor.cc:820] Processor: start processing batch 00ce3e08-5fa6-4508-b507-567d4f0cdafa into model nwt
I0406 17:00:16.479154 173506560 processor.cc:925] Processor: complete processing batch 8b71d27b-f04c-426d-ac04-ee7da552b883 into model nwt
I0406 17:00:16.485551 173506560 cuckoo_watch.h:45] 221ms in ProcessBatch(batches/aaaaaa.batch) [including 24ms in LoadMessage; 21ms in InitializeSparseNdw; 0ms in FindReuseThetaCacheEntry; 9ms in InitializeTheta; 0ms in CreateRegularizerAgents; 99ms in InferThetaAndUpdateNwtSparse; 0ms in UpdateCacheEntry; 59ms in CalculateScore(^^^ItemsProcessedScore^^^); ]
I0406 17:00:16.509546 173506560 processor.cc:740] No data in processing queue, waiting...
I0406 17:00:16.650758 172433408 processor.cc:925] Processor: complete processing batch 00ce3e08-5fa6-4508-b507-567d4f0cdafa into model nwt
I0406 17:00:16.657984 172433408 cuckoo_watch.h:45] 401ms in ProcessBatch(batches/aaaaab.batch) [including 38ms in LoadMessage; 31ms in InitializeSparseNdw; 0ms in FindReuseThetaCacheEntry; 3ms in InitializeTheta; 0ms in CreateRegularizerAgents; 205ms in InferThetaAndUpdateNwtSparse; 0ms in UpdateCacheEntry; 113ms in CalculateScore(^^^ItemsProcessedScore^^^); ]
I0406 17:00:16.659348 158740480 master_component.cc:1430] RegularizeModelArgs: rwt_target_name=rwt, pwt_source_name=pwt, nwt_source_name=nwt
I0406 17:00:16.659500 158740480 master_component.cc:974] MasterComponent: start regularizing model pwt
I0406 17:00:16.681844 172433408 processor.cc:740] No data in processing queue, waiting...
I0406 17:00:16.868780 158740480 master_component.cc:1000] MasterComponent: complete regularizing model pwt
I0406 17:00:16.868799 158740480 master_component.cc:1443] NormalizeModelArgs: pwt_target_name=pwt, nwt_source_name=nwt, rwt_source_name=rwt
I0406 17:00:16.868806 158740480 master_component.cc:1004] MasterComponent: start normalizing model nwt
I0406 17:00:16.982836 158740480 master_component.cc:1032] MasterComponent: complete normalizing model nwt
I0406 17:00:17.056789 158740480 master_component.cc:1467] DisposeModel rwt
I0406 17:00:17.083953 158740480 master_component.cc:1057] FitOffline: ItemsProcessed, num_items=1728, num_batches=2, token_weight=808522, token_weight_in_effect=808522
I0406 17:00:17.087015 2924262208 c_interface.cc:562] Pass GetScoreValueArgs, score_name=^^^ItemsProcessedScore^^^ to MasterComponent::Request
I0406 17:00:17.087124 2924262208 c_interface.cc:231] ArtmCopyRequestedMessage is copying 46 bytes...
I0406 17:00:17.087612 158740480 c_interface.cc:389] Pass FitOfflineMasterModelArgs, batch_filename_size=2, batch_weight_size=2, num_collection_passes=1 to MN4artm4core15MasterComponentEFvRKNS_25FitOfflineMasterModelArgsEE
I0406 17:00:17.087630 158740480 master_component.cc:1392] ProcessBatchesArgs: nwt_target_name=nwt, batch_filename_size=2, batch_size=0, batch_weight_size=2, pwt_source_name=pwt, num_document_passes=1, regularizer=(name:SparsePhi1, tau:100000), regularizer=(name:SparsePhi2, tau:-100000), class=(text:1), class=(author:1), reuse_theta=yes, opt_for_avx=yes, predict_class_id=
I0406 17:00:17.115675 172969984 processor.cc:747] Processing queue has data, processing started
I0406 17:00:17.124476 173506560 processor.cc:747] Processing queue has data, processing started
I0406 17:00:17.133064 172969984 processor.cc:820] Processor: start processing batch 00ce3e08-5fa6-4508-b507-567d4f0cdafa into model nwt
I0406 17:00:17.134678 173506560 processor.cc:820] Processor: start processing batch 8b71d27b-f04c-426d-ac04-ee7da552b883 into model nwt
I0406 17:00:17.314549 173506560 processor.cc:925] Processor: complete processing batch 8b71d27b-f04c-426d-ac04-ee7da552b883 into model nwt
I0406 17:00:17.322187 173506560 cuckoo_watch.h:45] 197ms in ProcessBatch(batches/aaaaaa.batch) [including 10ms in LoadMessage; 10ms in InitializeSparseNdw; 0ms in FindReuseThetaCacheEntry; 8ms in InitializeTheta; 0ms in CreateRegularizerAgents; 96ms in InferThetaAndUpdateNwtSparse; 0ms in UpdateCacheEntry; 63ms in CalculateScore(^^^ItemsProcessedScore^^^); ]
I0406 17:00:17.346058 173506560 processor.cc:740] No data in processing queue, waiting...
I0406 17:00:17.476563 172969984 processor.cc:925] Processor: complete processing batch 00ce3e08-5fa6-4508-b507-567d4f0cdafa into model nwt
I0406 17:00:17.484251 172969984 cuckoo_watch.h:45] 368ms in ProcessBatch(batches/aaaaab.batch) [including 17ms in LoadMessage; 24ms in InitializeSparseNdw; 0ms in FindReuseThetaCacheEntry; 3ms in InitializeTheta; 0ms in CreateRegularizerAgents; 201ms in InferThetaAndUpdateNwtSparse; 0ms in UpdateCacheEntry; 113ms in CalculateScore(^^^ItemsProcessedScore^^^); ]
I0406 17:00:17.484709 158740480 master_component.cc:1430] RegularizeModelArgs: rwt_target_name=rwt, pwt_source_name=pwt, nwt_source_name=nwt
I0406 17:00:17.484797 158740480 master_component.cc:974] MasterComponent: start regularizing model pwt
I0406 17:00:17.507061 172969984 processor.cc:740] No data in processing queue, waiting...
I0406 17:00:17.705924 158740480 master_component.cc:1000] MasterComponent: complete regularizing model pwt
I0406 17:00:17.705941 158740480 master_component.cc:1443] NormalizeModelArgs: pwt_target_name=pwt, nwt_source_name=nwt, rwt_source_name=rwt
I0406 17:00:17.705950 158740480 master_component.cc:1004] MasterComponent: start normalizing model nwt
I0406 17:00:17.817479 158740480 master_component.cc:1032] MasterComponent: complete normalizing model nwt
I0406 17:00:17.895668 158740480 master_component.cc:1467] DisposeModel rwt
I0406 17:00:17.922291 158740480 master_component.cc:1057] FitOffline: ItemsProcessed, num_items=1728, num_batches=2, token_weight=808522, token_weight_in_effect=808522
I0406 17:00:17.946301 2924262208 c_interface.cc:562] Pass GetScoreValueArgs, score_name=^^^ItemsProcessedScore^^^ to MasterComponent::Request
I0406 17:00:17.946337 2924262208 c_interface.cc:231] ArtmCopyRequestedMessage is copying 46 bytes...
I0406 17:00:17.946816 158740480 c_interface.cc:389] Pass FitOfflineMasterModelArgs, batch_filename_size=2, batch_weight_size=2, num_collection_passes=1 to MN4artm4core15MasterComponentEFvRKNS_25FitOfflineMasterModelArgsEE
I0406 17:00:17.946833 158740480 master_component.cc:1392] ProcessBatchesArgs: nwt_target_name=nwt, batch_filename_size=2, batch_size=0, batch_weight_size=2, pwt_source_name=pwt, num_document_passes=1, regularizer=(name:SparsePhi1, tau:100000), regularizer=(name:SparsePhi2, tau:-100000), class=(text:1), class=(author:1), reuse_theta=yes, opt_for_avx=yes, predict_class_id=
I0406 17:00:17.978983 172969984 processor.cc:747] Processing queue has data, processing started
I0406 17:00:17.987272 171896832 processor.cc:747] Processing queue has data, processing started
I0406 17:00:17.997692 172969984 processor.cc:820] Processor: start processing batch 00ce3e08-5fa6-4508-b507-567d4f0cdafa into model nwt
I0406 17:00:17.999140 171896832 processor.cc:820] Processor: start processing batch 8b71d27b-f04c-426d-ac04-ee7da552b883 into model nwt
I0406 17:00:18.225318 171896832 processor.cc:925] Processor: complete processing batch 8b71d27b-f04c-426d-ac04-ee7da552b883 into model nwt
I0406 17:00:18.232280 171896832 cuckoo_watch.h:45] 244ms in ProcessBatch(batches/aaaaaa.batch) [including 11ms in LoadMessage; 15ms in InitializeSparseNdw; 0ms in FindReuseThetaCacheEntry; 18ms in InitializeTheta; 0ms in CreateRegularizerAgents; 130ms in InferThetaAndUpdateNwtSparse; 0ms in UpdateCacheEntry; 61ms in CalculateScore(^^^ItemsProcessedScore^^^); ]
I0406 17:00:18.256331 171896832 processor.cc:740] No data in processing queue, waiting...
I0406 17:00:18.390162 172969984 processor.cc:925] Processor: complete processing batch 00ce3e08-5fa6-4508-b507-567d4f0cdafa into model nwt
I0406 17:00:18.397981 172969984 cuckoo_watch.h:45] 418ms in ProcessBatch(batches/aaaaab.batch) [including 18ms in LoadMessage; 35ms in InitializeSparseNdw; 0ms in FindReuseThetaCacheEntry; 6ms in InitializeTheta; 0ms in CreateRegularizerAgents; 235ms in InferThetaAndUpdateNwtSparse; 0ms in UpdateCacheEntry; 114ms in CalculateScore(^^^ItemsProcessedScore^^^); ]
I0406 17:00:18.398645 158740480 master_component.cc:1430] RegularizeModelArgs: rwt_target_name=rwt, pwt_source_name=pwt, nwt_source_name=nwt
I0406 17:00:18.398741 158740480 master_component.cc:974] MasterComponent: start regularizing model pwt
I0406 17:00:18.422214 172969984 processor.cc:740] No data in processing queue, waiting...
I0406 17:00:18.599145 158740480 master_component.cc:1000] MasterComponent: complete regularizing model pwt
I0406 17:00:18.599164 158740480 master_component.cc:1443] NormalizeModelArgs: pwt_target_name=pwt, nwt_source_name=nwt, rwt_source_name=rwt
I0406 17:00:18.599174 158740480 master_component.cc:1004] MasterComponent: start normalizing model nwt
I0406 17:00:18.705291 158740480 master_component.cc:1032] MasterComponent: complete normalizing model nwt
I0406 17:00:18.776810 158740480 master_component.cc:1467] DisposeModel rwt
I0406 17:00:18.800122 158740480 master_component.cc:1057] FitOffline: ItemsProcessed, num_items=1728, num_batches=2, token_weight=808522, token_weight_in_effect=808522
I0406 17:00:18.852269 2924262208 c_interface.cc:562] Pass GetScoreValueArgs, score_name=^^^ItemsProcessedScore^^^ to MasterComponent::Request
I0406 17:00:18.852308 2924262208 c_interface.cc:231] ArtmCopyRequestedMessage is copying 46 bytes...
I0406 17:00:18.852787 158740480 c_interface.cc:389] Pass FitOfflineMasterModelArgs, batch_filename_size=2, batch_weight_size=2, num_collection_passes=1 to MN4artm4core15MasterComponentEFvRKNS_25FitOfflineMasterModelArgsEE
I0406 17:00:18.852805 158740480 master_component.cc:1392] ProcessBatchesArgs: nwt_target_name=nwt, batch_filename_size=2, batch_size=0, batch_weight_size=2, pwt_source_name=pwt, num_document_passes=1, regularizer=(name:SparsePhi1, tau:100000), regularizer=(name:SparsePhi2, tau:-100000), class=(text:1), class=(author:1), reuse_theta=yes, opt_for_avx=yes, predict_class_id=
I0406 17:00:18.882095 173506560 processor.cc:747] Processing queue has data, processing started
I0406 17:00:18.892323 172969984 processor.cc:747] Processing queue has data, processing started
I0406 17:00:18.900872 173506560 processor.cc:820] Processor: start processing batch 00ce3e08-5fa6-4508-b507-567d4f0cdafa into model nwt
I0406 17:00:18.902423 172969984 processor.cc:820] Processor: start processing batch 8b71d27b-f04c-426d-ac04-ee7da552b883 into model nwt
I0406 17:00:19.105700 172969984 processor.cc:925] Processor: complete processing batch 8b71d27b-f04c-426d-ac04-ee7da552b883 into model nwt
I0406 17:00:19.112866 172969984 cuckoo_watch.h:45] 220ms in ProcessBatch(batches/aaaaaa.batch) [including 10ms in LoadMessage; 11ms in InitializeSparseNdw; 0ms in FindReuseThetaCacheEntry; 10ms in InitializeTheta; 0ms in CreateRegularizerAgents; 110ms in InferThetaAndUpdateNwtSparse; 0ms in UpdateCacheEntry; 70ms in CalculateScore(^^^ItemsProcessedScore^^^); ]
I0406 17:00:19.136265 172969984 processor.cc:740] No data in processing queue, waiting...
I0406 17:00:19.283558 173506560 processor.cc:925] Processor: complete processing batch 00ce3e08-5fa6-4508-b507-567d4f0cdafa into model nwt
I0406 17:00:19.293313 173506560 cuckoo_watch.h:45] 411ms in ProcessBatch(batches/aaaaab.batch) [including 18ms in LoadMessage; 27ms in InitializeSparseNdw; 0ms in FindReuseThetaCacheEntry; 4ms in InitializeTheta; 0ms in CreateRegularizerAgents; 222ms in InferThetaAndUpdateNwtSparse; 0ms in UpdateCacheEntry; 127ms in CalculateScore(^^^ItemsProcessedScore^^^); ]
I0406 17:00:19.293895 158740480 master_component.cc:1430] RegularizeModelArgs: rwt_target_name=rwt, pwt_source_name=pwt, nwt_source_name=nwt
I0406 17:00:19.293936 158740480 master_component.cc:974] MasterComponent: start regularizing model pwt
I0406 17:00:19.317150 173506560 processor.cc:740] No data in processing queue, waiting...
I0406 17:00:19.538437 158740480 master_component.cc:1000] MasterComponent: complete regularizing model pwt
I0406 17:00:19.538456 158740480 master_component.cc:1443] NormalizeModelArgs: pwt_target_name=pwt, nwt_source_name=nwt, rwt_source_name=rwt
I0406 17:00:19.538463 158740480 master_component.cc:1004] MasterComponent: start normalizing model nwt
I0406 17:00:19.642602 158740480 master_component.cc:1032] MasterComponent: complete normalizing model nwt
I0406 17:00:19.712404 158740480 master_component.cc:1467] DisposeModel rwt
I0406 17:00:19.737422 158740480 master_component.cc:1057] FitOffline: ItemsProcessed, num_items=1728, num_batches=2, token_weight=808522, token_weight_in_effect=808522
I0406 17:00:19.763999 2924262208 c_interface.cc:562] Pass GetScoreValueArgs, score_name=^^^ItemsProcessedScore^^^ to MasterComponent::Request
I0406 17:00:19.764045 2924262208 c_interface.cc:231] ArtmCopyRequestedMessage is copying 46 bytes...
I0406 17:00:19.764556 158740480 c_interface.cc:389] Pass FitOfflineMasterModelArgs, batch_filename_size=2, batch_weight_size=2, num_collection_passes=1 to MN4artm4core15MasterComponentEFvRKNS_25FitOfflineMasterModelArgsEE
I0406 17:00:19.764575 158740480 master_component.cc:1392] ProcessBatchesArgs: nwt_target_name=nwt, batch_filename_size=2, batch_size=0, batch_weight_size=2, pwt_source_name=pwt, num_document_passes=1, regularizer=(name:SparsePhi1, tau:100000), regularizer=(name:SparsePhi2, tau:-100000), class=(text:1), class=(author:1), reuse_theta=yes, opt_for_avx=yes, predict_class_id=
I0406 17:00:19.795197 171896832 processor.cc:747] Processing queue has data, processing started
I0406 17:00:19.801487 173506560 processor.cc:747] Processing queue has data, processing started
I0406 17:00:19.811027 173506560 processor.cc:820] Processor: start processing batch 8b71d27b-f04c-426d-ac04-ee7da552b883 into model nwt
I0406 17:00:19.811769 171896832 processor.cc:820] Processor: start processing batch 00ce3e08-5fa6-4508-b507-567d4f0cdafa into model nwt
I0406 17:00:20.000087 173506560 processor.cc:925] Processor: complete processing batch 8b71d27b-f04c-426d-ac04-ee7da552b883 into model nwt
I0406 17:00:20.006814 173506560 cuckoo_watch.h:45] 205ms in ProcessBatch(batches/aaaaaa.batch) [including 9ms in LoadMessage; 9ms in InitializeSparseNdw; 0ms in FindReuseThetaCacheEntry; 8ms in InitializeTheta; 0ms in CreateRegularizerAgents; 100ms in InferThetaAndUpdateNwtSparse; 0ms in UpdateCacheEntry; 70ms in CalculateScore(^^^ItemsProcessedScore^^^); ]
I0406 17:00:20.030549 173506560 processor.cc:740] No data in processing queue, waiting...
I0406 17:00:20.195852 171896832 processor.cc:925] Processor: complete processing batch 00ce3e08-5fa6-4508-b507-567d4f0cdafa into model nwt
I0406 17:00:20.204381 171896832 cuckoo_watch.h:45] 409ms in ProcessBatch(batches/aaaaab.batch) [including 16ms in LoadMessage; 26ms in InitializeSparseNdw; 0ms in FindReuseThetaCacheEntry; 3ms in InitializeTheta; 0ms in CreateRegularizerAgents; 215ms in InferThetaAndUpdateNwtSparse; 0ms in UpdateCacheEntry; 137ms in CalculateScore(^^^ItemsProcessedScore^^^); ]
I0406 17:00:20.204447 158740480 master_component.cc:1430] RegularizeModelArgs: rwt_target_name=rwt, pwt_source_name=pwt, nwt_source_name=nwt
I0406 17:00:20.204470 158740480 master_component.cc:974] MasterComponent: start regularizing model pwt
I0406 17:00:20.228245 171896832 processor.cc:740] No data in processing queue, waiting...
I0406 17:00:20.426013 158740480 master_component.cc:1000] MasterComponent: complete regularizing model pwt
I0406 17:00:20.426033 158740480 master_component.cc:1443] NormalizeModelArgs: pwt_target_name=pwt, nwt_source_name=nwt, rwt_source_name=rwt
I0406 17:00:20.426040 158740480 master_component.cc:1004] MasterComponent: start normalizing model nwt
I0406 17:00:20.528295 158740480 master_component.cc:1032] MasterComponent: complete normalizing model nwt
I0406 17:00:20.601591 158740480 master_component.cc:1467] DisposeModel rwt
I0406 17:00:20.627051 158740480 master_component.cc:1057] FitOffline: ItemsProcessed, num_items=1728, num_batches=2, token_weight=808522, token_weight_in_effect=808522
I0406 17:00:20.633414 2924262208 c_interface.cc:562] Pass GetScoreValueArgs, score_name=^^^ItemsProcessedScore^^^ to MasterComponent::Request
I0406 17:00:20.633451 2924262208 c_interface.cc:231] ArtmCopyRequestedMessage is copying 46 bytes...
I0406 17:00:20.633885 158740480 c_interface.cc:389] Pass FitOfflineMasterModelArgs, batch_filename_size=2, batch_weight_size=2, num_collection_passes=1 to MN4artm4core15MasterComponentEFvRKNS_25FitOfflineMasterModelArgsEE
I0406 17:00:20.633903 158740480 master_component.cc:1392] ProcessBatchesArgs: nwt_target_name=nwt, batch_filename_size=2, batch_size=0, batch_weight_size=2, pwt_source_name=pwt, num_document_passes=1, regularizer=(name:SparsePhi1, tau:100000), regularizer=(name:SparsePhi2, tau:-100000), class=(text:1), class=(author:1), reuse_theta=yes, opt_for_avx=yes, predict_class_id=
I0406 17:00:20.665205 172433408 processor.cc:747] Processing queue has data, processing started
I0406 17:00:20.673635 171896832 processor.cc:747] Processing queue has data, processing started
I0406 17:00:20.681731 172433408 processor.cc:820] Processor: start processing batch 00ce3e08-5fa6-4508-b507-567d4f0cdafa into model nwt
I0406 17:00:20.684720 171896832 processor.cc:820] Processor: start processing batch 8b71d27b-f04c-426d-ac04-ee7da552b883 into model nwt
I0406 17:00:20.871644 171896832 processor.cc:925] Processor: complete processing batch 8b71d27b-f04c-426d-ac04-ee7da552b883 into model nwt
I0406 17:00:20.879696 171896832 cuckoo_watch.h:45] 206ms in ProcessBatch(batches/aaaaaa.batch) [including 11ms in LoadMessage; 13ms in InitializeSparseNdw; 0ms in FindReuseThetaCacheEntry; 9ms in InitializeTheta; 0ms in CreateRegularizerAgents; 103ms in InferThetaAndUpdateNwtSparse; 0ms in UpdateCacheEntry; 59ms in CalculateScore(^^^ItemsProcessedScore^^^); ]
I0406 17:00:20.903841 171896832 processor.cc:740] No data in processing queue, waiting...
I0406 17:00:21.052762 172433408 processor.cc:925] Processor: complete processing batch 00ce3e08-5fa6-4508-b507-567d4f0cdafa into model nwt
I0406 17:00:21.062135 172433408 cuckoo_watch.h:45] 396ms in ProcessBatch(batches/aaaaab.batch) [including 16ms in LoadMessage; 30ms in InitializeSparseNdw; 0ms in FindReuseThetaCacheEntry; 3ms in InitializeTheta; 0ms in CreateRegularizerAgents; 204ms in InferThetaAndUpdateNwtSparse; 0ms in UpdateCacheEntry; 131ms in CalculateScore(^^^ItemsProcessedScore^^^); ]
I0406 17:00:21.063182 158740480 master_component.cc:1430] RegularizeModelArgs: rwt_target_name=rwt, pwt_source_name=pwt, nwt_source_name=nwt
I0406 17:00:21.063215 158740480 master_component.cc:974] MasterComponent: start regularizing model pwt
I0406 17:00:21.085700 172433408 processor.cc:740] No data in processing queue, waiting...
I0406 17:00:21.272336 158740480 master_component.cc:1000] MasterComponent: complete regularizing model pwt
I0406 17:00:21.272353 158740480 master_component.cc:1443] NormalizeModelArgs: pwt_target_name=pwt, nwt_source_name=nwt, rwt_source_name=rwt
I0406 17:00:21.272361 158740480 master_component.cc:1004] MasterComponent: start normalizing model nwt
I0406 17:00:21.381860 158740480 master_component.cc:1032] MasterComponent: complete normalizing model nwt
I0406 17:00:21.454305 158740480 master_component.cc:1467] DisposeModel rwt
I0406 17:00:21.480576 158740480 master_component.cc:1057] FitOffline: ItemsProcessed, num_items=1728, num_batches=2, token_weight=808522, token_weight_in_effect=808522
I0406 17:00:21.483376 2924262208 c_interface.cc:562] Pass GetScoreValueArgs, score_name=^^^ItemsProcessedScore^^^ to MasterComponent::Request
I0406 17:00:21.483412 2924262208 c_interface.cc:231] ArtmCopyRequestedMessage is copying 46 bytes...
I0406 17:00:21.483821 158740480 c_interface.cc:389] Pass FitOfflineMasterModelArgs, batch_filename_size=2, batch_weight_size=2, num_collection_passes=1 to MN4artm4core15MasterComponentEFvRKNS_25FitOfflineMasterModelArgsEE
