I0406 16:59:11.252792 172969984 cuckoo_watch.h:45] 360ms in ProcessBatch(batches/aaaaab.batch) [including 17ms in LoadMessage; 25ms in InitializeSparseNdw; 0ms in FindReuseThetaCacheEntry; 3ms in InitializeTheta; 0ms in CreateRegularizerAgents; 196ms in InferThetaAndUpdateNwtSparse; 0ms in UpdateCacheEntry; 109ms in CalculateScore(^^^ItemsProcessedScore^^^); ]
I0406 16:59:11.253913 158740480 master_component.cc:1430] RegularizeModelArgs: rwt_target_name=rwt, pwt_source_name=pwt, nwt_source_name=nwt
I0406 16:59:11.254029 158740480 master_component.cc:974] MasterComponent: start regularizing model pwt
I0406 16:59:11.276754 172969984 processor.cc:740] No data in processing queue, waiting...
I0406 16:59:11.392603 158740480 master_component.cc:1000] MasterComponent: complete regularizing model pwt
I0406 16:59:11.392626 158740480 master_component.cc:1443] NormalizeModelArgs: pwt_target_name=pwt, nwt_source_name=nwt, rwt_source_name=rwt
I0406 16:59:11.392634 158740480 master_component.cc:1004] MasterComponent: start normalizing model nwt
I0406 16:59:11.479354 158740480 master_component.cc:1032] MasterComponent: complete normalizing model nwt
I0406 16:59:11.587980 158740480 master_component.cc:1467] DisposeModel rwt
I0406 16:59:11.609283 158740480 master_component.cc:1057] FitOffline: ItemsProcessed, num_items=1728, num_batches=2, token_weight=808522, token_weight_in_effect=808522
I0406 16:59:11.621049 2924262208 c_interface.cc:562] Pass GetScoreValueArgs, score_name=^^^ItemsProcessedScore^^^ to MasterComponent::Request
I0406 16:59:11.621085 2924262208 c_interface.cc:231] ArtmCopyRequestedMessage is copying 46 bytes...
I0406 16:59:11.621495 158740480 c_interface.cc:389] Pass FitOfflineMasterModelArgs, batch_filename_size=2, batch_weight_size=2, num_collection_passes=1 to MN4artm4core15MasterComponentEFvRKNS_25FitOfflineMasterModelArgsEE
I0406 16:59:11.621510 158740480 master_component.cc:1392] ProcessBatchesArgs: nwt_target_name=nwt, batch_filename_size=2, batch_size=0, batch_weight_size=2, pwt_source_name=pwt, num_document_passes=1, regularizer=(name:SparsePhi1, tau:100000), class=(text:1), class=(author:1), reuse_theta=yes, opt_for_avx=yes, predict_class_id=
I0406 16:59:11.647433 173506560 processor.cc:747] Processing queue has data, processing started
I0406 16:59:11.653898 171896832 processor.cc:747] Processing queue has data, processing started
I0406 16:59:11.662762 173506560 processor.cc:820] Processor: start processing batch 00ce3e08-5fa6-4508-b507-567d4f0cdafa into model nwt
I0406 16:59:11.664283 171896832 processor.cc:820] Processor: start processing batch 8b71d27b-f04c-426d-ac04-ee7da552b883 into model nwt
I0406 16:59:11.832248 171896832 processor.cc:925] Processor: complete processing batch 8b71d27b-f04c-426d-ac04-ee7da552b883 into model nwt
I0406 16:59:11.837132 171896832 cuckoo_watch.h:45] 183ms in ProcessBatch(batches/aaaaaa.batch) [including 10ms in LoadMessage; 10ms in InitializeSparseNdw; 0ms in FindReuseThetaCacheEntry; 9ms in InitializeTheta; 0ms in CreateRegularizerAgents; 91ms in InferThetaAndUpdateNwtSparse; 0ms in UpdateCacheEntry; 55ms in CalculateScore(^^^ItemsProcessedScore^^^); ]
I0406 16:59:11.860921 171896832 processor.cc:740] No data in processing queue, waiting...
I0406 16:59:11.994500 173506560 processor.cc:925] Processor: complete processing batch 00ce3e08-5fa6-4508-b507-567d4f0cdafa into model nwt
I0406 16:59:12.001581 173506560 cuckoo_watch.h:45] 354ms in ProcessBatch(batches/aaaaab.batch) [including 15ms in LoadMessage; 24ms in InitializeSparseNdw; 0ms in FindReuseThetaCacheEntry; 4ms in InitializeTheta; 0ms in CreateRegularizerAgents; 191ms in InferThetaAndUpdateNwtSparse; 0ms in UpdateCacheEntry; 110ms in CalculateScore(^^^ItemsProcessedScore^^^); ]
I0406 16:59:12.002151 158740480 master_component.cc:1430] RegularizeModelArgs: rwt_target_name=rwt, pwt_source_name=pwt, nwt_source_name=nwt
I0406 16:59:12.002213 158740480 master_component.cc:974] MasterComponent: start regularizing model pwt
I0406 16:59:12.024369 173506560 processor.cc:740] No data in processing queue, waiting...
I0406 16:59:12.153162 158740480 master_component.cc:1000] MasterComponent: complete regularizing model pwt
I0406 16:59:12.153187 158740480 master_component.cc:1443] NormalizeModelArgs: pwt_target_name=pwt, nwt_source_name=nwt, rwt_source_name=rwt
I0406 16:59:12.153198 158740480 master_component.cc:1004] MasterComponent: start normalizing model nwt
I0406 16:59:12.243451 158740480 master_component.cc:1032] MasterComponent: complete normalizing model nwt
I0406 16:59:12.367813 158740480 master_component.cc:1467] DisposeModel rwt
I0406 16:59:12.387650 158740480 master_component.cc:1057] FitOffline: ItemsProcessed, num_items=1728, num_batches=2, token_weight=808522, token_weight_in_effect=808522
I0406 16:59:12.416698 2924262208 c_interface.cc:562] Pass GetScoreValueArgs, score_name=^^^ItemsProcessedScore^^^ to MasterComponent::Request
I0406 16:59:12.416734 2924262208 c_interface.cc:231] ArtmCopyRequestedMessage is copying 46 bytes...
I0406 16:59:12.417215 158740480 c_interface.cc:389] Pass FitOfflineMasterModelArgs, batch_filename_size=2, batch_weight_size=2, num_collection_passes=1 to MN4artm4core15MasterComponentEFvRKNS_25FitOfflineMasterModelArgsEE
I0406 16:59:12.417232 158740480 master_component.cc:1392] ProcessBatchesArgs: nwt_target_name=nwt, batch_filename_size=2, batch_size=0, batch_weight_size=2, pwt_source_name=pwt, num_document_passes=1, regularizer=(name:SparsePhi1, tau:100000), class=(text:1), class=(author:1), reuse_theta=yes, opt_for_avx=yes, predict_class_id=
I0406 16:59:12.444236 172433408 processor.cc:747] Processing queue has data, processing started
I0406 16:59:12.455745 171896832 processor.cc:747] Processing queue has data, processing started
I0406 16:59:12.470134 172433408 processor.cc:820] Processor: start processing batch 00ce3e08-5fa6-4508-b507-567d4f0cdafa into model nwt
I0406 16:59:12.473549 171896832 processor.cc:820] Processor: start processing batch 8b71d27b-f04c-426d-ac04-ee7da552b883 into model nwt
I0406 16:59:12.649895 171896832 processor.cc:925] Processor: complete processing batch 8b71d27b-f04c-426d-ac04-ee7da552b883 into model nwt
I0406 16:59:12.655218 171896832 cuckoo_watch.h:45] 199ms in ProcessBatch(batches/aaaaaa.batch) [including 17ms in LoadMessage; 13ms in InitializeSparseNdw; 0ms in FindReuseThetaCacheEntry; 11ms in InitializeTheta; 0ms in CreateRegularizerAgents; 96ms in InferThetaAndUpdateNwtSparse; 0ms in UpdateCacheEntry; 54ms in CalculateScore(^^^ItemsProcessedScore^^^); ]
I0406 16:59:12.679786 171896832 processor.cc:740] No data in processing queue, waiting...
I0406 16:59:12.803709 172433408 processor.cc:925] Processor: complete processing batch 00ce3e08-5fa6-4508-b507-567d4f0cdafa into model nwt
I0406 16:59:12.811023 172433408 cuckoo_watch.h:45] 366ms in ProcessBatch(batches/aaaaab.batch) [including 25ms in LoadMessage; 31ms in InitializeSparseNdw; 0ms in FindReuseThetaCacheEntry; 3ms in InitializeTheta; 0ms in CreateRegularizerAgents; 194ms in InferThetaAndUpdateNwtSparse; 0ms in UpdateCacheEntry; 103ms in CalculateScore(^^^ItemsProcessedScore^^^); ]
I0406 16:59:12.811393 158740480 master_component.cc:1430] RegularizeModelArgs: rwt_target_name=rwt, pwt_source_name=pwt, nwt_source_name=nwt
I0406 16:59:12.811419 158740480 master_component.cc:974] MasterComponent: start regularizing model pwt
I0406 16:59:12.835346 172433408 processor.cc:740] No data in processing queue, waiting...
I0406 16:59:12.954147 158740480 master_component.cc:1000] MasterComponent: complete regularizing model pwt
I0406 16:59:12.954165 158740480 master_component.cc:1443] NormalizeModelArgs: pwt_target_name=pwt, nwt_source_name=nwt, rwt_source_name=rwt
I0406 16:59:12.954174 158740480 master_component.cc:1004] MasterComponent: start normalizing model nwt
I0406 16:59:13.050992 158740480 master_component.cc:1032] MasterComponent: complete normalizing model nwt
I0406 16:59:13.176589 158740480 master_component.cc:1467] DisposeModel rwt
I0406 16:59:13.202653 158740480 master_component.cc:1057] FitOffline: ItemsProcessed, num_items=1728, num_batches=2, token_weight=808522, token_weight_in_effect=808522
I0406 16:59:13.216537 2924262208 c_interface.cc:562] Pass GetScoreValueArgs, score_name=^^^ItemsProcessedScore^^^ to MasterComponent::Request
I0406 16:59:13.216573 2924262208 c_interface.cc:231] ArtmCopyRequestedMessage is copying 46 bytes...
I0406 16:59:13.216990 158740480 c_interface.cc:389] Pass FitOfflineMasterModelArgs, batch_filename_size=2, batch_weight_size=2, num_collection_passes=1 to MN4artm4core15MasterComponentEFvRKNS_25FitOfflineMasterModelArgsEE
I0406 16:59:13.217005 158740480 master_component.cc:1392] ProcessBatchesArgs: nwt_target_name=nwt, batch_filename_size=2, batch_size=0, batch_weight_size=2, pwt_source_name=pwt, num_document_passes=1, regularizer=(name:SparsePhi1, tau:100000), class=(text:1), class=(author:1), reuse_theta=yes, opt_for_avx=yes, predict_class_id=
I0406 16:59:13.245522 173506560 processor.cc:747] Processing queue has data, processing started
I0406 16:59:13.252753 172969984 processor.cc:747] Processing queue has data, processing started
I0406 16:59:13.261252 173506560 processor.cc:820] Processor: start processing batch 00ce3e08-5fa6-4508-b507-567d4f0cdafa into model nwt
I0406 16:59:13.262202 172969984 processor.cc:820] Processor: start processing batch 8b71d27b-f04c-426d-ac04-ee7da552b883 into model nwt
I0406 16:59:13.430930 172969984 processor.cc:925] Processor: complete processing batch 8b71d27b-f04c-426d-ac04-ee7da552b883 into model nwt
I0406 16:59:13.435721 172969984 cuckoo_watch.h:45] 182ms in ProcessBatch(batches/aaaaaa.batch) [including 9ms in LoadMessage; 10ms in InitializeSparseNdw; 0ms in FindReuseThetaCacheEntry; 7ms in InitializeTheta; 0ms in CreateRegularizerAgents; 94ms in InferThetaAndUpdateNwtSparse; 0ms in UpdateCacheEntry; 54ms in CalculateScore(^^^ItemsProcessedScore^^^); ]
I0406 16:59:13.459666 172969984 processor.cc:740] No data in processing queue, waiting...
I0406 16:59:13.596304 173506560 processor.cc:925] Processor: complete processing batch 00ce3e08-5fa6-4508-b507-567d4f0cdafa into model nwt
I0406 16:59:13.603299 173506560 cuckoo_watch.h:45] 357ms in ProcessBatch(batches/aaaaab.batch) [including 15ms in LoadMessage; 24ms in InitializeSparseNdw; 0ms in FindReuseThetaCacheEntry; 5ms in InitializeTheta; 0ms in CreateRegularizerAgents; 197ms in InferThetaAndUpdateNwtSparse; 0ms in UpdateCacheEntry; 107ms in CalculateScore(^^^ItemsProcessedScore^^^); ]
I0406 16:59:13.604526 158740480 master_component.cc:1430] RegularizeModelArgs: rwt_target_name=rwt, pwt_source_name=pwt, nwt_source_name=nwt
I0406 16:59:13.604708 158740480 master_component.cc:974] MasterComponent: start regularizing model pwt
I0406 16:59:13.627233 173506560 processor.cc:740] No data in processing queue, waiting...
I0406 16:59:13.745564 158740480 master_component.cc:1000] MasterComponent: complete regularizing model pwt
I0406 16:59:13.745586 158740480 master_component.cc:1443] NormalizeModelArgs: pwt_target_name=pwt, nwt_source_name=nwt, rwt_source_name=rwt
I0406 16:59:13.745594 158740480 master_component.cc:1004] MasterComponent: start normalizing model nwt
I0406 16:59:13.831164 158740480 master_component.cc:1032] MasterComponent: complete normalizing model nwt
I0406 16:59:13.936856 158740480 master_component.cc:1467] DisposeModel rwt
I0406 16:59:13.955454 158740480 master_component.cc:1057] FitOffline: ItemsProcessed, num_items=1728, num_batches=2, token_weight=808522, token_weight_in_effect=808522
I0406 16:59:13.965098 2924262208 c_interface.cc:562] Pass GetScoreValueArgs, score_name=^^^ItemsProcessedScore^^^ to MasterComponent::Request
I0406 16:59:13.965134 2924262208 c_interface.cc:231] ArtmCopyRequestedMessage is copying 46 bytes...
I0406 16:59:13.965533 158740480 c_interface.cc:389] Pass FitOfflineMasterModelArgs, batch_filename_size=2, batch_weight_size=2, num_collection_passes=1 to MN4artm4core15MasterComponentEFvRKNS_25FitOfflineMasterModelArgsEE
I0406 16:59:13.965579 158740480 master_component.cc:1392] ProcessBatchesArgs: nwt_target_name=nwt, batch_filename_size=2, batch_size=0, batch_weight_size=2, pwt_source_name=pwt, num_document_passes=1, regularizer=(name:SparsePhi1, tau:100000), class=(text:1), class=(author:1), reuse_theta=yes, opt_for_avx=yes, predict_class_id=
I0406 16:59:13.994127 172433408 processor.cc:747] Processing queue has data, processing started
I0406 16:59:14.000090 171896832 processor.cc:747] Processing queue has data, processing started
I0406 16:59:14.008854 172433408 processor.cc:820] Processor: start processing batch 00ce3e08-5fa6-4508-b507-567d4f0cdafa into model nwt
I0406 16:59:14.009590 171896832 processor.cc:820] Processor: start processing batch 8b71d27b-f04c-426d-ac04-ee7da552b883 into model nwt
I0406 16:59:14.175886 171896832 processor.cc:925] Processor: complete processing batch 8b71d27b-f04c-426d-ac04-ee7da552b883 into model nwt
I0406 16:59:14.181205 171896832 cuckoo_watch.h:45] 181ms in ProcessBatch(batches/aaaaaa.batch) [including 9ms in LoadMessage; 10ms in InitializeSparseNdw; 0ms in FindReuseThetaCacheEntry; 8ms in InitializeTheta; 0ms in CreateRegularizerAgents; 95ms in InferThetaAndUpdateNwtSparse; 0ms in UpdateCacheEntry; 51ms in CalculateScore(^^^ItemsProcessedScore^^^); ]
I0406 16:59:14.205075 171896832 processor.cc:740] No data in processing queue, waiting...
I0406 16:59:14.336429 172433408 processor.cc:925] Processor: complete processing batch 00ce3e08-5fa6-4508-b507-567d4f0cdafa into model nwt
I0406 16:59:14.343641 172433408 cuckoo_watch.h:45] 349ms in ProcessBatch(batches/aaaaab.batch) [including 14ms in LoadMessage; 25ms in InitializeSparseNdw; 0ms in FindReuseThetaCacheEntry; 3ms in InitializeTheta; 0ms in CreateRegularizerAgents; 189ms in InferThetaAndUpdateNwtSparse; 0ms in UpdateCacheEntry; 108ms in CalculateScore(^^^ItemsProcessedScore^^^); ]
I0406 16:59:14.344861 158740480 master_component.cc:1430] RegularizeModelArgs: rwt_target_name=rwt, pwt_source_name=pwt, nwt_source_name=nwt
I0406 16:59:14.345006 158740480 master_component.cc:974] MasterComponent: start regularizing model pwt
I0406 16:59:14.367743 172433408 processor.cc:740] No data in processing queue, waiting...
I0406 16:59:14.480829 158740480 master_component.cc:1000] MasterComponent: complete regularizing model pwt
I0406 16:59:14.480847 158740480 master_component.cc:1443] NormalizeModelArgs: pwt_target_name=pwt, nwt_source_name=nwt, rwt_source_name=rwt
I0406 16:59:14.480855 158740480 master_component.cc:1004] MasterComponent: start normalizing model nwt
I0406 16:59:14.568003 158740480 master_component.cc:1032] MasterComponent: complete normalizing model nwt
I0406 16:59:14.675475 158740480 master_component.cc:1467] DisposeModel rwt
I0406 16:59:14.696918 158740480 master_component.cc:1057] FitOffline: ItemsProcessed, num_items=1728, num_batches=2, token_weight=808522, token_weight_in_effect=808522
I0406 16:59:14.716627 2924262208 c_interface.cc:562] Pass GetScoreValueArgs, score_name=^^^ItemsProcessedScore^^^ to MasterComponent::Request
I0406 16:59:14.716663 2924262208 c_interface.cc:231] ArtmCopyRequestedMessage is copying 46 bytes...
I0406 16:59:14.717133 158740480 c_interface.cc:389] Pass FitOfflineMasterModelArgs, batch_filename_size=2, batch_weight_size=2, num_collection_passes=1 to MN4artm4core15MasterComponentEFvRKNS_25FitOfflineMasterModelArgsEE
I0406 16:59:14.717149 158740480 master_component.cc:1392] ProcessBatchesArgs: nwt_target_name=nwt, batch_filename_size=2, batch_size=0, batch_weight_size=2, pwt_source_name=pwt, num_document_passes=1, regularizer=(name:SparsePhi1, tau:100000), class=(text:1), class=(author:1), reuse_theta=yes, opt_for_avx=yes, predict_class_id=
I0406 16:59:14.744118 172969984 processor.cc:747] Processing queue has data, processing started
I0406 16:59:14.750072 173506560 processor.cc:747] Processing queue has data, processing started
I0406 16:59:14.758854 172969984 processor.cc:820] Processor: start processing batch 00ce3e08-5fa6-4508-b507-567d4f0cdafa into model nwt
I0406 16:59:14.759796 173506560 processor.cc:820] Processor: start processing batch 8b71d27b-f04c-426d-ac04-ee7da552b883 into model nwt
I0406 16:59:14.927345 173506560 processor.cc:925] Processor: complete processing batch 8b71d27b-f04c-426d-ac04-ee7da552b883 into model nwt
I0406 16:59:14.933334 173506560 cuckoo_watch.h:45] 183ms in ProcessBatch(batches/aaaaaa.batch) [including 9ms in LoadMessage; 11ms in InitializeSparseNdw; 0ms in FindReuseThetaCacheEntry; 8ms in InitializeTheta; 0ms in CreateRegularizerAgents; 93ms in InferThetaAndUpdateNwtSparse; 0ms in UpdateCacheEntry; 53ms in CalculateScore(^^^ItemsProcessedScore^^^); ]
I0406 16:59:14.957664 173506560 processor.cc:740] No data in processing queue, waiting...
I0406 16:59:15.087592 172969984 processor.cc:925] Processor: complete processing batch 00ce3e08-5fa6-4508-b507-567d4f0cdafa into model nwt
I0406 16:59:15.094137 172969984 cuckoo_watch.h:45] 349ms in ProcessBatch(batches/aaaaab.batch) [including 14ms in LoadMessage; 24ms in InitializeSparseNdw; 0ms in FindReuseThetaCacheEntry; 3ms in InitializeTheta; 0ms in CreateRegularizerAgents; 190ms in InferThetaAndUpdateNwtSparse; 0ms in UpdateCacheEntry; 109ms in CalculateScore(^^^ItemsProcessedScore^^^); ]
I0406 16:59:15.095176 158740480 master_component.cc:1430] RegularizeModelArgs: rwt_target_name=rwt, pwt_source_name=pwt, nwt_source_name=nwt
I0406 16:59:15.095207 158740480 master_component.cc:974] MasterComponent: start regularizing model pwt
I0406 16:59:15.117795 172969984 processor.cc:740] No data in processing queue, waiting...
I0406 16:59:15.235024 158740480 master_component.cc:1000] MasterComponent: complete regularizing model pwt
I0406 16:59:15.235044 158740480 master_component.cc:1443] NormalizeModelArgs: pwt_target_name=pwt, nwt_source_name=nwt, rwt_source_name=rwt
I0406 16:59:15.235052 158740480 master_component.cc:1004] MasterComponent: start normalizing model nwt
I0406 16:59:15.321115 158740480 master_component.cc:1032] MasterComponent: complete normalizing model nwt
I0406 16:59:15.429278 158740480 master_component.cc:1467] DisposeModel rwt
I0406 16:59:15.449868 158740480 master_component.cc:1057] FitOffline: ItemsProcessed, num_items=1728, num_batches=2, token_weight=808522, token_weight_in_effect=808522
I0406 16:59:15.471755 2924262208 c_interface.cc:562] Pass GetScoreValueArgs, score_name=^^^ItemsProcessedScore^^^ to MasterComponent::Request
I0406 16:59:15.471791 2924262208 c_interface.cc:231] ArtmCopyRequestedMessage is copying 46 bytes...
I0406 16:59:15.472343 158740480 c_interface.cc:389] Pass FitOfflineMasterModelArgs, batch_filename_size=2, batch_weight_size=2, num_collection_passes=1 to MN4artm4core15MasterComponentEFvRKNS_25FitOfflineMasterModelArgsEE
I0406 16:59:15.472358 158740480 master_component.cc:1392] ProcessBatchesArgs: nwt_target_name=nwt, batch_filename_size=2, batch_size=0, batch_weight_size=2, pwt_source_name=pwt, num_document_passes=1, regularizer=(name:SparsePhi1, tau:100000), class=(text:1), class=(author:1), reuse_theta=yes, opt_for_avx=yes, predict_class_id=
I0406 16:59:15.500763 172433408 processor.cc:747] Processing queue has data, processing started
I0406 16:59:15.507931 172969984 processor.cc:747] Processing queue has data, processing started
I0406 16:59:15.515918 172433408 processor.cc:820] Processor: start processing batch 00ce3e08-5fa6-4508-b507-567d4f0cdafa into model nwt
I0406 16:59:15.517343 172969984 processor.cc:820] Processor: start processing batch 8b71d27b-f04c-426d-ac04-ee7da552b883 into model nwt
I0406 16:59:15.693475 172969984 processor.cc:925] Processor: complete processing batch 8b71d27b-f04c-426d-ac04-ee7da552b883 into model nwt
I0406 16:59:15.698675 172969984 cuckoo_watch.h:45] 190ms in ProcessBatch(batches/aaaaaa.batch) [including 9ms in LoadMessage; 10ms in InitializeSparseNdw; 0ms in FindReuseThetaCacheEntry; 8ms in InitializeTheta; 0ms in CreateRegularizerAgents; 94ms in InferThetaAndUpdateNwtSparse; 0ms in UpdateCacheEntry; 62ms in CalculateScore(^^^ItemsProcessedScore^^^); ]
I0406 16:59:15.722867 172969984 processor.cc:740] No data in processing queue, waiting...
I0406 16:59:15.834980 172433408 processor.cc:925] Processor: complete processing batch 00ce3e08-5fa6-4508-b507-567d4f0cdafa into model nwt
I0406 16:59:15.841197 172433408 cuckoo_watch.h:45] 340ms in ProcessBatch(batches/aaaaab.batch) [including 15ms in LoadMessage; 23ms in InitializeSparseNdw; 0ms in FindReuseThetaCacheEntry; 3ms in InitializeTheta; 0ms in CreateRegularizerAgents; 187ms in InferThetaAndUpdateNwtSparse; 0ms in UpdateCacheEntry; 103ms in CalculateScore(^^^ItemsProcessedScore^^^); ]
I0406 16:59:15.841668 158740480 master_component.cc:1430] RegularizeModelArgs: rwt_target_name=rwt, pwt_source_name=pwt, nwt_source_name=nwt
I0406 16:59:15.841696 158740480 master_component.cc:974] MasterComponent: start regularizing model pwt
I0406 16:59:15.865499 172433408 processor.cc:740] No data in processing queue, waiting...
I0406 16:59:15.984102 158740480 master_component.cc:1000] MasterComponent: complete regularizing model pwt
I0406 16:59:15.984127 158740480 master_component.cc:1443] NormalizeModelArgs: pwt_target_name=pwt, nwt_source_name=nwt, rwt_source_name=rwt
I0406 16:59:15.984140 158740480 master_component.cc:1004] MasterComponent: start normalizing model nwt
I0406 16:59:16.076794 158740480 master_component.cc:1032] MasterComponent: complete normalizing model nwt
I0406 16:59:16.184485 158740480 master_component.cc:1467] DisposeModel rwt
I0406 16:59:16.205462 158740480 master_component.cc:1057] FitOffline: ItemsProcessed, num_items=1728, num_batches=2, token_weight=808522, token_weight_in_effect=808522
I0406 16:59:16.224474 2924262208 c_interface.cc:562] Pass GetScoreValueArgs, score_name=^^^ItemsProcessedScore^^^ to MasterComponent::Request
I0406 16:59:16.224510 2924262208 c_interface.cc:231] ArtmCopyRequestedMessage is copying 46 bytes...
I0406 16:59:16.224956 158740480 c_interface.cc:389] Pass FitOfflineMasterModelArgs, batch_filename_size=2, batch_weight_size=2, num_collection_passes=1 to MN4artm4core15MasterComponentEFvRKNS_25FitOfflineMasterModelArgsEE
I0406 16:59:16.224972 158740480 master_component.cc:1392] ProcessBatchesArgs: nwt_target_name=nwt, batch_filename_size=2, batch_size=0, batch_weight_size=2, pwt_source_name=pwt, num_document_passes=1, regularizer=(name:SparsePhi1, tau:100000), class=(text:1), class=(author:1), reuse_theta=yes, opt_for_avx=yes, predict_class_id=
I0406 16:59:16.252296 173506560 processor.cc:747] Processing queue has data, processing started
I0406 16:59:16.258602 172433408 processor.cc:747] Processing queue has data, processing started
I0406 16:59:16.266713 173506560 processor.cc:820] Processor: start processing batch 00ce3e08-5fa6-4508-b507-567d4f0cdafa into model nwt
I0406 16:59:16.268265 172433408 processor.cc:820] Processor: start processing batch 8b71d27b-f04c-426d-ac04-ee7da552b883 into model nwt
I0406 16:59:16.471747 172433408 processor.cc:925] Processor: complete processing batch 8b71d27b-f04c-426d-ac04-ee7da552b883 into model nwt
I0406 16:59:16.477610 172433408 cuckoo_watch.h:45] 218ms in ProcessBatch(batches/aaaaaa.batch) [including 9ms in LoadMessage; 10ms in InitializeSparseNdw; 0ms in FindReuseThetaCacheEntry; 12ms in InitializeTheta; 0ms in CreateRegularizerAgents; 98ms in InferThetaAndUpdateNwtSparse; 0ms in UpdateCacheEntry; 81ms in CalculateScore(^^^ItemsProcessedScore^^^); ]
I0406 16:59:16.501191 172433408 processor.cc:740] No data in processing queue, waiting...
I0406 16:59:16.633700 173506560 processor.cc:925] Processor: complete processing batch 00ce3e08-5fa6-4508-b507-567d4f0cdafa into model nwt
I0406 16:59:16.640942 173506560 cuckoo_watch.h:45] 388ms in ProcessBatch(batches/aaaaab.batch) [including 14ms in LoadMessage; 29ms in InitializeSparseNdw; 0ms in FindReuseThetaCacheEntry; 4ms in InitializeTheta; 0ms in CreateRegularizerAgents; 219ms in InferThetaAndUpdateNwtSparse; 0ms in UpdateCacheEntry; 113ms in CalculateScore(^^^ItemsProcessedScore^^^); ]
I0406 16:59:16.642241 158740480 master_component.cc:1430] RegularizeModelArgs: rwt_target_name=rwt, pwt_source_name=pwt, nwt_source_name=nwt
I0406 16:59:16.642407 158740480 master_component.cc:974] MasterComponent: start regularizing model pwt
I0406 16:59:16.664871 173506560 processor.cc:740] No data in processing queue, waiting...
I0406 16:59:16.798252 158740480 master_component.cc:1000] MasterComponent: complete regularizing model pwt
I0406 16:59:16.798272 158740480 master_component.cc:1443] NormalizeModelArgs: pwt_target_name=pwt, nwt_source_name=nwt, rwt_source_name=rwt
I0406 16:59:16.798280 158740480 master_component.cc:1004] MasterComponent: start normalizing model nwt
I0406 16:59:16.896066 158740480 master_component.cc:1032] MasterComponent: complete normalizing model nwt
I0406 16:59:17.005939 158740480 master_component.cc:1467] DisposeModel rwt
I0406 16:59:17.029703 158740480 master_component.cc:1057] FitOffline: ItemsProcessed, num_items=1728, num_batches=2, token_weight=808522, token_weight_in_effect=808522
I0406 16:59:17.077512 2924262208 c_interface.cc:562] Pass GetScoreValueArgs, score_name=^^^ItemsProcessedScore^^^ to MasterComponent::Request
I0406 16:59:17.077548 2924262208 c_interface.cc:231] ArtmCopyRequestedMessage is copying 46 bytes...
I0406 16:59:17.077957 158740480 c_interface.cc:389] Pass FitOfflineMasterModelArgs, batch_filename_size=2, batch_weight_size=2, num_collection_passes=1 to MN4artm4core15MasterComponentEFvRKNS_25FitOfflineMasterModelArgsEE
I0406 16:59:17.077973 158740480 master_component.cc:1392] ProcessBatchesArgs: nwt_target_name=nwt, batch_filename_size=2, batch_size=0, batch_weight_size=2, pwt_source_name=pwt, num_document_passes=1, regularizer=(name:SparsePhi1, tau:100000), class=(text:1), class=(author:1), reuse_theta=yes, opt_for_avx=yes, predict_class_id=
I0406 16:59:17.104830 172433408 processor.cc:747] Processing queue has data, processing started
I0406 16:59:17.112864 171896832 processor.cc:747] Processing queue has data, processing started
I0406 16:59:17.121456 172433408 processor.cc:820] Processor: start processing batch 00ce3e08-5fa6-4508-b507-567d4f0cdafa into model nwt
I0406 16:59:17.123080 171896832 processor.cc:820] Processor: start processing batch 8b71d27b-f04c-426d-ac04-ee7da552b883 into model nwt
I0406 16:59:17.359032 171896832 processor.cc:925] Processor: complete processing batch 8b71d27b-f04c-426d-ac04-ee7da552b883 into model nwt
I0406 16:59:17.363837 171896832 cuckoo_watch.h:45] 250ms in ProcessBatch(batches/aaaaaa.batch) [including 10ms in LoadMessage; 14ms in InitializeSparseNdw; 0ms in FindReuseThetaCacheEntry; 9ms in InitializeTheta; 0ms in CreateRegularizerAgents; 115ms in InferThetaAndUpdateNwtSparse; 0ms in UpdateCacheEntry; 95ms in CalculateScore(^^^ItemsProcessedScore^^^); ]
I0406 16:59:17.387678 171896832 processor.cc:740] No data in processing queue, waiting...
I0406 16:59:17.518623 172433408 processor.cc:925] Processor: complete processing batch 00ce3e08-5fa6-4508-b507-567d4f0cdafa into model nwt
I0406 16:59:17.526355 172433408 cuckoo_watch.h:45] 421ms in ProcessBatch(batches/aaaaab.batch) [including 16ms in LoadMessage; 29ms in InitializeSparseNdw; 0ms in FindReuseThetaCacheEntry; 4ms in InitializeTheta; 0ms in CreateRegularizerAgents; 241ms in InferThetaAndUpdateNwtSparse; 0ms in UpdateCacheEntry; 120ms in CalculateScore(^^^ItemsProcessedScore^^^); ]
I0406 16:59:17.526384 158740480 master_component.cc:1430] RegularizeModelArgs: rwt_target_name=rwt, pwt_source_name=pwt, nwt_source_name=nwt
I0406 16:59:17.526461 158740480 master_component.cc:974] MasterComponent: start regularizing model pwt
I0406 16:59:17.549950 172433408 processor.cc:740] No data in processing queue, waiting...
I0406 16:59:17.668512 158740480 master_component.cc:1000] MasterComponent: complete regularizing model pwt
I0406 16:59:17.668531 158740480 master_component.cc:1443] NormalizeModelArgs: pwt_target_name=pwt, nwt_source_name=nwt, rwt_source_name=rwt
I0406 16:59:17.668540 158740480 master_component.cc:1004] MasterComponent: start normalizing model nwt
I0406 16:59:17.766702 158740480 master_component.cc:1032] MasterComponent: complete normalizing model nwt
I0406 16:59:17.874244 158740480 master_component.cc:1467] DisposeModel rwt
I0406 16:59:17.896489 158740480 master_component.cc:1057] FitOffline: ItemsProcessed, num_items=1728, num_batches=2, token_weight=808522, token_weight_in_effect=808522
I0406 16:59:17.928329 2924262208 c_interface.cc:562] Pass GetScoreValueArgs, score_name=^^^ItemsProcessedScore^^^ to MasterComponent::Request
I0406 16:59:17.928364 2924262208 c_interface.cc:231] ArtmCopyRequestedMessage is copying 46 bytes...
I0406 16:59:17.928839 158740480 c_interface.cc:389] Pass FitOfflineMasterModelArgs, batch_filename_size=2, batch_weight_size=2, num_collection_passes=1 to MN4artm4core15MasterComponentEFvRKNS_25FitOfflineMasterModelArgsEE
I0406 16:59:17.928855 158740480 master_component.cc:1392] ProcessBatchesArgs: nwt_target_name=nwt, batch_filename_size=2, batch_size=0, batch_weight_size=2, pwt_source_name=pwt, num_document_passes=1, regularizer=(name:SparsePhi1, tau:100000), class=(text:1), class=(author:1), reuse_theta=yes, opt_for_avx=yes, predict_class_id=
I0406 16:59:17.956738 171896832 processor.cc:747] Processing queue has data, processing started
I0406 16:59:17.966044 172433408 processor.cc:747] Processing queue has data, processing started
I0406 16:59:17.977663 171896832 processor.cc:820] Processor: start processing batch 00ce3e08-5fa6-4508-b507-567d4f0cdafa into model nwt
I0406 16:59:17.980006 172433408 processor.cc:820] Processor: start processing batch 8b71d27b-f04c-426d-ac04-ee7da552b883 into model nwt
I0406 16:59:18.269548 172433408 processor.cc:925] Processor: complete processing batch 8b71d27b-f04c-426d-ac04-ee7da552b883 into model nwt
I0406 16:59:18.277667 172433408 cuckoo_watch.h:45] 311ms in ProcessBatch(batches/aaaaaa.batch) [including 13ms in LoadMessage; 30ms in InitializeSparseNdw; 0ms in FindReuseThetaCacheEntry; 10ms in InitializeTheta; 0ms in CreateRegularizerAgents; 137ms in InferThetaAndUpdateNwtSparse; 0ms in UpdateCacheEntry; 110ms in CalculateScore(^^^ItemsProcessedScore^^^); ]
I0406 16:59:18.300400 172433408 processor.cc:740] No data in processing queue, waiting...
I0406 16:59:18.472316 171896832 processor.cc:925] Processor: complete processing batch 00ce3e08-5fa6-4508-b507-567d4f0cdafa into model nwt
I0406 16:59:18.481926 171896832 cuckoo_watch.h:45] 525ms in ProcessBatch(batches/aaaaab.batch) [including 20ms in LoadMessage; 49ms in InitializeSparseNdw; 0ms in FindReuseThetaCacheEntry; 8ms in InitializeTheta; 0ms in CreateRegularizerAgents; 273ms in InferThetaAndUpdateNwtSparse; 0ms in UpdateCacheEntry; 162ms in CalculateScore(^^^ItemsProcessedScore^^^); ]
I0406 16:59:18.481973 158740480 master_component.cc:1430] RegularizeModelArgs: rwt_target_name=rwt, pwt_source_name=pwt, nwt_source_name=nwt
I0406 16:59:18.481997 158740480 master_component.cc:974] MasterComponent: start regularizing model pwt
I0406 16:59:18.505477 171896832 processor.cc:740] No data in processing queue, waiting...
I0406 16:59:18.640033 158740480 master_component.cc:1000] MasterComponent: complete regularizing model pwt
I0406 16:59:18.640053 158740480 master_component.cc:1443] NormalizeModelArgs: pwt_target_name=pwt, nwt_source_name=nwt, rwt_source_name=rwt
I0406 16:59:18.640060 158740480 master_component.cc:1004] MasterComponent: start normalizing model nwt
I0406 16:59:18.743733 158740480 master_component.cc:1032] MasterComponent: complete normalizing model nwt
I0406 16:59:18.855305 158740480 master_component.cc:1467] DisposeModel rwt
I0406 16:59:18.876850 158740480 master_component.cc:1057] FitOffline: ItemsProcessed, num_items=1728, num_batches=2, token_weight=808522, token_weight_in_effect=808522
I0406 16:59:18.902873 2924262208 c_interface.cc:562] Pass GetScoreValueArgs, score_name=^^^ItemsProcessedScore^^^ to MasterComponent::Request
I0406 16:59:18.902909 2924262208 c_interface.cc:231] ArtmCopyRequestedMessage is copying 46 bytes...
I0406 16:59:18.903355 158740480 c_interface.cc:389] Pass FitOfflineMasterModelArgs, batch_filename_size=2, batch_weight_size=2, num_collection_passes=1 to MN4artm4core15MasterComponentEFvRKNS_25FitOfflineMasterModelArgsEE
I0406 16:59:18.903372 158740480 master_component.cc:1392] ProcessBatchesArgs: nwt_target_name=nwt, batch_filename_size=2, batch_size=0, batch_weight_size=2, pwt_source_name=pwt, num_document_passes=1, regularizer=(name:SparsePhi1, tau:100000), class=(text:1), class=(author:1), reuse_theta=yes, opt_for_avx=yes, predict_class_id=
I0406 16:59:18.934073 172969984 processor.cc:747] Processing queue has data, processing started
I0406 16:59:18.942242 173506560 processor.cc:747] Processing queue has data, processing started
I0406 16:59:18.953382 172969984 processor.cc:820] Processor: start processing batch 00ce3e08-5fa6-4508-b507-567d4f0cdafa into model nwt
I0406 16:59:18.954484 173506560 processor.cc:820] Processor: start processing batch 8b71d27b-f04c-426d-ac04-ee7da552b883 into model nwt
I0406 16:59:19.238309 173506560 processor.cc:925] Processor: complete processing batch 8b71d27b-f04c-426d-ac04-ee7da552b883 into model nwt
I0406 16:59:19.247347 173506560 cuckoo_watch.h:45] 305ms in ProcessBatch(batches/aaaaaa.batch) [including 12ms in LoadMessage; 14ms in InitializeSparseNdw; 0ms in FindReuseThetaCacheEntry; 10ms in InitializeTheta; 0ms in CreateRegularizerAgents; 123ms in InferThetaAndUpdateNwtSparse; 0ms in UpdateCacheEntry; 134ms in CalculateScore(^^^ItemsProcessedScore^^^); ]
I0406 16:59:19.374048 173506560 processor.cc:740] No data in processing queue, waiting...
I0406 16:59:19.594265 172969984 processor.cc:925] Processor: complete processing batch 00ce3e08-5fa6-4508-b507-567d4f0cdafa into model nwt
I0406 16:59:19.601426 172969984 cuckoo_watch.h:45] 667ms in ProcessBatch(batches/aaaaab.batch) [including 19ms in LoadMessage; 34ms in InitializeSparseNdw; 0ms in FindReuseThetaCacheEntry; 4ms in InitializeTheta; 0ms in CreateRegularizerAgents; 359ms in InferThetaAndUpdateNwtSparse; 0ms in UpdateCacheEntry; 240ms in CalculateScore(^^^ItemsProcessedScore^^^); ]
I0406 16:59:19.602645 158740480 master_component.cc:1430] RegularizeModelArgs: rwt_target_name=rwt, pwt_source_name=pwt, nwt_source_name=nwt
I0406 16:59:19.602768 158740480 master_component.cc:974] MasterComponent: start regularizing model pwt
I0406 16:59:19.625174 172969984 processor.cc:740] No data in processing queue, waiting...
I0406 16:59:19.786963 158740480 master_component.cc:1000] MasterComponent: complete regularizing model pwt
I0406 16:59:19.786985 158740480 master_component.cc:1443] NormalizeModelArgs: pwt_target_name=pwt, nwt_source_name=nwt, rwt_source_name=rwt
I0406 16:59:19.786993 158740480 master_component.cc:1004] MasterComponent: start normalizing model nwt
I0406 16:59:19.904109 2924262208 c_interface.cc:562] Pass GetScoreValueArgs, score_name=^^^ItemsProcessedScore^^^ to MasterComponent::Request
I0406 16:59:19.904156 2924262208 c_interface.cc:231] ArtmCopyRequestedMessage is copying 46 bytes...
I0406 16:59:19.913414 158740480 master_component.cc:1032] MasterComponent: complete normalizing model nwt
I0406 16:59:20.031785 158740480 master_component.cc:1467] DisposeModel rwt
I0406 16:59:20.053510 158740480 master_component.cc:1057] FitOffline: ItemsProcessed, num_items=1728, num_batches=2, token_weight=808522, token_weight_in_effect=808522
I0406 16:59:20.083024 2924262208 c_interface.cc:562] Pass GetScoreValueArgs, score_name=^^^ItemsProcessedScore^^^ to MasterComponent::Request
I0406 16:59:20.083104 2924262208 c_interface.cc:231] ArtmCopyRequestedMessage is copying 46 bytes...
I0406 16:59:20.083516 158740480 c_interface.cc:389] Pass FitOfflineMasterModelArgs, batch_filename_size=2, batch_weight_size=2, num_collection_passes=1 to MN4artm4core15MasterComponentEFvRKNS_25FitOfflineMasterModelArgsEE
I0406 16:59:20.083547 158740480 master_component.cc:1392] ProcessBatchesArgs: nwt_target_name=nwt, batch_filename_size=2, batch_size=0, batch_weight_size=2, pwt_source_name=pwt, num_document_passes=1, regularizer=(name:SparsePhi1, tau:100000), class=(text:1), class=(author:1), reuse_theta=yes, opt_for_avx=yes, predict_class_id=
I0406 16:59:20.119678 172433408 processor.cc:747] Processing queue has data, processing started
I0406 16:59:20.125689 171896832 processor.cc:747] Processing queue has data, processing started
I0406 16:59:20.138183 172433408 processor.cc:820] Processor: start processing batch 00ce3e08-5fa6-4508-b507-567d4f0cdafa into model nwt
I0406 16:59:20.138511 171896832 processor.cc:820] Processor: start processing batch 8b71d27b-f04c-426d-ac04-ee7da552b883 into model nwt
I0406 16:59:20.403955 171896832 processor.cc:925] Processor: complete processing batch 8b71d27b-f04c-426d-ac04-ee7da552b883 into model nwt
I0406 16:59:20.427129 171896832 cuckoo_watch.h:45] 301ms in ProcessBatch(batches/aaaaaa.batch) [including 12ms in LoadMessage; 16ms in InitializeSparseNdw; 0ms in FindReuseThetaCacheEntry; 11ms in InitializeTheta; 0ms in CreateRegularizerAgents; 135ms in InferThetaAndUpdateNwtSparse; 0ms in UpdateCacheEntry; 101ms in CalculateScore(^^^ItemsProcessedScore^^^); ]
I0406 16:59:20.453114 171896832 processor.cc:740] No data in processing queue, waiting...
I0406 16:59:20.646910 172433408 processor.cc:925] Processor: complete processing batch 00ce3e08-5fa6-4508-b507-567d4f0cdafa into model nwt
I0406 16:59:20.654299 172433408 cuckoo_watch.h:45] 534ms in ProcessBatch(batches/aaaaab.batch) [including 18ms in LoadMessage; 37ms in InitializeSparseNdw; 0ms in FindReuseThetaCacheEntry; 7ms in InitializeTheta; 0ms in CreateRegularizerAgents; 304ms in InferThetaAndUpdateNwtSparse; 0ms in UpdateCacheEntry; 159ms in CalculateScore(^^^ItemsProcessedScore^^^); ]
I0406 16:59:20.654397 158740480 master_component.cc:1430] RegularizeModelArgs: rwt_target_name=rwt, pwt_source_name=pwt, nwt_source_name=nwt
I0406 16:59:20.654417 158740480 master_component.cc:974] MasterComponent: start regularizing model pwt
I0406 16:59:20.677297 172433408 processor.cc:740] No data in processing queue, waiting...
I0406 16:59:20.815574 158740480 master_component.cc:1000] MasterComponent: complete regularizing model pwt
I0406 16:59:20.815594 158740480 master_component.cc:1443] NormalizeModelArgs: pwt_target_name=pwt, nwt_source_name=nwt, rwt_source_name=rwt
I0406 16:59:20.815601 158740480 master_component.cc:1004] MasterComponent: start normalizing model nwt
I0406 16:59:20.939388 158740480 master_component.cc:1032] MasterComponent: complete normalizing model nwt
I0406 16:59:21.075291 158740480 master_component.cc:1467] DisposeModel rwt
I0406 16:59:21.084137 2924262208 c_interface.cc:562] Pass GetScoreValueArgs, score_name=^^^ItemsProcessedScore^^^ to MasterComponent::Request
I0406 16:59:21.084184 2924262208 c_interface.cc:231] ArtmCopyRequestedMessage is copying 46 bytes...
I0406 16:59:21.104815 158740480 master_component.cc:1057] FitOffline: ItemsProcessed, num_items=1728, num_batches=2, token_weight=808522, token_weight_in_effect=808522
I0406 16:59:21.120499 2924262208 c_interface.cc:562] Pass GetScoreValueArgs, score_name=^^^ItemsProcessedScore^^^ to MasterComponent::Request
I0406 16:59:21.120544 2924262208 c_interface.cc:231] ArtmCopyRequestedMessage is copying 46 bytes...
I0406 16:59:21.121204 158740480 c_interface.cc:389] Pass FitOfflineMasterModelArgs, batch_filename_size=2, batch_weight_size=2, num_collection_passes=1 to MN4artm4core15MasterComponentEFvRKNS_25FitOfflineMasterModelArgsEE
I0406 16:59:21.121227 158740480 master_component.cc:1392] ProcessBatchesArgs: nwt_target_name=nwt, batch_filename_size=2, batch_size=0, batch_weight_size=2, pwt_source_name=pwt, num_document_passes=1, regularizer=(name:SparsePhi1, tau:100000), class=(text:1), class=(author:1), reuse_theta=yes, opt_for_avx=yes, predict_class_id=
I0406 16:59:21.166818 172969984 processor.cc:747] Processing queue has data, processing started
I0406 16:59:21.176365 171896832 processor.cc:747] Processing queue has data, processing started
I0406 16:59:21.193074 172969984 processor.cc:820] Processor: start processing batch 00ce3e08-5fa6-4508-b507-567d4f0cdafa into model nwt
I0406 16:59:21.194289 171896832 processor.cc:820] Processor: start processing batch 8b71d27b-f04c-426d-ac04-ee7da552b883 into model nwt
I0406 16:59:21.391216 171896832 processor.cc:925] Processor: complete processing batch 8b71d27b-f04c-426d-ac04-ee7da552b883 into model nwt
I0406 16:59:21.397545 171896832 cuckoo_watch.h:45] 221ms in ProcessBatch(batches/aaaaaa.batch) [including 17ms in LoadMessage; 28ms in InitializeSparseNdw; 0ms in FindReuseThetaCacheEntry; 10ms in InitializeTheta; 0ms in CreateRegularizerAgents; 100ms in InferThetaAndUpdateNwtSparse; 0ms in UpdateCacheEntry; 56ms in CalculateScore(^^^ItemsProcessedScore^^^); ]
I0406 16:59:21.421715 171896832 processor.cc:740] No data in processing queue, waiting...
I0406 16:59:21.574991 172969984 processor.cc:925] Processor: complete processing batch 00ce3e08-5fa6-4508-b507-567d4f0cdafa into model nwt
I0406 16:59:21.583619 172969984 cuckoo_watch.h:45] 416ms in ProcessBatch(batches/aaaaab.batch) [including 26ms in LoadMessage; 47ms in InitializeSparseNdw; 0ms in FindReuseThetaCacheEntry; 4ms in InitializeTheta; 0ms in CreateRegularizerAgents; 203ms in InferThetaAndUpdateNwtSparse; 0ms in UpdateCacheEntry; 125ms in CalculateScore(^^^ItemsProcessedScore^^^); ]
I0406 16:59:21.584091 158740480 master_component.cc:1430] RegularizeModelArgs: rwt_target_name=rwt, pwt_source_name=pwt, nwt_source_name=nwt
I0406 16:59:21.584224 158740480 master_component.cc:974] MasterComponent: start regularizing model pwt
I0406 16:59:21.606925 172969984 processor.cc:740] No data in processing queue, waiting...
I0406 16:59:21.744885 158740480 master_component.cc:1000] MasterComponent: complete regularizing model pwt
I0406 16:59:21.744907 158740480 master_component.cc:1443] NormalizeModelArgs: pwt_target_name=pwt, nwt_source_name=nwt, rwt_source_name=rwt
I0406 16:59:21.744915 158740480 master_component.cc:1004] MasterComponent: start normalizing model nwt
I0406 16:59:21.855525 158740480 master_component.cc:1032] MasterComponent: complete normalizing model nwt
I0406 16:59:21.964089 158740480 master_component.cc:1467] DisposeModel rwt
I0406 16:59:21.985663 158740480 master_component.cc:1057] FitOffline: ItemsProcessed, num_items=1728, num_batches=2, token_weight=808522, token_weight_in_effect=808522
I0406 16:59:22.033926 2924262208 c_interface.cc:562] Pass GetScoreValueArgs, score_name=^^^ItemsProcessedScore^^^ to MasterComponent::Request
I0406 16:59:22.033964 2924262208 c_interface.cc:231] ArtmCopyRequestedMessage is copying 46 bytes...
I0406 16:59:22.034351 158740480 c_interface.cc:389] Pass FitOfflineMasterModelArgs, batch_filename_size=2, batch_weight_size=2, num_collection_passes=1 to MN4artm4core15MasterComponentEFvRKNS_25FitOfflineMasterModelArgsEE
I0406 16:59:22.034366 158740480 master_component.cc:1392] ProcessBatchesArgs: nwt_target_name=nwt, batch_filename_size=2, batch_size=0, batch_weight_size=2, pwt_source_name=pwt, num_document_passes=1, regularizer=(name:SparsePhi1, tau:100000), class=(text:1), class=(author:1), reuse_theta=yes, opt_for_avx=yes, predict_class_id=
I0406 16:59:22.062906 171896832 processor.cc:747] Processing queue has data, processing started
I0406 16:59:22.071688 172969984 processor.cc:747] Processing queue has data, processing started
I0406 16:59:22.080896 171896832 processor.cc:820] Processor: start processing batch 00ce3e08-5fa6-4508-b507-567d4f0cdafa into model nwt
I0406 16:59:22.082968 172969984 processor.cc:820] Processor: start processing batch 8b71d27b-f04c-426d-ac04-ee7da552b883 into model nwt
I0406 16:59:22.257755 172969984 processor.cc:925] Processor: complete processing batch 8b71d27b-f04c-426d-ac04-ee7da552b883 into model nwt
I0406 16:59:22.263664 172969984 cuckoo_watch.h:45] 191ms in ProcessBatch(batches/aaaaaa.batch) [including 11ms in LoadMessage; 11ms in InitializeSparseNdw; 0ms in FindReuseThetaCacheEntry; 9ms in InitializeTheta; 0ms in CreateRegularizerAgents; 96ms in InferThetaAndUpdateNwtSparse; 0ms in UpdateCacheEntry; 56ms in CalculateScore(^^^ItemsProcessedScore^^^); ]
I0406 16:59:22.287667 172969984 processor.cc:740] No data in processing queue, waiting...
I0406 16:59:22.441884 171896832 processor.cc:925] Processor: complete processing batch 00ce3e08-5fa6-4508-b507-567d4f0cdafa into model nwt
I0406 16:59:22.450357 158740480 master_component.cc:1430] RegularizeModelArgs: rwt_target_name=rwt, pwt_source_name=pwt, nwt_source_name=nwt
I0406 16:59:22.450373 171896832 cuckoo_watch.h:45] 387ms in ProcessBatch(batches/aaaaab.batch) [including 17ms in LoadMessage; 26ms in InitializeSparseNdw; 0ms in FindReuseThetaCacheEntry; 3ms in InitializeTheta; 0ms in CreateRegularizerAgents; 204ms in InferThetaAndUpdateNwtSparse; 0ms in UpdateCacheEntry; 125ms in CalculateScore(^^^ItemsProcessedScore^^^); ]
I0406 16:59:22.450379 158740480 master_component.cc:974] MasterComponent: start regularizing model pwt
I0406 16:59:22.473434 171896832 processor.cc:740] No data in processing queue, waiting...
I0406 16:59:22.606732 158740480 master_component.cc:1000] MasterComponent: complete regularizing model pwt
I0406 16:59:22.606799 158740480 master_component.cc:1443] NormalizeModelArgs: pwt_target_name=pwt, nwt_source_name=nwt, rwt_source_name=rwt
I0406 16:59:22.606812 158740480 master_component.cc:1004] MasterComponent: start normalizing model nwt
I0406 16:59:22.729115 158740480 master_component.cc:1032] MasterComponent: complete normalizing model nwt
I0406 16:59:22.846838 158740480 master_component.cc:1467] DisposeModel rwt
I0406 16:59:22.868068 158740480 master_component.cc:1057] FitOffline: ItemsProcessed, num_items=1728, num_batches=2, token_weight=808522, token_weight_in_effect=808522
I0406 16:59:22.885469 2924262208 c_interface.cc:562] Pass GetScoreValueArgs, score_name=^^^ItemsProcessedScore^^^ to MasterComponent::Request
I0406 16:59:22.885506 2924262208 c_interface.cc:231] ArtmCopyRequestedMessage is copying 46 bytes...
I0406 16:59:22.885988 158740480 c_interface.cc:389] Pass FitOfflineMasterModelArgs, batch_filename_size=2, batch_weight_size=2, num_collection_passes=1 to MN4artm4core15MasterComponentEFvRKNS_25FitOfflineMasterModelArgsEE
I0406 16:59:22.886004 158740480 master_component.cc:1392] ProcessBatchesArgs: nwt_target_name=nwt, batch_filename_size=2, batch_size=0, batch_weight_size=2, pwt_source_name=pwt, num_document_passes=1, regularizer=(name:SparsePhi1, tau:100000), class=(text:1), class=(author:1), reuse_theta=yes, opt_for_avx=yes, predict_class_id=
I0406 16:59:22.915676 172969984 processor.cc:747] Processing queue has data, processing started
I0406 16:59:22.923100 171896832 processor.cc:747] Processing queue has data, processing started
I0406 16:59:22.931680 172969984 processor.cc:820] Processor: start processing batch 00ce3e08-5fa6-4508-b507-567d4f0cdafa into model nwt
I0406 16:59:22.933307 171896832 processor.cc:820] Processor: start processing batch 8b71d27b-f04c-426d-ac04-ee7da552b883 into model nwt
I0406 16:59:23.187661 171896832 processor.cc:925] Processor: complete processing batch 8b71d27b-f04c-426d-ac04-ee7da552b883 into model nwt
I0406 16:59:23.193939 171896832 cuckoo_watch.h:45] 270ms in ProcessBatch(batches/aaaaaa.batch) [including 10ms in LoadMessage; 11ms in InitializeSparseNdw; 0ms in FindReuseThetaCacheEntry; 8ms in InitializeTheta; 0ms in CreateRegularizerAgents; 139ms in InferThetaAndUpdateNwtSparse; 0ms in UpdateCacheEntry; 93ms in CalculateScore(^^^ItemsProcessedScore^^^); ]
I0406 16:59:23.217365 171896832 processor.cc:740] No data in processing queue, waiting...
I0406 16:59:23.440165 172969984 processor.cc:925] Processor: complete processing batch 00ce3e08-5fa6-4508-b507-567d4f0cdafa into model nwt
I0406 16:59:23.451251 172969984 cuckoo_watch.h:45] 535ms in ProcessBatch(batches/aaaaab.batch) [including 15ms in LoadMessage; 24ms in InitializeSparseNdw; 0ms in FindReuseThetaCacheEntry; 4ms in InitializeTheta; 0ms in CreateRegularizerAgents; 272ms in InferThetaAndUpdateNwtSparse; 0ms in UpdateCacheEntry; 206ms in CalculateScore(^^^ItemsProcessedScore^^^); ]
I0406 16:59:23.452392 158740480 master_component.cc:1430] RegularizeModelArgs: rwt_target_name=rwt, pwt_source_name=pwt, nwt_source_name=nwt
I0406 16:59:23.452553 158740480 master_component.cc:974] MasterComponent: start regularizing model pwt
I0406 16:59:23.474264 172969984 processor.cc:740] No data in processing queue, waiting...
I0406 16:59:23.620148 158740480 master_component.cc:1000] MasterComponent: complete regularizing model pwt
I0406 16:59:23.620168 158740480 master_component.cc:1443] NormalizeModelArgs: pwt_target_name=pwt, nwt_source_name=nwt, rwt_source_name=rwt
I0406 16:59:23.620177 158740480 master_component.cc:1004] MasterComponent: start normalizing model nwt
I0406 16:59:23.719655 158740480 master_component.cc:1032] MasterComponent: complete normalizing model nwt
I0406 16:59:23.819628 158740480 master_component.cc:1467] DisposeModel rwt
I0406 16:59:23.842555 158740480 master_component.cc:1057] FitOffline: ItemsProcessed, num_items=1728, num_batches=2, token_weight=808522, token_weight_in_effect=808522
I0406 16:59:23.850555 2924262208 c_interface.cc:562] Pass GetScoreValueArgs, score_name=^^^ItemsProcessedScore^^^ to MasterComponent::Request
I0406 16:59:23.850615 2924262208 c_interface.cc:231] ArtmCopyRequestedMessage is copying 46 bytes...
I0406 16:59:23.851275 158740480 c_interface.cc:389] Pass FitOfflineMasterModelArgs, batch_filename_size=2, batch_weight_size=2, num_collection_passes=1 to MN4artm4core15MasterComponentEFvRKNS_25FitOfflineMasterModelArgsEE
