I0409 14:21:18.408351 266969088 processor.cc:925] Processor: complete processing batch 87f128cc-df89-4b70-b793-950e5f1e893a into model nwt
I0409 14:21:18.416577 266969088 cuckoo_watch.h:45] 409ms in ProcessBatch(batches/aaaaab.batch) [including 18ms in LoadMessage; 32ms in InitializeSparseNdw; 0ms in FindReuseThetaCacheEntry; 4ms in InitializeTheta; 0ms in CreateRegularizerAgents; 227ms in InferThetaAndUpdateNwtSparse; 0ms in UpdateCacheEntry; 117ms in CalculateScore(^^^ItemsProcessedScore^^^); ]
I0409 14:21:18.417439 253276160 master_component.cc:1430] RegularizeModelArgs: rwt_target_name=rwt, pwt_source_name=pwt, nwt_source_name=nwt
I0409 14:21:18.417542 253276160 master_component.cc:974] MasterComponent: start regularizing model pwt
I0409 14:21:18.439573 266969088 processor.cc:740] No data in processing queue, waiting...
I0409 14:21:18.583204 253276160 master_component.cc:1000] MasterComponent: complete regularizing model pwt
I0409 14:21:18.583223 253276160 master_component.cc:1443] NormalizeModelArgs: pwt_target_name=pwt, nwt_source_name=nwt, rwt_source_name=rwt
I0409 14:21:18.583231 253276160 master_component.cc:1004] MasterComponent: start normalizing model nwt
I0409 14:21:18.696822 253276160 master_component.cc:1032] MasterComponent: complete normalizing model nwt
I0409 14:21:18.788836 253276160 master_component.cc:1467] DisposeModel rwt
I0409 14:21:18.810595 253276160 master_component.cc:1057] FitOffline: ItemsProcessed, num_items=1728, num_batches=2, token_weight=808522, token_weight_in_effect=808522
I0409 14:21:18.829577 3064288064 c_interface.cc:562] Pass GetScoreValueArgs, score_name=^^^ItemsProcessedScore^^^ to MasterComponent::Request
I0409 14:21:18.829615 3064288064 c_interface.cc:231] ArtmCopyRequestedMessage is copying 46 bytes...
I0409 14:21:18.830009 253276160 c_interface.cc:389] Pass FitOfflineMasterModelArgs, batch_filename_size=2, batch_weight_size=2, num_collection_passes=1 to MN4artm4core15MasterComponentEFvRKNS_25FitOfflineMasterModelArgsEE
I0409 14:21:18.830031 253276160 master_component.cc:1392] ProcessBatchesArgs: nwt_target_name=nwt, batch_filename_size=2, batch_size=0, batch_weight_size=2, pwt_source_name=pwt, num_document_passes=1, regularizer=(name:SparsePhi1, tau:100000), class=(text:1), class=(author:1), reuse_theta=yes, opt_for_avx=yes, predict_class_id=
I0409 14:21:18.858515 266432512 processor.cc:747] Processing queue has data, processing started
I0409 14:21:18.866477 266969088 processor.cc:747] Processing queue has data, processing started
I0409 14:21:18.876464 266432512 processor.cc:820] Processor: start processing batch 87f128cc-df89-4b70-b793-950e5f1e893a into model nwt
I0409 14:21:18.877104 266969088 processor.cc:820] Processor: start processing batch 73f5dc9f-6302-4cf6-97af-879c5e20e55a into model nwt
I0409 14:21:19.059620 266969088 processor.cc:925] Processor: complete processing batch 73f5dc9f-6302-4cf6-97af-879c5e20e55a into model nwt
I0409 14:21:19.064898 266969088 cuckoo_watch.h:45] 198ms in ProcessBatch(batches/aaaaaa.batch) [including 10ms in LoadMessage; 11ms in InitializeSparseNdw; 0ms in FindReuseThetaCacheEntry; 9ms in InitializeTheta; 0ms in CreateRegularizerAgents; 101ms in InferThetaAndUpdateNwtSparse; 0ms in UpdateCacheEntry; 60ms in CalculateScore(^^^ItemsProcessedScore^^^); ]
I0409 14:21:19.088804 266969088 processor.cc:740] No data in processing queue, waiting...
I0409 14:21:19.231776 266432512 processor.cc:925] Processor: complete processing batch 87f128cc-df89-4b70-b793-950e5f1e893a into model nwt
I0409 14:21:19.240159 266432512 cuckoo_watch.h:45] 381ms in ProcessBatch(batches/aaaaab.batch) [including 17ms in LoadMessage; 25ms in InitializeSparseNdw; 0ms in FindReuseThetaCacheEntry; 4ms in InitializeTheta; 0ms in CreateRegularizerAgents; 205ms in InferThetaAndUpdateNwtSparse; 0ms in UpdateCacheEntry; 119ms in CalculateScore(^^^ItemsProcessedScore^^^); ]
I0409 14:21:19.240276 253276160 master_component.cc:1430] RegularizeModelArgs: rwt_target_name=rwt, pwt_source_name=pwt, nwt_source_name=nwt
I0409 14:21:19.240298 253276160 master_component.cc:974] MasterComponent: start regularizing model pwt
I0409 14:21:19.264233 266432512 processor.cc:740] No data in processing queue, waiting...
I0409 14:21:19.398309 253276160 master_component.cc:1000] MasterComponent: complete regularizing model pwt
I0409 14:21:19.398329 253276160 master_component.cc:1443] NormalizeModelArgs: pwt_target_name=pwt, nwt_source_name=nwt, rwt_source_name=rwt
I0409 14:21:19.398337 253276160 master_component.cc:1004] MasterComponent: start normalizing model nwt
I0409 14:21:19.512132 253276160 master_component.cc:1032] MasterComponent: complete normalizing model nwt
I0409 14:21:19.603844 253276160 master_component.cc:1467] DisposeModel rwt
I0409 14:21:19.624145 253276160 master_component.cc:1057] FitOffline: ItemsProcessed, num_items=1728, num_batches=2, token_weight=808522, token_weight_in_effect=808522
I0409 14:21:19.626087 3064288064 c_interface.cc:562] Pass GetScoreValueArgs, score_name=^^^ItemsProcessedScore^^^ to MasterComponent::Request
I0409 14:21:19.626127 3064288064 c_interface.cc:231] ArtmCopyRequestedMessage is copying 46 bytes...
I0409 14:21:19.626755 253276160 c_interface.cc:389] Pass FitOfflineMasterModelArgs, batch_filename_size=2, batch_weight_size=2, num_collection_passes=1 to MN4artm4core15MasterComponentEFvRKNS_25FitOfflineMasterModelArgsEE
I0409 14:21:19.626778 253276160 master_component.cc:1392] ProcessBatchesArgs: nwt_target_name=nwt, batch_filename_size=2, batch_size=0, batch_weight_size=2, pwt_source_name=pwt, num_document_passes=1, regularizer=(name:SparsePhi1, tau:100000), class=(text:1), class=(author:1), reuse_theta=yes, opt_for_avx=yes, predict_class_id=
I0409 14:21:19.657862 268042240 processor.cc:747] Processing queue has data, processing started
I0409 14:21:19.666790 267505664 processor.cc:747] Processing queue has data, processing started
I0409 14:21:19.677649 267505664 processor.cc:820] Processor: start processing batch 73f5dc9f-6302-4cf6-97af-879c5e20e55a into model nwt
I0409 14:21:19.677799 268042240 processor.cc:820] Processor: start processing batch 87f128cc-df89-4b70-b793-950e5f1e893a into model nwt
I0409 14:21:19.877902 267505664 processor.cc:925] Processor: complete processing batch 73f5dc9f-6302-4cf6-97af-879c5e20e55a into model nwt
I0409 14:21:19.883932 267505664 cuckoo_watch.h:45] 217ms in ProcessBatch(batches/aaaaaa.batch) [including 10ms in LoadMessage; 10ms in InitializeSparseNdw; 0ms in FindReuseThetaCacheEntry; 10ms in InitializeTheta; 0ms in CreateRegularizerAgents; 112ms in InferThetaAndUpdateNwtSparse; 0ms in UpdateCacheEntry; 67ms in CalculateScore(^^^ItemsProcessedScore^^^); ]
I0409 14:21:19.907456 267505664 processor.cc:740] No data in processing queue, waiting...
I0409 14:21:20.054808 268042240 processor.cc:925] Processor: complete processing batch 87f128cc-df89-4b70-b793-950e5f1e893a into model nwt
I0409 14:21:20.063936 268042240 cuckoo_watch.h:45] 406ms in ProcessBatch(batches/aaaaab.batch) [including 19ms in LoadMessage; 30ms in InitializeSparseNdw; 0ms in FindReuseThetaCacheEntry; 5ms in InitializeTheta; 0ms in CreateRegularizerAgents; 218ms in InferThetaAndUpdateNwtSparse; 0ms in UpdateCacheEntry; 122ms in CalculateScore(^^^ItemsProcessedScore^^^); ]
I0409 14:21:20.064237 253276160 master_component.cc:1430] RegularizeModelArgs: rwt_target_name=rwt, pwt_source_name=pwt, nwt_source_name=nwt
I0409 14:21:20.064329 253276160 master_component.cc:974] MasterComponent: start regularizing model pwt
I0409 14:21:20.087826 268042240 processor.cc:740] No data in processing queue, waiting...
I0409 14:21:20.210742 253276160 master_component.cc:1000] MasterComponent: complete regularizing model pwt
I0409 14:21:20.210762 253276160 master_component.cc:1443] NormalizeModelArgs: pwt_target_name=pwt, nwt_source_name=nwt, rwt_source_name=rwt
I0409 14:21:20.210770 253276160 master_component.cc:1004] MasterComponent: start normalizing model nwt
I0409 14:21:20.310961 253276160 master_component.cc:1032] MasterComponent: complete normalizing model nwt
I0409 14:21:20.406566 253276160 master_component.cc:1467] DisposeModel rwt
I0409 14:21:20.430059 253276160 master_component.cc:1057] FitOffline: ItemsProcessed, num_items=1728, num_batches=2, token_weight=808522, token_weight_in_effect=808522
I0409 14:21:20.478420 3064288064 c_interface.cc:562] Pass GetScoreValueArgs, score_name=^^^ItemsProcessedScore^^^ to MasterComponent::Request
I0409 14:21:20.478456 3064288064 c_interface.cc:231] ArtmCopyRequestedMessage is copying 46 bytes...
I0409 14:21:20.491317 3064288064 c_interface.cc:389] Pass MasterModelConfig: topic_name_size=30, class=(text:1), class=(author:1), score_config_size=3, num_processors=0, pwt_name=pwt, nwt_name=nwt, num_document_passes=1, regularizer=(SparsePhi1:100000), regularizer=(SparsePhi2:-100000), reuse_theta=yes, cache_theta=yes, opt_for_avx=yes, disk_cache_path= to MN4artm4core15MasterComponentEFvRKNS_17MasterModelConfigEE
I0409 14:21:20.491361 3064288064 instance.cc:401] MasterModelConfig.processors_count is automatically set to 4
I0409 14:21:20.491415 3064288064 instance.cc:232] Regularizer 'SparsePhi1' was cold-reconfigured
I0409 14:21:20.491441 3064288064 instance.cc:232] Regularizer 'SparsePhi2' was cold-reconfigured
I0409 14:21:20.503279 253276160 c_interface.cc:389] Pass FitOfflineMasterModelArgs, batch_filename_size=2, batch_weight_size=2, num_collection_passes=1 to MN4artm4core15MasterComponentEFvRKNS_25FitOfflineMasterModelArgsEE
I0409 14:21:20.503306 253276160 master_component.cc:1392] ProcessBatchesArgs: nwt_target_name=nwt, batch_filename_size=2, batch_size=0, batch_weight_size=2, pwt_source_name=pwt, num_document_passes=1, regularizer=(name:SparsePhi1, tau:100000), regularizer=(name:SparsePhi2, tau:-100000), class=(text:1), class=(author:1), reuse_theta=yes, opt_for_avx=yes, predict_class_id=
I0409 14:21:20.547435 266432512 processor.cc:747] Processing queue has data, processing started
I0409 14:21:20.558135 268042240 processor.cc:747] Processing queue has data, processing started
I0409 14:21:20.570755 266432512 processor.cc:820] Processor: start processing batch 87f128cc-df89-4b70-b793-950e5f1e893a into model nwt
I0409 14:21:20.570857 268042240 processor.cc:820] Processor: start processing batch 73f5dc9f-6302-4cf6-97af-879c5e20e55a into model nwt
I0409 14:21:20.772027 268042240 processor.cc:925] Processor: complete processing batch 73f5dc9f-6302-4cf6-97af-879c5e20e55a into model nwt
I0409 14:21:20.778518 268042240 cuckoo_watch.h:45] 220ms in ProcessBatch(batches/aaaaaa.batch) [including 12ms in LoadMessage; 16ms in InitializeSparseNdw; 0ms in FindReuseThetaCacheEntry; 9ms in InitializeTheta; 0ms in CreateRegularizerAgents; 107ms in InferThetaAndUpdateNwtSparse; 1ms in UpdateCacheEntry; 66ms in CalculateScore(^^^ItemsProcessedScore^^^); ]
I0409 14:21:20.802680 268042240 processor.cc:740] No data in processing queue, waiting...
I0409 14:21:20.934216 266432512 processor.cc:925] Processor: complete processing batch 87f128cc-df89-4b70-b793-950e5f1e893a into model nwt
I0409 14:21:20.943209 266432512 cuckoo_watch.h:45] 395ms in ProcessBatch(batches/aaaaab.batch) [including 23ms in LoadMessage; 33ms in InitializeSparseNdw; 0ms in FindReuseThetaCacheEntry; 4ms in InitializeTheta; 0ms in CreateRegularizerAgents; 207ms in InferThetaAndUpdateNwtSparse; 0ms in UpdateCacheEntry; 117ms in CalculateScore(^^^ItemsProcessedScore^^^); ]
I0409 14:21:20.944453 253276160 master_component.cc:1430] RegularizeModelArgs: rwt_target_name=rwt, pwt_source_name=pwt, nwt_source_name=nwt
I0409 14:21:20.944598 253276160 master_component.cc:974] MasterComponent: start regularizing model pwt
I0409 14:21:20.967173 266432512 processor.cc:740] No data in processing queue, waiting...
I0409 14:21:21.145171 253276160 master_component.cc:1000] MasterComponent: complete regularizing model pwt
I0409 14:21:21.145191 253276160 master_component.cc:1443] NormalizeModelArgs: pwt_target_name=pwt, nwt_source_name=nwt, rwt_source_name=rwt
I0409 14:21:21.145200 253276160 master_component.cc:1004] MasterComponent: start normalizing model nwt
I0409 14:21:21.252347 253276160 master_component.cc:1032] MasterComponent: complete normalizing model nwt
I0409 14:21:21.329828 253276160 master_component.cc:1467] DisposeModel rwt
I0409 14:21:21.353166 253276160 master_component.cc:1057] FitOffline: ItemsProcessed, num_items=1728, num_batches=2, token_weight=808522, token_weight_in_effect=808522
I0409 14:21:21.389899 3064288064 c_interface.cc:562] Pass GetScoreValueArgs, score_name=^^^ItemsProcessedScore^^^ to MasterComponent::Request
I0409 14:21:21.389951 3064288064 c_interface.cc:231] ArtmCopyRequestedMessage is copying 46 bytes...
I0409 14:21:21.390506 253276160 c_interface.cc:389] Pass FitOfflineMasterModelArgs, batch_filename_size=2, batch_weight_size=2, num_collection_passes=1 to MN4artm4core15MasterComponentEFvRKNS_25FitOfflineMasterModelArgsEE
I0409 14:21:21.390523 253276160 master_component.cc:1392] ProcessBatchesArgs: nwt_target_name=nwt, batch_filename_size=2, batch_size=0, batch_weight_size=2, pwt_source_name=pwt, num_document_passes=1, regularizer=(name:SparsePhi1, tau:100000), regularizer=(name:SparsePhi2, tau:-100000), class=(text:1), class=(author:1), reuse_theta=yes, opt_for_avx=yes, predict_class_id=
I0409 14:21:21.421581 267505664 processor.cc:747] Processing queue has data, processing started
I0409 14:21:21.428594 266969088 processor.cc:747] Processing queue has data, processing started
I0409 14:21:21.438071 267505664 processor.cc:820] Processor: start processing batch 87f128cc-df89-4b70-b793-950e5f1e893a into model nwt
I0409 14:21:21.438683 266969088 processor.cc:820] Processor: start processing batch 73f5dc9f-6302-4cf6-97af-879c5e20e55a into model nwt
I0409 14:21:21.632971 266969088 processor.cc:925] Processor: complete processing batch 73f5dc9f-6302-4cf6-97af-879c5e20e55a into model nwt
I0409 14:21:21.638842 266969088 cuckoo_watch.h:45] 210ms in ProcessBatch(batches/aaaaaa.batch) [including 10ms in LoadMessage; 13ms in InitializeSparseNdw; 0ms in FindReuseThetaCacheEntry; 9ms in InitializeTheta; 0ms in CreateRegularizerAgents; 111ms in InferThetaAndUpdateNwtSparse; 0ms in UpdateCacheEntry; 58ms in CalculateScore(^^^ItemsProcessedScore^^^); ]
I0409 14:21:21.663015 266969088 processor.cc:740] No data in processing queue, waiting...
I0409 14:21:21.808559 267505664 processor.cc:925] Processor: complete processing batch 87f128cc-df89-4b70-b793-950e5f1e893a into model nwt
I0409 14:21:21.816604 267505664 cuckoo_watch.h:45] 394ms in ProcessBatch(batches/aaaaab.batch) [including 16ms in LoadMessage; 29ms in InitializeSparseNdw; 0ms in FindReuseThetaCacheEntry; 4ms in InitializeTheta; 0ms in CreateRegularizerAgents; 214ms in InferThetaAndUpdateNwtSparse; 0ms in UpdateCacheEntry; 121ms in CalculateScore(^^^ItemsProcessedScore^^^); ]
I0409 14:21:21.816722 253276160 master_component.cc:1430] RegularizeModelArgs: rwt_target_name=rwt, pwt_source_name=pwt, nwt_source_name=nwt
I0409 14:21:21.816741 253276160 master_component.cc:974] MasterComponent: start regularizing model pwt
I0409 14:21:21.840452 267505664 processor.cc:740] No data in processing queue, waiting...
I0409 14:21:22.025027 253276160 master_component.cc:1000] MasterComponent: complete regularizing model pwt
I0409 14:21:22.025074 253276160 master_component.cc:1443] NormalizeModelArgs: pwt_target_name=pwt, nwt_source_name=nwt, rwt_source_name=rwt
I0409 14:21:22.025094 253276160 master_component.cc:1004] MasterComponent: start normalizing model nwt
I0409 14:21:22.137112 253276160 master_component.cc:1032] MasterComponent: complete normalizing model nwt
I0409 14:21:22.213001 253276160 master_component.cc:1467] DisposeModel rwt
I0409 14:21:22.240085 253276160 master_component.cc:1057] FitOffline: ItemsProcessed, num_items=1728, num_batches=2, token_weight=808522, token_weight_in_effect=808522
I0409 14:21:22.293485 3064288064 c_interface.cc:562] Pass GetScoreValueArgs, score_name=^^^ItemsProcessedScore^^^ to MasterComponent::Request
I0409 14:21:22.293522 3064288064 c_interface.cc:231] ArtmCopyRequestedMessage is copying 46 bytes...
I0409 14:21:22.294085 253276160 c_interface.cc:389] Pass FitOfflineMasterModelArgs, batch_filename_size=2, batch_weight_size=2, num_collection_passes=1 to MN4artm4core15MasterComponentEFvRKNS_25FitOfflineMasterModelArgsEE
I0409 14:21:22.294103 253276160 master_component.cc:1392] ProcessBatchesArgs: nwt_target_name=nwt, batch_filename_size=2, batch_size=0, batch_weight_size=2, pwt_source_name=pwt, num_document_passes=1, regularizer=(name:SparsePhi1, tau:100000), regularizer=(name:SparsePhi2, tau:-100000), class=(text:1), class=(author:1), reuse_theta=yes, opt_for_avx=yes, predict_class_id=
I0409 14:21:22.325963 268042240 processor.cc:747] Processing queue has data, processing started
I0409 14:21:22.333811 266432512 processor.cc:747] Processing queue has data, processing started
I0409 14:21:22.343726 268042240 processor.cc:820] Processor: start processing batch 87f128cc-df89-4b70-b793-950e5f1e893a into model nwt
I0409 14:21:22.345566 266432512 processor.cc:820] Processor: start processing batch 73f5dc9f-6302-4cf6-97af-879c5e20e55a into model nwt
I0409 14:21:22.538938 266432512 processor.cc:925] Processor: complete processing batch 73f5dc9f-6302-4cf6-97af-879c5e20e55a into model nwt
I0409 14:21:22.547152 266432512 cuckoo_watch.h:45] 213ms in ProcessBatch(batches/aaaaaa.batch) [including 11ms in LoadMessage; 13ms in InitializeSparseNdw; 0ms in FindReuseThetaCacheEntry; 8ms in InitializeTheta; 0ms in CreateRegularizerAgents; 105ms in InferThetaAndUpdateNwtSparse; 0ms in UpdateCacheEntry; 64ms in CalculateScore(^^^ItemsProcessedScore^^^); ]
I0409 14:21:22.571199 266432512 processor.cc:740] No data in processing queue, waiting...
I0409 14:21:22.697635 268042240 processor.cc:925] Processor: complete processing batch 87f128cc-df89-4b70-b793-950e5f1e893a into model nwt
I0409 14:21:22.706043 268042240 cuckoo_watch.h:45] 380ms in ProcessBatch(batches/aaaaab.batch) [including 17ms in LoadMessage; 29ms in InitializeSparseNdw; 0ms in FindReuseThetaCacheEntry; 4ms in InitializeTheta; 0ms in CreateRegularizerAgents; 208ms in InferThetaAndUpdateNwtSparse; 0ms in UpdateCacheEntry; 111ms in CalculateScore(^^^ItemsProcessedScore^^^); ]
I0409 14:21:22.706914 253276160 master_component.cc:1430] RegularizeModelArgs: rwt_target_name=rwt, pwt_source_name=pwt, nwt_source_name=nwt
I0409 14:21:22.707003 253276160 master_component.cc:974] MasterComponent: start regularizing model pwt
I0409 14:21:22.730283 268042240 processor.cc:740] No data in processing queue, waiting...
I0409 14:21:22.917735 253276160 master_component.cc:1000] MasterComponent: complete regularizing model pwt
I0409 14:21:22.917762 253276160 master_component.cc:1443] NormalizeModelArgs: pwt_target_name=pwt, nwt_source_name=nwt, rwt_source_name=rwt
I0409 14:21:22.917770 253276160 master_component.cc:1004] MasterComponent: start normalizing model nwt
I0409 14:21:23.028414 253276160 master_component.cc:1032] MasterComponent: complete normalizing model nwt
I0409 14:21:23.101986 253276160 master_component.cc:1467] DisposeModel rwt
I0409 14:21:23.126756 253276160 master_component.cc:1057] FitOffline: ItemsProcessed, num_items=1728, num_batches=2, token_weight=808522, token_weight_in_effect=808522
I0409 14:21:23.145470 3064288064 c_interface.cc:562] Pass GetScoreValueArgs, score_name=^^^ItemsProcessedScore^^^ to MasterComponent::Request
I0409 14:21:23.145506 3064288064 c_interface.cc:231] ArtmCopyRequestedMessage is copying 46 bytes...
I0409 14:21:23.145987 253276160 c_interface.cc:389] Pass FitOfflineMasterModelArgs, batch_filename_size=2, batch_weight_size=2, num_collection_passes=1 to MN4artm4core15MasterComponentEFvRKNS_25FitOfflineMasterModelArgsEE
I0409 14:21:23.146004 253276160 master_component.cc:1392] ProcessBatchesArgs: nwt_target_name=nwt, batch_filename_size=2, batch_size=0, batch_weight_size=2, pwt_source_name=pwt, num_document_passes=1, regularizer=(name:SparsePhi1, tau:100000), regularizer=(name:SparsePhi2, tau:-100000), class=(text:1), class=(author:1), reuse_theta=yes, opt_for_avx=yes, predict_class_id=
I0409 14:21:23.175609 267505664 processor.cc:747] Processing queue has data, processing started
I0409 14:21:23.183248 266969088 processor.cc:747] Processing queue has data, processing started
I0409 14:21:23.193581 267505664 processor.cc:820] Processor: start processing batch 87f128cc-df89-4b70-b793-950e5f1e893a into model nwt
I0409 14:21:23.195145 266969088 processor.cc:820] Processor: start processing batch 73f5dc9f-6302-4cf6-97af-879c5e20e55a into model nwt
I0409 14:21:23.382647 266969088 processor.cc:925] Processor: complete processing batch 73f5dc9f-6302-4cf6-97af-879c5e20e55a into model nwt
I0409 14:21:23.389992 266969088 cuckoo_watch.h:45] 206ms in ProcessBatch(batches/aaaaaa.batch) [including 11ms in LoadMessage; 11ms in InitializeSparseNdw; 0ms in FindReuseThetaCacheEntry; 8ms in InitializeTheta; 0ms in CreateRegularizerAgents; 98ms in InferThetaAndUpdateNwtSparse; 0ms in UpdateCacheEntry; 68ms in CalculateScore(^^^ItemsProcessedScore^^^); ]
I0409 14:21:23.414258 266969088 processor.cc:740] No data in processing queue, waiting...
I0409 14:21:23.551904 267505664 processor.cc:925] Processor: complete processing batch 87f128cc-df89-4b70-b793-950e5f1e893a into model nwt
I0409 14:21:23.562496 267505664 cuckoo_watch.h:45] 386ms in ProcessBatch(batches/aaaaab.batch) [including 17ms in LoadMessage; 24ms in InitializeSparseNdw; 0ms in FindReuseThetaCacheEntry; 3ms in InitializeTheta; 0ms in CreateRegularizerAgents; 208ms in InferThetaAndUpdateNwtSparse; 0ms in UpdateCacheEntry; 121ms in CalculateScore(^^^ItemsProcessedScore^^^); ]
I0409 14:21:23.563549 253276160 master_component.cc:1430] RegularizeModelArgs: rwt_target_name=rwt, pwt_source_name=pwt, nwt_source_name=nwt
I0409 14:21:23.563643 253276160 master_component.cc:974] MasterComponent: start regularizing model pwt
I0409 14:21:23.586295 267505664 processor.cc:740] No data in processing queue, waiting...
I0409 14:21:23.772707 253276160 master_component.cc:1000] MasterComponent: complete regularizing model pwt
I0409 14:21:23.772727 253276160 master_component.cc:1443] NormalizeModelArgs: pwt_target_name=pwt, nwt_source_name=nwt, rwt_source_name=rwt
I0409 14:21:23.772735 253276160 master_component.cc:1004] MasterComponent: start normalizing model nwt
I0409 14:21:23.878051 253276160 master_component.cc:1032] MasterComponent: complete normalizing model nwt
I0409 14:21:23.946383 253276160 master_component.cc:1467] DisposeModel rwt
I0409 14:21:23.972043 253276160 master_component.cc:1057] FitOffline: ItemsProcessed, num_items=1728, num_batches=2, token_weight=808522, token_weight_in_effect=808522
I0409 14:21:23.996783 3064288064 c_interface.cc:562] Pass GetScoreValueArgs, score_name=^^^ItemsProcessedScore^^^ to MasterComponent::Request
I0409 14:21:23.996819 3064288064 c_interface.cc:231] ArtmCopyRequestedMessage is copying 46 bytes...
I0409 14:21:23.997385 253276160 c_interface.cc:389] Pass FitOfflineMasterModelArgs, batch_filename_size=2, batch_weight_size=2, num_collection_passes=1 to MN4artm4core15MasterComponentEFvRKNS_25FitOfflineMasterModelArgsEE
I0409 14:21:23.997401 253276160 master_component.cc:1392] ProcessBatchesArgs: nwt_target_name=nwt, batch_filename_size=2, batch_size=0, batch_weight_size=2, pwt_source_name=pwt, num_document_passes=1, regularizer=(name:SparsePhi1, tau:100000), regularizer=(name:SparsePhi2, tau:-100000), class=(text:1), class=(author:1), reuse_theta=yes, opt_for_avx=yes, predict_class_id=
I0409 14:21:24.025780 266432512 processor.cc:747] Processing queue has data, processing started
I0409 14:21:24.033197 268042240 processor.cc:747] Processing queue has data, processing started
I0409 14:21:24.043831 266432512 processor.cc:820] Processor: start processing batch 87f128cc-df89-4b70-b793-950e5f1e893a into model nwt
I0409 14:21:24.044744 268042240 processor.cc:820] Processor: start processing batch 73f5dc9f-6302-4cf6-97af-879c5e20e55a into model nwt
I0409 14:21:24.225600 268042240 processor.cc:925] Processor: complete processing batch 73f5dc9f-6302-4cf6-97af-879c5e20e55a into model nwt
I0409 14:21:24.233994 268042240 cuckoo_watch.h:45] 200ms in ProcessBatch(batches/aaaaaa.batch) [including 11ms in LoadMessage; 11ms in InitializeSparseNdw; 0ms in FindReuseThetaCacheEntry; 8ms in InitializeTheta; 0ms in CreateRegularizerAgents; 99ms in InferThetaAndUpdateNwtSparse; 0ms in UpdateCacheEntry; 60ms in CalculateScore(^^^ItemsProcessedScore^^^); ]
I0409 14:21:24.258170 268042240 processor.cc:740] No data in processing queue, waiting...
I0409 14:21:24.400209 266432512 processor.cc:925] Processor: complete processing batch 87f128cc-df89-4b70-b793-950e5f1e893a into model nwt
I0409 14:21:24.409273 266432512 cuckoo_watch.h:45] 383ms in ProcessBatch(batches/aaaaab.batch) [including 18ms in LoadMessage; 25ms in InitializeSparseNdw; 0ms in FindReuseThetaCacheEntry; 5ms in InitializeTheta; 0ms in CreateRegularizerAgents; 196ms in InferThetaAndUpdateNwtSparse; 0ms in UpdateCacheEntry; 128ms in CalculateScore(^^^ItemsProcessedScore^^^); ]
I0409 14:21:24.410279 253276160 master_component.cc:1430] RegularizeModelArgs: rwt_target_name=rwt, pwt_source_name=pwt, nwt_source_name=nwt
I0409 14:21:24.410326 253276160 master_component.cc:974] MasterComponent: start regularizing model pwt
I0409 14:21:24.435649 266432512 processor.cc:740] No data in processing queue, waiting...
I0409 14:21:24.636602 253276160 master_component.cc:1000] MasterComponent: complete regularizing model pwt
I0409 14:21:24.636621 253276160 master_component.cc:1443] NormalizeModelArgs: pwt_target_name=pwt, nwt_source_name=nwt, rwt_source_name=rwt
I0409 14:21:24.636631 253276160 master_component.cc:1004] MasterComponent: start normalizing model nwt
I0409 14:21:24.740738 253276160 master_component.cc:1032] MasterComponent: complete normalizing model nwt
I0409 14:21:24.816157 253276160 master_component.cc:1467] DisposeModel rwt
I0409 14:21:24.841292 253276160 master_component.cc:1057] FitOffline: ItemsProcessed, num_items=1728, num_batches=2, token_weight=808522, token_weight_in_effect=808522
I0409 14:21:24.846001 3064288064 c_interface.cc:562] Pass GetScoreValueArgs, score_name=^^^ItemsProcessedScore^^^ to MasterComponent::Request
I0409 14:21:24.846038 3064288064 c_interface.cc:231] ArtmCopyRequestedMessage is copying 46 bytes...
I0409 14:21:24.846520 253276160 c_interface.cc:389] Pass FitOfflineMasterModelArgs, batch_filename_size=2, batch_weight_size=2, num_collection_passes=1 to MN4artm4core15MasterComponentEFvRKNS_25FitOfflineMasterModelArgsEE
I0409 14:21:24.846537 253276160 master_component.cc:1392] ProcessBatchesArgs: nwt_target_name=nwt, batch_filename_size=2, batch_size=0, batch_weight_size=2, pwt_source_name=pwt, num_document_passes=1, regularizer=(name:SparsePhi1, tau:100000), regularizer=(name:SparsePhi2, tau:-100000), class=(text:1), class=(author:1), reuse_theta=yes, opt_for_avx=yes, predict_class_id=
I0409 14:21:24.876405 266969088 processor.cc:747] Processing queue has data, processing started
I0409 14:21:24.881443 267505664 processor.cc:747] Processing queue has data, processing started
I0409 14:21:24.891180 267505664 processor.cc:820] Processor: start processing batch 73f5dc9f-6302-4cf6-97af-879c5e20e55a into model nwt
I0409 14:21:24.891507 266969088 processor.cc:820] Processor: start processing batch 87f128cc-df89-4b70-b793-950e5f1e893a into model nwt
I0409 14:21:25.082691 267505664 processor.cc:925] Processor: complete processing batch 73f5dc9f-6302-4cf6-97af-879c5e20e55a into model nwt
I0409 14:21:25.090245 267505664 cuckoo_watch.h:45] 208ms in ProcessBatch(batches/aaaaaa.batch) [including 9ms in LoadMessage; 9ms in InitializeSparseNdw; 0ms in FindReuseThetaCacheEntry; 8ms in InitializeTheta; 0ms in CreateRegularizerAgents; 103ms in InferThetaAndUpdateNwtSparse; 0ms in UpdateCacheEntry; 68ms in CalculateScore(^^^ItemsProcessedScore^^^); ]
I0409 14:21:25.113797 267505664 processor.cc:740] No data in processing queue, waiting...
I0409 14:21:25.271858 266969088 processor.cc:925] Processor: complete processing batch 87f128cc-df89-4b70-b793-950e5f1e893a into model nwt
I0409 14:21:25.281800 266969088 cuckoo_watch.h:45] 405ms in ProcessBatch(batches/aaaaab.batch) [including 15ms in LoadMessage; 27ms in InitializeSparseNdw; 0ms in FindReuseThetaCacheEntry; 4ms in InitializeTheta; 0ms in CreateRegularizerAgents; 210ms in InferThetaAndUpdateNwtSparse; 0ms in UpdateCacheEntry; 136ms in CalculateScore(^^^ItemsProcessedScore^^^); ]
I0409 14:21:25.283108 253276160 master_component.cc:1430] RegularizeModelArgs: rwt_target_name=rwt, pwt_source_name=pwt, nwt_source_name=nwt
I0409 14:21:25.283161 253276160 master_component.cc:974] MasterComponent: start regularizing model pwt
I0409 14:21:25.305829 266969088 processor.cc:740] No data in processing queue, waiting...
I0409 14:21:25.494429 253276160 master_component.cc:1000] MasterComponent: complete regularizing model pwt
I0409 14:21:25.494449 253276160 master_component.cc:1443] NormalizeModelArgs: pwt_target_name=pwt, nwt_source_name=nwt, rwt_source_name=rwt
I0409 14:21:25.494457 253276160 master_component.cc:1004] MasterComponent: start normalizing model nwt
I0409 14:21:25.608290 253276160 master_component.cc:1032] MasterComponent: complete normalizing model nwt
I0409 14:21:25.682967 253276160 master_component.cc:1467] DisposeModel rwt
I0409 14:21:25.707680 253276160 master_component.cc:1057] FitOffline: ItemsProcessed, num_items=1728, num_batches=2, token_weight=808522, token_weight_in_effect=808522
I0409 14:21:25.750263 3064288064 c_interface.cc:562] Pass GetScoreValueArgs, score_name=^^^ItemsProcessedScore^^^ to MasterComponent::Request
I0409 14:21:25.750299 3064288064 c_interface.cc:231] ArtmCopyRequestedMessage is copying 46 bytes...
I0409 14:21:25.750761 253276160 c_interface.cc:389] Pass FitOfflineMasterModelArgs, batch_filename_size=2, batch_weight_size=2, num_collection_passes=1 to MN4artm4core15MasterComponentEFvRKNS_25FitOfflineMasterModelArgsEE
I0409 14:21:25.750777 253276160 master_component.cc:1392] ProcessBatchesArgs: nwt_target_name=nwt, batch_filename_size=2, batch_size=0, batch_weight_size=2, pwt_source_name=pwt, num_document_passes=1, regularizer=(name:SparsePhi1, tau:100000), regularizer=(name:SparsePhi2, tau:-100000), class=(text:1), class=(author:1), reuse_theta=yes, opt_for_avx=yes, predict_class_id=
I0409 14:21:25.781563 267505664 processor.cc:747] Processing queue has data, processing started
I0409 14:21:25.787294 266432512 processor.cc:747] Processing queue has data, processing started
I0409 14:21:25.798184 267505664 processor.cc:820] Processor: start processing batch 87f128cc-df89-4b70-b793-950e5f1e893a into model nwt
I0409 14:21:25.798842 266432512 processor.cc:820] Processor: start processing batch 73f5dc9f-6302-4cf6-97af-879c5e20e55a into model nwt
I0409 14:21:25.981061 266432512 processor.cc:925] Processor: complete processing batch 73f5dc9f-6302-4cf6-97af-879c5e20e55a into model nwt
I0409 14:21:25.986728 266432512 cuckoo_watch.h:45] 199ms in ProcessBatch(batches/aaaaaa.batch) [including 11ms in LoadMessage; 13ms in InitializeSparseNdw; 0ms in FindReuseThetaCacheEntry; 8ms in InitializeTheta; 0ms in CreateRegularizerAgents; 97ms in InferThetaAndUpdateNwtSparse; 0ms in UpdateCacheEntry; 61ms in CalculateScore(^^^ItemsProcessedScore^^^); ]
I0409 14:21:26.010681 266432512 processor.cc:740] No data in processing queue, waiting...
I0409 14:21:26.145021 267505664 processor.cc:925] Processor: complete processing batch 87f128cc-df89-4b70-b793-950e5f1e893a into model nwt
I0409 14:21:26.153662 267505664 cuckoo_watch.h:45] 372ms in ProcessBatch(batches/aaaaab.batch) [including 16ms in LoadMessage; 28ms in InitializeSparseNdw; 0ms in FindReuseThetaCacheEntry; 4ms in InitializeTheta; 0ms in CreateRegularizerAgents; 196ms in InferThetaAndUpdateNwtSparse; 0ms in UpdateCacheEntry; 116ms in CalculateScore(^^^ItemsProcessedScore^^^); ]
I0409 14:21:26.154100 253276160 master_component.cc:1430] RegularizeModelArgs: rwt_target_name=rwt, pwt_source_name=pwt, nwt_source_name=nwt
I0409 14:21:26.154155 253276160 master_component.cc:974] MasterComponent: start regularizing model pwt
I0409 14:21:26.177235 267505664 processor.cc:740] No data in processing queue, waiting...
I0409 14:21:26.377310 253276160 master_component.cc:1000] MasterComponent: complete regularizing model pwt
I0409 14:21:26.377328 253276160 master_component.cc:1443] NormalizeModelArgs: pwt_target_name=pwt, nwt_source_name=nwt, rwt_source_name=rwt
I0409 14:21:26.377336 253276160 master_component.cc:1004] MasterComponent: start normalizing model nwt
I0409 14:21:26.483577 253276160 master_component.cc:1032] MasterComponent: complete normalizing model nwt
I0409 14:21:26.564537 253276160 master_component.cc:1467] DisposeModel rwt
I0409 14:21:26.589660 253276160 master_component.cc:1057] FitOffline: ItemsProcessed, num_items=1728, num_batches=2, token_weight=808522, token_weight_in_effect=808522
I0409 14:21:26.604408 3064288064 c_interface.cc:562] Pass GetScoreValueArgs, score_name=^^^ItemsProcessedScore^^^ to MasterComponent::Request
I0409 14:21:26.604445 3064288064 c_interface.cc:231] ArtmCopyRequestedMessage is copying 46 bytes...
I0409 14:21:26.604914 253276160 c_interface.cc:389] Pass FitOfflineMasterModelArgs, batch_filename_size=2, batch_weight_size=2, num_collection_passes=1 to MN4artm4core15MasterComponentEFvRKNS_25FitOfflineMasterModelArgsEE
I0409 14:21:26.604943 253276160 master_component.cc:1392] ProcessBatchesArgs: nwt_target_name=nwt, batch_filename_size=2, batch_size=0, batch_weight_size=2, pwt_source_name=pwt, num_document_passes=1, regularizer=(name:SparsePhi1, tau:100000), regularizer=(name:SparsePhi2, tau:-100000), class=(text:1), class=(author:1), reuse_theta=yes, opt_for_avx=yes, predict_class_id=
I0409 14:21:26.635882 266969088 processor.cc:747] Processing queue has data, processing started
I0409 14:21:26.643121 266432512 processor.cc:747] Processing queue has data, processing started
I0409 14:21:26.653525 266432512 processor.cc:820] Processor: start processing batch 73f5dc9f-6302-4cf6-97af-879c5e20e55a into model nwt
I0409 14:21:26.653901 266969088 processor.cc:820] Processor: start processing batch 87f128cc-df89-4b70-b793-950e5f1e893a into model nwt
I0409 14:21:26.861012 266432512 processor.cc:925] Processor: complete processing batch 73f5dc9f-6302-4cf6-97af-879c5e20e55a into model nwt
I0409 14:21:26.867971 266432512 cuckoo_watch.h:45] 224ms in ProcessBatch(batches/aaaaaa.batch) [including 10ms in LoadMessage; 11ms in InitializeSparseNdw; 0ms in FindReuseThetaCacheEntry; 8ms in InitializeTheta; 0ms in CreateRegularizerAgents; 114ms in InferThetaAndUpdateNwtSparse; 0ms in UpdateCacheEntry; 72ms in CalculateScore(^^^ItemsProcessedScore^^^); ]
I0409 14:21:26.891485 266432512 processor.cc:740] No data in processing queue, waiting...
I0409 14:21:27.052393 266969088 processor.cc:925] Processor: complete processing batch 87f128cc-df89-4b70-b793-950e5f1e893a into model nwt
I0409 14:21:27.061487 266969088 cuckoo_watch.h:45] 425ms in ProcessBatch(batches/aaaaab.batch) [including 17ms in LoadMessage; 31ms in InitializeSparseNdw; 0ms in FindReuseThetaCacheEntry; 3ms in InitializeTheta; 0ms in CreateRegularizerAgents; 224ms in InferThetaAndUpdateNwtSparse; 0ms in UpdateCacheEntry; 139ms in CalculateScore(^^^ItemsProcessedScore^^^); ]
I0409 14:21:27.062561 253276160 master_component.cc:1430] RegularizeModelArgs: rwt_target_name=rwt, pwt_source_name=pwt, nwt_source_name=nwt
I0409 14:21:27.062592 253276160 master_component.cc:974] MasterComponent: start regularizing model pwt
I0409 14:21:27.084532 266969088 processor.cc:740] No data in processing queue, waiting...
I0409 14:21:27.268309 253276160 master_component.cc:1000] MasterComponent: complete regularizing model pwt
I0409 14:21:27.268329 253276160 master_component.cc:1443] NormalizeModelArgs: pwt_target_name=pwt, nwt_source_name=nwt, rwt_source_name=rwt
I0409 14:21:27.268337 253276160 master_component.cc:1004] MasterComponent: start normalizing model nwt
I0409 14:21:27.370836 253276160 master_component.cc:1032] MasterComponent: complete normalizing model nwt
I0409 14:21:27.442950 253276160 master_component.cc:1467] DisposeModel rwt
I0409 14:21:27.473546 253276160 master_component.cc:1057] FitOffline: ItemsProcessed, num_items=1728, num_batches=2, token_weight=808522, token_weight_in_effect=808522
I0409 14:21:27.502677 3064288064 c_interface.cc:562] Pass GetScoreValueArgs, score_name=^^^ItemsProcessedScore^^^ to MasterComponent::Request
I0409 14:21:27.502715 3064288064 c_interface.cc:231] ArtmCopyRequestedMessage is copying 46 bytes...
I0409 14:21:27.503131 253276160 c_interface.cc:389] Pass FitOfflineMasterModelArgs, batch_filename_size=2, batch_weight_size=2, num_collection_passes=1 to MN4artm4core15MasterComponentEFvRKNS_25FitOfflineMasterModelArgsEE
I0409 14:21:27.503149 253276160 master_component.cc:1392] ProcessBatchesArgs: nwt_target_name=nwt, batch_filename_size=2, batch_size=0, batch_weight_size=2, pwt_source_name=pwt, num_document_passes=1, regularizer=(name:SparsePhi1, tau:100000), regularizer=(name:SparsePhi2, tau:-100000), class=(text:1), class=(author:1), reuse_theta=yes, opt_for_avx=yes, predict_class_id=
I0409 14:21:27.534950 267505664 processor.cc:747] Processing queue has data, processing started
I0409 14:21:27.541357 266432512 processor.cc:747] Processing queue has data, processing started
I0409 14:21:27.553444 267505664 processor.cc:820] Processor: start processing batch 87f128cc-df89-4b70-b793-950e5f1e893a into model nwt
I0409 14:21:27.554422 266432512 processor.cc:820] Processor: start processing batch 73f5dc9f-6302-4cf6-97af-879c5e20e55a into model nwt
I0409 14:21:27.757239 266432512 processor.cc:925] Processor: complete processing batch 73f5dc9f-6302-4cf6-97af-879c5e20e55a into model nwt
I0409 14:21:27.763206 266432512 cuckoo_watch.h:45] 221ms in ProcessBatch(batches/aaaaaa.batch) [including 13ms in LoadMessage; 12ms in InitializeSparseNdw; 0ms in FindReuseThetaCacheEntry; 10ms in InitializeTheta; 0ms in CreateRegularizerAgents; 117ms in InferThetaAndUpdateNwtSparse; 0ms in UpdateCacheEntry; 61ms in CalculateScore(^^^ItemsProcessedScore^^^); ]
I0409 14:21:27.787495 266432512 processor.cc:740] No data in processing queue, waiting...
I0409 14:21:27.938637 267505664 processor.cc:925] Processor: complete processing batch 87f128cc-df89-4b70-b793-950e5f1e893a into model nwt
I0409 14:21:27.947407 267505664 cuckoo_watch.h:45] 412ms in ProcessBatch(batches/aaaaab.batch) [including 18ms in LoadMessage; 29ms in InitializeSparseNdw; 0ms in FindReuseThetaCacheEntry; 4ms in InitializeTheta; 0ms in CreateRegularizerAgents; 217ms in InferThetaAndUpdateNwtSparse; 0ms in UpdateCacheEntry; 133ms in CalculateScore(^^^ItemsProcessedScore^^^); ]
I0409 14:21:27.947813 253276160 master_component.cc:1430] RegularizeModelArgs: rwt_target_name=rwt, pwt_source_name=pwt, nwt_source_name=nwt
I0409 14:21:27.947850 253276160 master_component.cc:974] MasterComponent: start regularizing model pwt
I0409 14:21:27.970077 267505664 processor.cc:740] No data in processing queue, waiting...
I0409 14:21:28.159584 253276160 master_component.cc:1000] MasterComponent: complete regularizing model pwt
I0409 14:21:28.159605 253276160 master_component.cc:1443] NormalizeModelArgs: pwt_target_name=pwt, nwt_source_name=nwt, rwt_source_name=rwt
I0409 14:21:28.159615 253276160 master_component.cc:1004] MasterComponent: start normalizing model nwt
I0409 14:21:28.262063 253276160 master_component.cc:1032] MasterComponent: complete normalizing model nwt
I0409 14:21:28.333380 253276160 master_component.cc:1467] DisposeModel rwt
I0409 14:21:28.356220 253276160 master_component.cc:1057] FitOffline: ItemsProcessed, num_items=1728, num_batches=2, token_weight=808522, token_weight_in_effect=808522
I0409 14:21:28.400655 3064288064 c_interface.cc:562] Pass GetScoreValueArgs, score_name=^^^ItemsProcessedScore^^^ to MasterComponent::Request
I0409 14:21:28.400691 3064288064 c_interface.cc:231] ArtmCopyRequestedMessage is copying 46 bytes...
I0409 14:21:28.401132 253276160 c_interface.cc:389] Pass FitOfflineMasterModelArgs, batch_filename_size=2, batch_weight_size=2, num_collection_passes=1 to MN4artm4core15MasterComponentEFvRKNS_25FitOfflineMasterModelArgsEE
I0409 14:21:28.401150 253276160 master_component.cc:1392] ProcessBatchesArgs: nwt_target_name=nwt, batch_filename_size=2, batch_size=0, batch_weight_size=2, pwt_source_name=pwt, num_document_passes=1, regularizer=(name:SparsePhi1, tau:100000), regularizer=(name:SparsePhi2, tau:-100000), class=(text:1), class=(author:1), reuse_theta=yes, opt_for_avx=yes, predict_class_id=
I0409 14:21:28.430943 266969088 processor.cc:747] Processing queue has data, processing started
I0409 14:21:28.439033 268042240 processor.cc:747] Processing queue has data, processing started
I0409 14:21:28.449097 266969088 processor.cc:820] Processor: start processing batch 87f128cc-df89-4b70-b793-950e5f1e893a into model nwt
I0409 14:21:28.449272 268042240 processor.cc:820] Processor: start processing batch 73f5dc9f-6302-4cf6-97af-879c5e20e55a into model nwt
I0409 14:21:28.631817 268042240 processor.cc:925] Processor: complete processing batch 73f5dc9f-6302-4cf6-97af-879c5e20e55a into model nwt
I0409 14:21:28.641551 268042240 cuckoo_watch.h:45] 202ms in ProcessBatch(batches/aaaaaa.batch) [including 10ms in LoadMessage; 11ms in InitializeSparseNdw; 0ms in FindReuseThetaCacheEntry; 8ms in InitializeTheta; 0ms in CreateRegularizerAgents; 99ms in InferThetaAndUpdateNwtSparse; 0ms in UpdateCacheEntry; 62ms in CalculateScore(^^^ItemsProcessedScore^^^); ]
I0409 14:21:28.665175 268042240 processor.cc:740] No data in processing queue, waiting...
I0409 14:21:28.821166 266969088 processor.cc:925] Processor: complete processing batch 87f128cc-df89-4b70-b793-950e5f1e893a into model nwt
I0409 14:21:28.829346 266969088 cuckoo_watch.h:45] 398ms in ProcessBatch(batches/aaaaab.batch) [including 18ms in LoadMessage; 23ms in InitializeSparseNdw; 0ms in FindReuseThetaCacheEntry; 4ms in InitializeTheta; 0ms in CreateRegularizerAgents; 207ms in InferThetaAndUpdateNwtSparse; 0ms in UpdateCacheEntry; 135ms in CalculateScore(^^^ItemsProcessedScore^^^); ]
I0409 14:21:28.830373 253276160 master_component.cc:1430] RegularizeModelArgs: rwt_target_name=rwt, pwt_source_name=pwt, nwt_source_name=nwt
I0409 14:21:28.830483 253276160 master_component.cc:974] MasterComponent: start regularizing model pwt
I0409 14:21:28.852370 266969088 processor.cc:740] No data in processing queue, waiting...
I0409 14:21:29.034478 253276160 master_component.cc:1000] MasterComponent: complete regularizing model pwt
I0409 14:21:29.034498 253276160 master_component.cc:1443] NormalizeModelArgs: pwt_target_name=pwt, nwt_source_name=nwt, rwt_source_name=rwt
I0409 14:21:29.034507 253276160 master_component.cc:1004] MasterComponent: start normalizing model nwt
I0409 14:21:29.143434 253276160 master_component.cc:1032] MasterComponent: complete normalizing model nwt
I0409 14:21:29.216406 253276160 master_component.cc:1467] DisposeModel rwt
I0409 14:21:29.251266 253276160 master_component.cc:1057] FitOffline: ItemsProcessed, num_items=1728, num_batches=2, token_weight=808522, token_weight_in_effect=808522
I0409 14:21:29.299386 3064288064 c_interface.cc:562] Pass GetScoreValueArgs, score_name=^^^ItemsProcessedScore^^^ to MasterComponent::Request
I0409 14:21:29.299423 3064288064 c_interface.cc:231] ArtmCopyRequestedMessage is copying 46 bytes...
I0409 14:21:29.299947 253276160 c_interface.cc:389] Pass FitOfflineMasterModelArgs, batch_filename_size=2, batch_weight_size=2, num_collection_passes=1 to MN4artm4core15MasterComponentEFvRKNS_25FitOfflineMasterModelArgsEE
I0409 14:21:29.299964 253276160 master_component.cc:1392] ProcessBatchesArgs: nwt_target_name=nwt, batch_filename_size=2, batch_size=0, batch_weight_size=2, pwt_source_name=pwt, num_document_passes=1, regularizer=(name:SparsePhi1, tau:100000), regularizer=(name:SparsePhi2, tau:-100000), class=(text:1), class=(author:1), reuse_theta=yes, opt_for_avx=yes, predict_class_id=
I0409 14:21:29.330392 267505664 processor.cc:747] Processing queue has data, processing started
I0409 14:21:29.336246 266432512 processor.cc:747] Processing queue has data, processing started
I0409 14:21:29.345595 267505664 processor.cc:820] Processor: start processing batch 87f128cc-df89-4b70-b793-950e5f1e893a into model nwt
I0409 14:21:29.346695 266432512 processor.cc:820] Processor: start processing batch 73f5dc9f-6302-4cf6-97af-879c5e20e55a into model nwt
I0409 14:21:29.550207 266432512 processor.cc:925] Processor: complete processing batch 73f5dc9f-6302-4cf6-97af-879c5e20e55a into model nwt
I0409 14:21:29.560001 266432512 cuckoo_watch.h:45] 223ms in ProcessBatch(batches/aaaaaa.batch) [including 10ms in LoadMessage; 13ms in InitializeSparseNdw; 0ms in FindReuseThetaCacheEntry; 10ms in InitializeTheta; 0ms in CreateRegularizerAgents; 102ms in InferThetaAndUpdateNwtSparse; 3ms in UpdateCacheEntry; 73ms in CalculateScore(^^^ItemsProcessedScore^^^); ]
I0409 14:21:29.584287 266432512 processor.cc:740] No data in processing queue, waiting...
I0409 14:21:29.712466 267505664 processor.cc:925] Processor: complete processing batch 87f128cc-df89-4b70-b793-950e5f1e893a into model nwt
I0409 14:21:29.721388 267505664 cuckoo_watch.h:45] 390ms in ProcessBatch(batches/aaaaab.batch) [including 15ms in LoadMessage; 27ms in InitializeSparseNdw; 0ms in FindReuseThetaCacheEntry; 5ms in InitializeTheta; 0ms in CreateRegularizerAgents; 216ms in InferThetaAndUpdateNwtSparse; 0ms in UpdateCacheEntry; 117ms in CalculateScore(^^^ItemsProcessedScore^^^); ]
I0409 14:21:29.721649 253276160 master_component.cc:1430] RegularizeModelArgs: rwt_target_name=rwt, pwt_source_name=pwt, nwt_source_name=nwt
I0409 14:21:29.721712 253276160 master_component.cc:974] MasterComponent: start regularizing model pwt
I0409 14:21:29.745395 267505664 processor.cc:740] No data in processing queue, waiting...
I0409 14:21:29.937397 253276160 master_component.cc:1000] MasterComponent: complete regularizing model pwt
I0409 14:21:29.937417 253276160 master_component.cc:1443] NormalizeModelArgs: pwt_target_name=pwt, nwt_source_name=nwt, rwt_source_name=rwt
I0409 14:21:29.937427 253276160 master_component.cc:1004] MasterComponent: start normalizing model nwt
I0409 14:21:30.041883 253276160 master_component.cc:1032] MasterComponent: complete normalizing model nwt
I0409 14:21:30.116734 253276160 master_component.cc:1467] DisposeModel rwt
I0409 14:21:30.144711 253276160 master_component.cc:1057] FitOffline: ItemsProcessed, num_items=1728, num_batches=2, token_weight=808522, token_weight_in_effect=808522
I0409 14:21:30.154840 3064288064 c_interface.cc:562] Pass GetScoreValueArgs, score_name=^^^ItemsProcessedScore^^^ to MasterComponent::Request
I0409 14:21:30.154877 3064288064 c_interface.cc:231] ArtmCopyRequestedMessage is copying 46 bytes...
I0409 14:21:30.155550 253276160 c_interface.cc:389] Pass FitOfflineMasterModelArgs, batch_filename_size=2, batch_weight_size=2, num_collection_passes=1 to MN4artm4core15MasterComponentEFvRKNS_25FitOfflineMasterModelArgsEE
I0409 14:21:30.155570 253276160 master_component.cc:1392] ProcessBatchesArgs: nwt_target_name=nwt, batch_filename_size=2, batch_size=0, batch_weight_size=2, pwt_source_name=pwt, num_document_passes=1, regularizer=(name:SparsePhi1, tau:100000), regularizer=(name:SparsePhi2, tau:-100000), class=(text:1), class=(author:1), reuse_theta=yes, opt_for_avx=yes, predict_class_id=
I0409 14:21:30.185776 268042240 processor.cc:747] Processing queue has data, processing started
I0409 14:21:30.191669 267505664 processor.cc:747] Processing queue has data, processing started
I0409 14:21:30.201959 268042240 processor.cc:820] Processor: start processing batch 87f128cc-df89-4b70-b793-950e5f1e893a into model nwt
I0409 14:21:30.203526 267505664 processor.cc:820] Processor: start processing batch 73f5dc9f-6302-4cf6-97af-879c5e20e55a into model nwt
I0409 14:21:30.410329 267505664 processor.cc:925] Processor: complete processing batch 73f5dc9f-6302-4cf6-97af-879c5e20e55a into model nwt
I0409 14:21:30.417860 267505664 cuckoo_watch.h:45] 226ms in ProcessBatch(batches/aaaaaa.batch) [including 11ms in LoadMessage; 14ms in InitializeSparseNdw; 0ms in FindReuseThetaCacheEntry; 10ms in InitializeTheta; 0ms in CreateRegularizerAgents; 114ms in InferThetaAndUpdateNwtSparse; 0ms in UpdateCacheEntry; 66ms in CalculateScore(^^^ItemsProcessedScore^^^); ]
I0409 14:21:30.441351 267505664 processor.cc:740] No data in processing queue, waiting...
I0409 14:21:30.576357 268042240 processor.cc:925] Processor: complete processing batch 87f128cc-df89-4b70-b793-950e5f1e893a into model nwt
I0409 14:21:30.584264 268042240 cuckoo_watch.h:45] 398ms in ProcessBatch(batches/aaaaab.batch) [including 16ms in LoadMessage; 29ms in InitializeSparseNdw; 0ms in FindReuseThetaCacheEntry; 4ms in InitializeTheta; 0ms in CreateRegularizerAgents; 219ms in InferThetaAndUpdateNwtSparse; 0ms in UpdateCacheEntry; 120ms in CalculateScore(^^^ItemsProcessedScore^^^); ]
I0409 14:21:30.585564 253276160 master_component.cc:1430] RegularizeModelArgs: rwt_target_name=rwt, pwt_source_name=pwt, nwt_source_name=nwt
I0409 14:21:30.585638 253276160 master_component.cc:974] MasterComponent: start regularizing model pwt
I0409 14:21:30.608305 268042240 processor.cc:740] No data in processing queue, waiting...
I0409 14:21:30.778237 253276160 master_component.cc:1000] MasterComponent: complete regularizing model pwt
I0409 14:21:30.778259 253276160 master_component.cc:1443] NormalizeModelArgs: pwt_target_name=pwt, nwt_source_name=nwt, rwt_source_name=rwt
I0409 14:21:30.778265 253276160 master_component.cc:1004] MasterComponent: start normalizing model nwt
I0409 14:21:30.876188 253276160 master_component.cc:1032] MasterComponent: complete normalizing model nwt
