Log file created at: 2018/04/09 14:20:53
Running on machine: Nocs-MacBook-Pro-3.local
Log line format: [IWEF]mmdd hh:mm:ss.uuuuuu threadid file:line] msg
I0409 14:20:53.478754 3064288064 c_interface.cc:127] Logging enabled to .
I0409 14:20:53.480288 3064288064 c_interface.cc:128] BigARTM version: v0.9.0
I0409 14:20:53.480728 3064288064 c_interface.cc:271] Pass MasterModelConfig: topic_name_size=0, score_config_size=1, num_processors=0, pwt_name=pwt, nwt_name=nwt, num_document_passes=0, reuse_theta=no, cache_theta=no, opt_for_avx=yes, disk_cache_path= to ArtmCreateMasterModel
I0409 14:20:53.480773 3064288064 c_interface.cc:274] Creating MasterModel (id=1)...
I0409 14:20:53.483062 3064288064 collection_parser.cc:557] CollectionParserConfig.num_threads is automatically set to 4
W0409 14:20:54.179584 250679296 helpers.cc:221] File already exists: batches/aaaaaa.batch
W0409 14:20:54.993052 249606144 helpers.cc:221] File already exists: batches/aaaaab.batch
I0409 14:20:55.069396 3064288064 c_interface.cc:375] Pass f7f5a033-066f-4b43-818a-72e131915d6c to MN4artm4core15MasterComponentEFvRKNSt3__112basic_stringIcNS2_11char_traitsIcEENS2_9allocatorIcEEEEE
I0409 14:20:55.070638 3064288064 c_interface.cc:389] Pass GatherDictionaryArgs: dictionary_target_name=f7f5a033-066f-4b43-818a-72e131915d6c, data_path=batches, symmetric_cooc_values=0 to MN4artm4core15MasterComponentEFvRKNS_20GatherDictionaryArgsEE
I0409 14:20:55.071570 3064288064 dictionary_operations.cc:261] Found 2 batches in 'batches' folder
I0409 14:20:55.188822 3064288064 dictionary_operations.cc:325] Find 26866 unique tokens in 1728 items
I0409 14:20:55.231056 3064288064 dictionary_operations.cc:589] Dictionary name='f7f5a033-066f-4b43-818a-72e131915d6c' contains entries: author:539; text:26327; 
I0409 14:20:55.250684 3064288064 c_interface.cc:271] Pass MasterModelConfig: topic_name_size=30, class=(text:1), class=(author:1), score_config_size=1, num_processors=0, pwt_name=pwt, nwt_name=nwt, num_document_passes=1, reuse_theta=yes, cache_theta=yes, opt_for_avx=yes, disk_cache_path= to ArtmCreateMasterModel
I0409 14:20:55.250710 3064288064 instance.cc:401] MasterModelConfig.processors_count is automatically set to 4
I0409 14:20:55.250766 266432512 processor.cc:724] Processor thread started
I0409 14:20:55.250798 3064288064 c_interface.cc:274] Creating MasterModel (id=2)...
I0409 14:20:55.250805 267505664 processor.cc:724] Processor thread started
I0409 14:20:55.250793 266969088 processor.cc:724] Processor thread started
I0409 14:20:55.250849 268042240 processor.cc:724] Processor thread started
I0409 14:20:55.263286 3064288064 c_interface.cc:271] Pass MasterModelConfig: topic_name_size=0, score_config_size=1, num_processors=0, pwt_name=pwt, nwt_name=nwt, num_document_passes=0, reuse_theta=no, cache_theta=no, opt_for_avx=yes, disk_cache_path= to ArtmCreateMasterModel
I0409 14:20:55.263314 3064288064 c_interface.cc:274] Creating MasterModel (id=3)...
I0409 14:20:55.263561 3064288064 c_interface.cc:375] Pass dictionary to MN4artm4core15MasterComponentEFvRKNSt3__112basic_stringIcNS2_11char_traitsIcEENS2_9allocatorIcEEEEE
I0409 14:20:55.263816 3064288064 c_interface.cc:389] Pass GatherDictionaryArgs: dictionary_target_name=dictionary, data_path=batches, symmetric_cooc_values=0 to MN4artm4core15MasterComponentEFvRKNS_20GatherDictionaryArgsEE
I0409 14:20:55.263952 3064288064 dictionary_operations.cc:261] Found 2 batches in 'batches' folder
I0409 14:20:55.276751 266432512 processor.cc:740] No data in processing queue, waiting...
I0409 14:20:55.276787 267505664 processor.cc:740] No data in processing queue, waiting...
I0409 14:20:55.276805 266969088 processor.cc:740] No data in processing queue, waiting...
I0409 14:20:55.276823 268042240 processor.cc:740] No data in processing queue, waiting...
I0409 14:20:55.365640 3064288064 dictionary_operations.cc:325] Find 26866 unique tokens in 1728 items
I0409 14:20:55.406991 3064288064 dictionary_operations.cc:589] Dictionary name='dictionary' contains entries: author:539; text:26327; 
I0409 14:20:55.418771 3064288064 c_interface.cc:389] Pass MasterModelConfig: topic_name_size=30, class=(text:1), class=(author:1), score_config_size=2, num_processors=0, pwt_name=pwt, nwt_name=nwt, num_document_passes=1, reuse_theta=yes, cache_theta=yes, opt_for_avx=yes, disk_cache_path= to MN4artm4core15MasterComponentEFvRKNS_17MasterModelConfigEE
I0409 14:20:55.418810 3064288064 instance.cc:401] MasterModelConfig.processors_count is automatically set to 4
I0409 14:20:55.419147 3064288064 c_interface.cc:389] Pass MasterModelConfig: topic_name_size=30, class=(text:1), class=(author:1), score_config_size=3, num_processors=0, pwt_name=pwt, nwt_name=nwt, num_document_passes=1, reuse_theta=yes, cache_theta=yes, opt_for_avx=yes, disk_cache_path= to MN4artm4core15MasterComponentEFvRKNS_17MasterModelConfigEE
I0409 14:20:55.419168 3064288064 instance.cc:401] MasterModelConfig.processors_count is automatically set to 4
I0409 14:20:55.431457 3064288064 c_interface.cc:389] Pass MasterModelConfig: topic_name_size=30, class=(text:1), class=(author:1), score_config_size=3, num_processors=0, pwt_name=pwt, nwt_name=nwt, num_document_passes=1, regularizer=(SparsePhi1:100000), reuse_theta=yes, cache_theta=yes, opt_for_avx=yes, disk_cache_path= to MN4artm4core15MasterComponentEFvRKNS_17MasterModelConfigEE
I0409 14:20:55.431493 3064288064 instance.cc:401] MasterModelConfig.processors_count is automatically set to 4
I0409 14:20:55.431552 3064288064 instance.cc:232] Regularizer 'SparsePhi1' was cold-reconfigured
I0409 14:20:55.443214 3064288064 c_interface.cc:375] Pass pwt to MN4artm4core15MasterComponentEFvRKNSt3__112basic_stringIcNS2_11char_traitsIcEENS2_9allocatorIcEEEEE
I0409 14:20:55.443274 3064288064 c_interface.cc:375] Pass nwt to MN4artm4core15MasterComponentEFvRKNSt3__112basic_stringIcNS2_11char_traitsIcEENS2_9allocatorIcEEEEE
I0409 14:20:55.443555 3064288064 c_interface.cc:389] Pass InitializeModelArgs: model_name=pwt, dictionary_name=dictionary, topic_name_size=30, seed=1 to MN4artm4core15MasterComponentEFvRKNS_19InitializeModelArgsEE
I0409 14:20:55.647698 3064288064 master_component.cc:664] InitializeModel() created matrix pwt with 30 topics and 26866 tokens; 
I0409 14:20:55.647876 3064288064 c_interface.cc:389] Pass InitializeModelArgs: model_name=nwt, dictionary_name=dictionary, topic_name_size=30, seed=1 to MN4artm4core15MasterComponentEFvRKNS_19InitializeModelArgsEE
I0409 14:20:55.835012 3064288064 master_component.cc:664] InitializeModel() created matrix nwt with 30 topics and 26866 tokens; 
I0409 14:20:55.835289 3064288064 phi_matrix_operations.cc:84] RetrieveExternalTopicModel() with 30 topics, 26866 tokens
I0409 14:20:55.868460 3064288064 c_interface.cc:231] ArtmCopyRequestedMessage is copying 825334 bytes...
I0409 14:20:55.907925 253276160 c_interface.cc:389] Pass FitOfflineMasterModelArgs, batch_filename_size=2, batch_weight_size=2, num_collection_passes=1 to MN4artm4core15MasterComponentEFvRKNS_25FitOfflineMasterModelArgsEE
I0409 14:20:55.907956 253276160 master_component.cc:1392] ProcessBatchesArgs: nwt_target_name=nwt, batch_filename_size=2, batch_size=0, batch_weight_size=2, pwt_source_name=pwt, num_document_passes=1, regularizer=(name:SparsePhi1, tau:100000), class=(text:1), class=(author:1), reuse_theta=yes, opt_for_avx=yes, predict_class_id=
I0409 14:20:55.922998 253276160 master_component.cc:824] Batches count (=2) is smaller than num processors (=4), which may cause suboptimal performance.
I0409 14:20:55.931233 266432512 processor.cc:747] Processing queue has data, processing started
I0409 14:20:55.937403 266969088 processor.cc:747] Processing queue has data, processing started
I0409 14:20:55.948189 266969088 processor.cc:820] Processor: start processing batch 73f5dc9f-6302-4cf6-97af-879c5e20e55a into model nwt
I0409 14:20:55.948671 266432512 processor.cc:820] Processor: start processing batch 87f128cc-df89-4b70-b793-950e5f1e893a into model nwt
I0409 14:20:56.107911 266969088 processor.cc:925] Processor: complete processing batch 73f5dc9f-6302-4cf6-97af-879c5e20e55a into model nwt
I0409 14:20:56.112617 266969088 cuckoo_watch.h:45] 175ms in ProcessBatch(batches/aaaaaa.batch) [including 10ms in LoadMessage; 9ms in InitializeSparseNdw; 0ms in FindReuseThetaCacheEntry; 0ms in InitializeTheta; 0ms in CreateRegularizerAgents; 95ms in InferThetaAndUpdateNwtSparse; 0ms in UpdateCacheEntry; 54ms in CalculateScore(^^^ItemsProcessedScore^^^); ]
I0409 14:20:56.136502 266969088 processor.cc:740] No data in processing queue, waiting...
I0409 14:20:56.294669 266432512 processor.cc:925] Processor: complete processing batch 87f128cc-df89-4b70-b793-950e5f1e893a into model nwt
I0409 14:20:56.300886 266432512 cuckoo_watch.h:45] 369ms in ProcessBatch(batches/aaaaab.batch) [including 17ms in LoadMessage; 29ms in InitializeSparseNdw; 0ms in FindReuseThetaCacheEntry; 0ms in InitializeTheta; 0ms in CreateRegularizerAgents; 193ms in InferThetaAndUpdateNwtSparse; 0ms in UpdateCacheEntry; 122ms in CalculateScore(^^^ItemsProcessedScore^^^); ]
I0409 14:20:56.302139 253276160 master_component.cc:1430] RegularizeModelArgs: rwt_target_name=rwt, pwt_source_name=pwt, nwt_source_name=nwt
I0409 14:20:56.302182 253276160 master_component.cc:974] MasterComponent: start regularizing model pwt
I0409 14:20:56.325033 266432512 processor.cc:740] No data in processing queue, waiting...
I0409 14:20:56.434383 253276160 master_component.cc:1000] MasterComponent: complete regularizing model pwt
I0409 14:20:56.434403 253276160 master_component.cc:1443] NormalizeModelArgs: pwt_target_name=pwt, nwt_source_name=nwt, rwt_source_name=rwt
I0409 14:20:56.434412 253276160 master_component.cc:1004] MasterComponent: start normalizing model nwt
I0409 14:20:56.526162 253276160 master_component.cc:1032] MasterComponent: complete normalizing model nwt
I0409 14:20:56.635885 253276160 master_component.cc:1467] DisposeModel rwt
I0409 14:20:56.657308 253276160 master_component.cc:1057] FitOffline: ItemsProcessed, num_items=1728, num_batches=2, token_weight=808522, token_weight_in_effect=808522
I0409 14:20:56.707710 3064288064 c_interface.cc:562] Pass GetScoreValueArgs, score_name=^^^ItemsProcessedScore^^^ to MasterComponent::Request
I0409 14:20:56.707796 3064288064 c_interface.cc:231] ArtmCopyRequestedMessage is copying 46 bytes...
I0409 14:20:56.708379 253276160 c_interface.cc:389] Pass FitOfflineMasterModelArgs, batch_filename_size=2, batch_weight_size=2, num_collection_passes=1 to MN4artm4core15MasterComponentEFvRKNS_25FitOfflineMasterModelArgsEE
I0409 14:20:56.708398 253276160 master_component.cc:1392] ProcessBatchesArgs: nwt_target_name=nwt, batch_filename_size=2, batch_size=0, batch_weight_size=2, pwt_source_name=pwt, num_document_passes=1, regularizer=(name:SparsePhi1, tau:100000), class=(text:1), class=(author:1), reuse_theta=yes, opt_for_avx=yes, predict_class_id=
I0409 14:20:56.750005 267505664 processor.cc:747] Processing queue has data, processing started
I0409 14:20:56.759637 266432512 processor.cc:747] Processing queue has data, processing started
I0409 14:20:56.768024 267505664 processor.cc:820] Processor: start processing batch 87f128cc-df89-4b70-b793-950e5f1e893a into model nwt
I0409 14:20:56.775799 266432512 processor.cc:820] Processor: start processing batch 73f5dc9f-6302-4cf6-97af-879c5e20e55a into model nwt
I0409 14:20:57.015578 266432512 processor.cc:925] Processor: complete processing batch 73f5dc9f-6302-4cf6-97af-879c5e20e55a into model nwt
I0409 14:20:57.029944 266432512 cuckoo_watch.h:45] 270ms in ProcessBatch(batches/aaaaaa.batch) [including 16ms in LoadMessage; 28ms in InitializeSparseNdw; 0ms in FindReuseThetaCacheEntry; 13ms in InitializeTheta; 0ms in CreateRegularizerAgents; 135ms in InferThetaAndUpdateNwtSparse; 0ms in UpdateCacheEntry; 61ms in CalculateScore(^^^ItemsProcessedScore^^^); ]
I0409 14:20:57.053627 266432512 processor.cc:740] No data in processing queue, waiting...
I0409 14:20:57.165094 267505664 processor.cc:925] Processor: complete processing batch 87f128cc-df89-4b70-b793-950e5f1e893a into model nwt
I0409 14:20:57.172921 267505664 cuckoo_watch.h:45] 422ms in ProcessBatch(batches/aaaaab.batch) [including 17ms in LoadMessage; 38ms in InitializeSparseNdw; 0ms in FindReuseThetaCacheEntry; 6ms in InitializeTheta; 0ms in CreateRegularizerAgents; 231ms in InferThetaAndUpdateNwtSparse; 0ms in UpdateCacheEntry; 120ms in CalculateScore(^^^ItemsProcessedScore^^^); ]
I0409 14:20:57.173197 253276160 master_component.cc:1430] RegularizeModelArgs: rwt_target_name=rwt, pwt_source_name=pwt, nwt_source_name=nwt
I0409 14:20:57.173226 253276160 master_component.cc:974] MasterComponent: start regularizing model pwt
I0409 14:20:57.196663 267505664 processor.cc:740] No data in processing queue, waiting...
I0409 14:20:57.371940 253276160 master_component.cc:1000] MasterComponent: complete regularizing model pwt
I0409 14:20:57.371968 253276160 master_component.cc:1443] NormalizeModelArgs: pwt_target_name=pwt, nwt_source_name=nwt, rwt_source_name=rwt
I0409 14:20:57.371980 253276160 master_component.cc:1004] MasterComponent: start normalizing model nwt
I0409 14:20:57.469732 253276160 master_component.cc:1032] MasterComponent: complete normalizing model nwt
I0409 14:20:57.582991 253276160 master_component.cc:1467] DisposeModel rwt
I0409 14:20:57.602032 253276160 master_component.cc:1057] FitOffline: ItemsProcessed, num_items=1728, num_batches=2, token_weight=808522, token_weight_in_effect=808522
I0409 14:20:57.621173 3064288064 c_interface.cc:562] Pass GetScoreValueArgs, score_name=^^^ItemsProcessedScore^^^ to MasterComponent::Request
I0409 14:20:57.621209 3064288064 c_interface.cc:231] ArtmCopyRequestedMessage is copying 46 bytes...
I0409 14:20:57.621685 253276160 c_interface.cc:389] Pass FitOfflineMasterModelArgs, batch_filename_size=2, batch_weight_size=2, num_collection_passes=1 to MN4artm4core15MasterComponentEFvRKNS_25FitOfflineMasterModelArgsEE
I0409 14:20:57.621703 253276160 master_component.cc:1392] ProcessBatchesArgs: nwt_target_name=nwt, batch_filename_size=2, batch_size=0, batch_weight_size=2, pwt_source_name=pwt, num_document_passes=1, regularizer=(name:SparsePhi1, tau:100000), class=(text:1), class=(author:1), reuse_theta=yes, opt_for_avx=yes, predict_class_id=
I0409 14:20:57.649333 266969088 processor.cc:747] Processing queue has data, processing started
I0409 14:20:57.655730 268042240 processor.cc:747] Processing queue has data, processing started
I0409 14:20:57.668804 266969088 processor.cc:820] Processor: start processing batch 87f128cc-df89-4b70-b793-950e5f1e893a into model nwt
I0409 14:20:57.669694 268042240 processor.cc:820] Processor: start processing batch 73f5dc9f-6302-4cf6-97af-879c5e20e55a into model nwt
I0409 14:20:57.908771 268042240 processor.cc:925] Processor: complete processing batch 73f5dc9f-6302-4cf6-97af-879c5e20e55a into model nwt
I0409 14:20:57.913816 268042240 cuckoo_watch.h:45] 258ms in ProcessBatch(batches/aaaaaa.batch) [including 13ms in LoadMessage; 17ms in InitializeSparseNdw; 0ms in FindReuseThetaCacheEntry; 9ms in InitializeTheta; 0ms in CreateRegularizerAgents; 157ms in InferThetaAndUpdateNwtSparse; 0ms in UpdateCacheEntry; 54ms in CalculateScore(^^^ItemsProcessedScore^^^); ]
I0409 14:20:57.937857 268042240 processor.cc:740] No data in processing queue, waiting...
I0409 14:20:58.075963 266969088 processor.cc:925] Processor: complete processing batch 87f128cc-df89-4b70-b793-950e5f1e893a into model nwt
I0409 14:20:58.083099 266969088 cuckoo_watch.h:45] 433ms in ProcessBatch(batches/aaaaab.batch) [including 19ms in LoadMessage; 35ms in InitializeSparseNdw; 0ms in FindReuseThetaCacheEntry; 7ms in InitializeTheta; 0ms in CreateRegularizerAgents; 252ms in InferThetaAndUpdateNwtSparse; 0ms in UpdateCacheEntry; 111ms in CalculateScore(^^^ItemsProcessedScore^^^); ]
I0409 14:20:58.084096 253276160 master_component.cc:1430] RegularizeModelArgs: rwt_target_name=rwt, pwt_source_name=pwt, nwt_source_name=nwt
I0409 14:20:58.084213 253276160 master_component.cc:974] MasterComponent: start regularizing model pwt
I0409 14:20:58.107458 266969088 processor.cc:740] No data in processing queue, waiting...
I0409 14:20:58.277797 253276160 master_component.cc:1000] MasterComponent: complete regularizing model pwt
I0409 14:20:58.277818 253276160 master_component.cc:1443] NormalizeModelArgs: pwt_target_name=pwt, nwt_source_name=nwt, rwt_source_name=rwt
I0409 14:20:58.277827 253276160 master_component.cc:1004] MasterComponent: start normalizing model nwt
I0409 14:20:58.364073 253276160 master_component.cc:1032] MasterComponent: complete normalizing model nwt
I0409 14:20:58.466233 253276160 master_component.cc:1467] DisposeModel rwt
I0409 14:20:58.485915 253276160 master_component.cc:1057] FitOffline: ItemsProcessed, num_items=1728, num_batches=2, token_weight=808522, token_weight_in_effect=808522
I0409 14:20:58.516386 3064288064 c_interface.cc:562] Pass GetScoreValueArgs, score_name=^^^ItemsProcessedScore^^^ to MasterComponent::Request
I0409 14:20:58.516422 3064288064 c_interface.cc:231] ArtmCopyRequestedMessage is copying 46 bytes...
I0409 14:20:58.516885 253276160 c_interface.cc:389] Pass FitOfflineMasterModelArgs, batch_filename_size=2, batch_weight_size=2, num_collection_passes=1 to MN4artm4core15MasterComponentEFvRKNS_25FitOfflineMasterModelArgsEE
I0409 14:20:58.516911 253276160 master_component.cc:1392] ProcessBatchesArgs: nwt_target_name=nwt, batch_filename_size=2, batch_size=0, batch_weight_size=2, pwt_source_name=pwt, num_document_passes=1, regularizer=(name:SparsePhi1, tau:100000), class=(text:1), class=(author:1), reuse_theta=yes, opt_for_avx=yes, predict_class_id=
I0409 14:20:58.541509 267505664 processor.cc:747] Processing queue has data, processing started
I0409 14:20:58.547636 268042240 processor.cc:747] Processing queue has data, processing started
I0409 14:20:58.556387 267505664 processor.cc:820] Processor: start processing batch 87f128cc-df89-4b70-b793-950e5f1e893a into model nwt
I0409 14:20:58.556988 268042240 processor.cc:820] Processor: start processing batch 73f5dc9f-6302-4cf6-97af-879c5e20e55a into model nwt
I0409 14:20:58.755650 268042240 processor.cc:925] Processor: complete processing batch 73f5dc9f-6302-4cf6-97af-879c5e20e55a into model nwt
I0409 14:20:58.764308 268042240 cuckoo_watch.h:45] 216ms in ProcessBatch(batches/aaaaaa.batch) [including 9ms in LoadMessage; 11ms in InitializeSparseNdw; 0ms in FindReuseThetaCacheEntry; 8ms in InitializeTheta; 0ms in CreateRegularizerAgents; 94ms in InferThetaAndUpdateNwtSparse; 0ms in UpdateCacheEntry; 84ms in CalculateScore(^^^ItemsProcessedScore^^^); ]
I0409 14:20:58.788411 268042240 processor.cc:740] No data in processing queue, waiting...
I0409 14:20:58.912389 267505664 processor.cc:925] Processor: complete processing batch 87f128cc-df89-4b70-b793-950e5f1e893a into model nwt
I0409 14:20:58.919970 267505664 cuckoo_watch.h:45] 378ms in ProcessBatch(batches/aaaaab.batch) [including 14ms in LoadMessage; 23ms in InitializeSparseNdw; 0ms in FindReuseThetaCacheEntry; 3ms in InitializeTheta; 0ms in CreateRegularizerAgents; 206ms in InferThetaAndUpdateNwtSparse; 0ms in UpdateCacheEntry; 121ms in CalculateScore(^^^ItemsProcessedScore^^^); ]
I0409 14:20:58.920091 253276160 master_component.cc:1430] RegularizeModelArgs: rwt_target_name=rwt, pwt_source_name=pwt, nwt_source_name=nwt
I0409 14:20:58.920111 253276160 master_component.cc:974] MasterComponent: start regularizing model pwt
I0409 14:20:58.943543 267505664 processor.cc:740] No data in processing queue, waiting...
I0409 14:20:59.059553 253276160 master_component.cc:1000] MasterComponent: complete regularizing model pwt
I0409 14:20:59.059572 253276160 master_component.cc:1443] NormalizeModelArgs: pwt_target_name=pwt, nwt_source_name=nwt, rwt_source_name=rwt
I0409 14:20:59.059581 253276160 master_component.cc:1004] MasterComponent: start normalizing model nwt
I0409 14:20:59.141878 253276160 master_component.cc:1032] MasterComponent: complete normalizing model nwt
I0409 14:20:59.255272 253276160 master_component.cc:1467] DisposeModel rwt
I0409 14:20:59.283335 253276160 master_component.cc:1057] FitOffline: ItemsProcessed, num_items=1728, num_batches=2, token_weight=808522, token_weight_in_effect=808522
I0409 14:20:59.318846 3064288064 c_interface.cc:562] Pass GetScoreValueArgs, score_name=^^^ItemsProcessedScore^^^ to MasterComponent::Request
I0409 14:20:59.318881 3064288064 c_interface.cc:231] ArtmCopyRequestedMessage is copying 46 bytes...
I0409 14:20:59.319352 253276160 c_interface.cc:389] Pass FitOfflineMasterModelArgs, batch_filename_size=2, batch_weight_size=2, num_collection_passes=1 to MN4artm4core15MasterComponentEFvRKNS_25FitOfflineMasterModelArgsEE
I0409 14:20:59.319370 253276160 master_component.cc:1392] ProcessBatchesArgs: nwt_target_name=nwt, batch_filename_size=2, batch_size=0, batch_weight_size=2, pwt_source_name=pwt, num_document_passes=1, regularizer=(name:SparsePhi1, tau:100000), class=(text:1), class=(author:1), reuse_theta=yes, opt_for_avx=yes, predict_class_id=
I0409 14:20:59.345379 267505664 processor.cc:747] Processing queue has data, processing started
I0409 14:20:59.355486 266432512 processor.cc:747] Processing queue has data, processing started
I0409 14:20:59.363971 267505664 processor.cc:820] Processor: start processing batch 87f128cc-df89-4b70-b793-950e5f1e893a into model nwt
I0409 14:20:59.364920 266432512 processor.cc:820] Processor: start processing batch 73f5dc9f-6302-4cf6-97af-879c5e20e55a into model nwt
I0409 14:20:59.556025 266432512 processor.cc:925] Processor: complete processing batch 73f5dc9f-6302-4cf6-97af-879c5e20e55a into model nwt
I0409 14:20:59.561544 266432512 cuckoo_watch.h:45] 206ms in ProcessBatch(batches/aaaaaa.batch) [including 9ms in LoadMessage; 10ms in InitializeSparseNdw; 0ms in FindReuseThetaCacheEntry; 8ms in InitializeTheta; 0ms in CreateRegularizerAgents; 103ms in InferThetaAndUpdateNwtSparse; 0ms in UpdateCacheEntry; 67ms in CalculateScore(^^^ItemsProcessedScore^^^); ]
I0409 14:20:59.585017 266432512 processor.cc:740] No data in processing queue, waiting...
I0409 14:20:59.742655 267505664 processor.cc:925] Processor: complete processing batch 87f128cc-df89-4b70-b793-950e5f1e893a into model nwt
I0409 14:20:59.750427 267505664 cuckoo_watch.h:45] 405ms in ProcessBatch(batches/aaaaab.batch) [including 18ms in LoadMessage; 23ms in InitializeSparseNdw; 0ms in FindReuseThetaCacheEntry; 3ms in InitializeTheta; 0ms in CreateRegularizerAgents; 216ms in InferThetaAndUpdateNwtSparse; 0ms in UpdateCacheEntry; 134ms in CalculateScore(^^^ItemsProcessedScore^^^); ]
I0409 14:20:59.750483 253276160 master_component.cc:1430] RegularizeModelArgs: rwt_target_name=rwt, pwt_source_name=pwt, nwt_source_name=nwt
I0409 14:20:59.750499 253276160 master_component.cc:974] MasterComponent: start regularizing model pwt
I0409 14:20:59.773686 267505664 processor.cc:740] No data in processing queue, waiting...
I0409 14:20:59.902014 253276160 master_component.cc:1000] MasterComponent: complete regularizing model pwt
I0409 14:20:59.902034 253276160 master_component.cc:1443] NormalizeModelArgs: pwt_target_name=pwt, nwt_source_name=nwt, rwt_source_name=rwt
I0409 14:20:59.902043 253276160 master_component.cc:1004] MasterComponent: start normalizing model nwt
I0409 14:20:59.989416 253276160 master_component.cc:1032] MasterComponent: complete normalizing model nwt
I0409 14:21:00.105429 253276160 master_component.cc:1467] DisposeModel rwt
I0409 14:21:00.124966 253276160 master_component.cc:1057] FitOffline: ItemsProcessed, num_items=1728, num_batches=2, token_weight=808522, token_weight_in_effect=808522
I0409 14:21:00.171787 3064288064 c_interface.cc:562] Pass GetScoreValueArgs, score_name=^^^ItemsProcessedScore^^^ to MasterComponent::Request
I0409 14:21:00.171823 3064288064 c_interface.cc:231] ArtmCopyRequestedMessage is copying 46 bytes...
I0409 14:21:00.172305 253276160 c_interface.cc:389] Pass FitOfflineMasterModelArgs, batch_filename_size=2, batch_weight_size=2, num_collection_passes=1 to MN4artm4core15MasterComponentEFvRKNS_25FitOfflineMasterModelArgsEE
I0409 14:21:00.172322 253276160 master_component.cc:1392] ProcessBatchesArgs: nwt_target_name=nwt, batch_filename_size=2, batch_size=0, batch_weight_size=2, pwt_source_name=pwt, num_document_passes=1, regularizer=(name:SparsePhi1, tau:100000), class=(text:1), class=(author:1), reuse_theta=yes, opt_for_avx=yes, predict_class_id=
I0409 14:21:00.199548 268042240 processor.cc:747] Processing queue has data, processing started
I0409 14:21:00.208261 266432512 processor.cc:747] Processing queue has data, processing started
I0409 14:21:00.216225 268042240 processor.cc:820] Processor: start processing batch 87f128cc-df89-4b70-b793-950e5f1e893a into model nwt
I0409 14:21:00.217564 266432512 processor.cc:820] Processor: start processing batch 73f5dc9f-6302-4cf6-97af-879c5e20e55a into model nwt
I0409 14:21:00.394109 266432512 processor.cc:925] Processor: complete processing batch 73f5dc9f-6302-4cf6-97af-879c5e20e55a into model nwt
I0409 14:21:00.398624 266432512 cuckoo_watch.h:45] 190ms in ProcessBatch(batches/aaaaaa.batch) [including 9ms in LoadMessage; 12ms in InitializeSparseNdw; 0ms in FindReuseThetaCacheEntry; 8ms in InitializeTheta; 0ms in CreateRegularizerAgents; 95ms in InferThetaAndUpdateNwtSparse; 0ms in UpdateCacheEntry; 59ms in CalculateScore(^^^ItemsProcessedScore^^^); ]
I0409 14:21:00.421964 266432512 processor.cc:740] No data in processing queue, waiting...
I0409 14:21:00.570647 268042240 processor.cc:925] Processor: complete processing batch 87f128cc-df89-4b70-b793-950e5f1e893a into model nwt
I0409 14:21:00.578152 268042240 cuckoo_watch.h:45] 378ms in ProcessBatch(batches/aaaaab.batch) [including 16ms in LoadMessage; 24ms in InitializeSparseNdw; 0ms in FindReuseThetaCacheEntry; 3ms in InitializeTheta; 0ms in CreateRegularizerAgents; 193ms in InferThetaAndUpdateNwtSparse; 0ms in UpdateCacheEntry; 132ms in CalculateScore(^^^ItemsProcessedScore^^^); ]
I0409 14:21:00.578266 253276160 master_component.cc:1430] RegularizeModelArgs: rwt_target_name=rwt, pwt_source_name=pwt, nwt_source_name=nwt
I0409 14:21:00.578296 253276160 master_component.cc:974] MasterComponent: start regularizing model pwt
I0409 14:21:00.601902 268042240 processor.cc:740] No data in processing queue, waiting...
I0409 14:21:00.724575 253276160 master_component.cc:1000] MasterComponent: complete regularizing model pwt
I0409 14:21:00.724594 253276160 master_component.cc:1443] NormalizeModelArgs: pwt_target_name=pwt, nwt_source_name=nwt, rwt_source_name=rwt
I0409 14:21:00.724602 253276160 master_component.cc:1004] MasterComponent: start normalizing model nwt
I0409 14:21:00.813784 253276160 master_component.cc:1032] MasterComponent: complete normalizing model nwt
I0409 14:21:00.924697 253276160 master_component.cc:1467] DisposeModel rwt
I0409 14:21:00.947671 253276160 master_component.cc:1057] FitOffline: ItemsProcessed, num_items=1728, num_batches=2, token_weight=808522, token_weight_in_effect=808522
I0409 14:21:00.982810 3064288064 c_interface.cc:562] Pass GetScoreValueArgs, score_name=^^^ItemsProcessedScore^^^ to MasterComponent::Request
I0409 14:21:00.982866 3064288064 c_interface.cc:231] ArtmCopyRequestedMessage is copying 46 bytes...
I0409 14:21:00.983326 253276160 c_interface.cc:389] Pass FitOfflineMasterModelArgs, batch_filename_size=2, batch_weight_size=2, num_collection_passes=1 to MN4artm4core15MasterComponentEFvRKNS_25FitOfflineMasterModelArgsEE
I0409 14:21:00.983348 253276160 master_component.cc:1392] ProcessBatchesArgs: nwt_target_name=nwt, batch_filename_size=2, batch_size=0, batch_weight_size=2, pwt_source_name=pwt, num_document_passes=1, regularizer=(name:SparsePhi1, tau:100000), class=(text:1), class=(author:1), reuse_theta=yes, opt_for_avx=yes, predict_class_id=
I0409 14:21:01.013646 266969088 processor.cc:747] Processing queue has data, processing started
I0409 14:21:01.020819 266432512 processor.cc:747] Processing queue has data, processing started
I0409 14:21:01.032873 266969088 processor.cc:820] Processor: start processing batch 87f128cc-df89-4b70-b793-950e5f1e893a into model nwt
I0409 14:21:01.035012 266432512 processor.cc:820] Processor: start processing batch 73f5dc9f-6302-4cf6-97af-879c5e20e55a into model nwt
I0409 14:21:01.273406 266432512 processor.cc:925] Processor: complete processing batch 73f5dc9f-6302-4cf6-97af-879c5e20e55a into model nwt
I0409 14:21:01.278791 266432512 cuckoo_watch.h:45] 257ms in ProcessBatch(batches/aaaaaa.batch) [including 14ms in LoadMessage; 17ms in InitializeSparseNdw; 0ms in FindReuseThetaCacheEntry; 12ms in InitializeTheta; 0ms in CreateRegularizerAgents; 147ms in InferThetaAndUpdateNwtSparse; 0ms in UpdateCacheEntry; 60ms in CalculateScore(^^^ItemsProcessedScore^^^); ]
I0409 14:21:01.303221 266432512 processor.cc:740] No data in processing queue, waiting...
I0409 14:21:01.424906 266969088 processor.cc:925] Processor: complete processing batch 87f128cc-df89-4b70-b793-950e5f1e893a into model nwt
I0409 14:21:01.431807 266969088 cuckoo_watch.h:45] 418ms in ProcessBatch(batches/aaaaab.batch) [including 19ms in LoadMessage; 37ms in InitializeSparseNdw; 0ms in FindReuseThetaCacheEntry; 5ms in InitializeTheta; 0ms in CreateRegularizerAgents; 237ms in InferThetaAndUpdateNwtSparse; 0ms in UpdateCacheEntry; 111ms in CalculateScore(^^^ItemsProcessedScore^^^); ]
I0409 14:21:01.431875 253276160 master_component.cc:1430] RegularizeModelArgs: rwt_target_name=rwt, pwt_source_name=pwt, nwt_source_name=nwt
I0409 14:21:01.431910 253276160 master_component.cc:974] MasterComponent: start regularizing model pwt
I0409 14:21:01.455881 266969088 processor.cc:740] No data in processing queue, waiting...
I0409 14:21:01.569628 253276160 master_component.cc:1000] MasterComponent: complete regularizing model pwt
I0409 14:21:01.569649 253276160 master_component.cc:1443] NormalizeModelArgs: pwt_target_name=pwt, nwt_source_name=nwt, rwt_source_name=rwt
I0409 14:21:01.569658 253276160 master_component.cc:1004] MasterComponent: start normalizing model nwt
I0409 14:21:01.658548 253276160 master_component.cc:1032] MasterComponent: complete normalizing model nwt
I0409 14:21:01.771834 253276160 master_component.cc:1467] DisposeModel rwt
I0409 14:21:01.791678 253276160 master_component.cc:1057] FitOffline: ItemsProcessed, num_items=1728, num_batches=2, token_weight=808522, token_weight_in_effect=808522
I0409 14:21:01.833308 3064288064 c_interface.cc:562] Pass GetScoreValueArgs, score_name=^^^ItemsProcessedScore^^^ to MasterComponent::Request
I0409 14:21:01.833360 3064288064 c_interface.cc:231] ArtmCopyRequestedMessage is copying 46 bytes...
I0409 14:21:01.834102 253276160 c_interface.cc:389] Pass FitOfflineMasterModelArgs, batch_filename_size=2, batch_weight_size=2, num_collection_passes=1 to MN4artm4core15MasterComponentEFvRKNS_25FitOfflineMasterModelArgsEE
I0409 14:21:01.834130 253276160 master_component.cc:1392] ProcessBatchesArgs: nwt_target_name=nwt, batch_filename_size=2, batch_size=0, batch_weight_size=2, pwt_source_name=pwt, num_document_passes=1, regularizer=(name:SparsePhi1, tau:100000), class=(text:1), class=(author:1), reuse_theta=yes, opt_for_avx=yes, predict_class_id=
I0409 14:21:01.860677 268042240 processor.cc:747] Processing queue has data, processing started
I0409 14:21:01.866075 266432512 processor.cc:747] Processing queue has data, processing started
I0409 14:21:01.875926 268042240 processor.cc:820] Processor: start processing batch 87f128cc-df89-4b70-b793-950e5f1e893a into model nwt
I0409 14:21:01.877246 266432512 processor.cc:820] Processor: start processing batch 73f5dc9f-6302-4cf6-97af-879c5e20e55a into model nwt
I0409 14:21:02.072510 266432512 processor.cc:925] Processor: complete processing batch 73f5dc9f-6302-4cf6-97af-879c5e20e55a into model nwt
I0409 14:21:02.079434 266432512 cuckoo_watch.h:45] 213ms in ProcessBatch(batches/aaaaaa.batch) [including 11ms in LoadMessage; 11ms in InitializeSparseNdw; 0ms in FindReuseThetaCacheEntry; 8ms in InitializeTheta; 0ms in CreateRegularizerAgents; 104ms in InferThetaAndUpdateNwtSparse; 0ms in UpdateCacheEntry; 69ms in CalculateScore(^^^ItemsProcessedScore^^^); ]
I0409 14:21:02.103365 266432512 processor.cc:740] No data in processing queue, waiting...
I0409 14:21:02.232013 268042240 processor.cc:925] Processor: complete processing batch 87f128cc-df89-4b70-b793-950e5f1e893a into model nwt
I0409 14:21:02.239410 268042240 cuckoo_watch.h:45] 378ms in ProcessBatch(batches/aaaaab.batch) [including 15ms in LoadMessage; 25ms in InitializeSparseNdw; 0ms in FindReuseThetaCacheEntry; 3ms in InitializeTheta; 0ms in CreateRegularizerAgents; 206ms in InferThetaAndUpdateNwtSparse; 0ms in UpdateCacheEntry; 120ms in CalculateScore(^^^ItemsProcessedScore^^^); ]
I0409 14:21:02.239563 253276160 master_component.cc:1430] RegularizeModelArgs: rwt_target_name=rwt, pwt_source_name=pwt, nwt_source_name=nwt
I0409 14:21:02.239626 253276160 master_component.cc:974] MasterComponent: start regularizing model pwt
I0409 14:21:02.263628 268042240 processor.cc:740] No data in processing queue, waiting...
I0409 14:21:02.367239 253276160 master_component.cc:1000] MasterComponent: complete regularizing model pwt
I0409 14:21:02.367256 253276160 master_component.cc:1443] NormalizeModelArgs: pwt_target_name=pwt, nwt_source_name=nwt, rwt_source_name=rwt
I0409 14:21:02.367264 253276160 master_component.cc:1004] MasterComponent: start normalizing model nwt
I0409 14:21:02.457561 253276160 master_component.cc:1032] MasterComponent: complete normalizing model nwt
I0409 14:21:02.562677 253276160 master_component.cc:1467] DisposeModel rwt
I0409 14:21:02.581380 253276160 master_component.cc:1057] FitOffline: ItemsProcessed, num_items=1728, num_batches=2, token_weight=808522, token_weight_in_effect=808522
I0409 14:21:02.628991 3064288064 c_interface.cc:562] Pass GetScoreValueArgs, score_name=^^^ItemsProcessedScore^^^ to MasterComponent::Request
I0409 14:21:02.629027 3064288064 c_interface.cc:231] ArtmCopyRequestedMessage is copying 46 bytes...
I0409 14:21:02.629537 253276160 c_interface.cc:389] Pass FitOfflineMasterModelArgs, batch_filename_size=2, batch_weight_size=2, num_collection_passes=1 to MN4artm4core15MasterComponentEFvRKNS_25FitOfflineMasterModelArgsEE
I0409 14:21:02.629593 253276160 master_component.cc:1392] ProcessBatchesArgs: nwt_target_name=nwt, batch_filename_size=2, batch_size=0, batch_weight_size=2, pwt_source_name=pwt, num_document_passes=1, regularizer=(name:SparsePhi1, tau:100000), class=(text:1), class=(author:1), reuse_theta=yes, opt_for_avx=yes, predict_class_id=
I0409 14:21:02.656395 266432512 processor.cc:747] Processing queue has data, processing started
I0409 14:21:02.661957 266969088 processor.cc:747] Processing queue has data, processing started
I0409 14:21:02.670734 266432512 processor.cc:820] Processor: start processing batch 87f128cc-df89-4b70-b793-950e5f1e893a into model nwt
I0409 14:21:02.671156 266969088 processor.cc:820] Processor: start processing batch 73f5dc9f-6302-4cf6-97af-879c5e20e55a into model nwt
I0409 14:21:02.844575 266969088 processor.cc:925] Processor: complete processing batch 73f5dc9f-6302-4cf6-97af-879c5e20e55a into model nwt
I0409 14:21:02.849472 266969088 cuckoo_watch.h:45] 187ms in ProcessBatch(batches/aaaaaa.batch) [including 9ms in LoadMessage; 13ms in InitializeSparseNdw; 0ms in FindReuseThetaCacheEntry; 10ms in InitializeTheta; 0ms in CreateRegularizerAgents; 93ms in InferThetaAndUpdateNwtSparse; 0ms in UpdateCacheEntry; 54ms in CalculateScore(^^^ItemsProcessedScore^^^); ]
I0409 14:21:02.873781 266969088 processor.cc:740] No data in processing queue, waiting...
I0409 14:21:03.025671 266432512 processor.cc:925] Processor: complete processing batch 87f128cc-df89-4b70-b793-950e5f1e893a into model nwt
I0409 14:21:03.034409 266432512 cuckoo_watch.h:45] 377ms in ProcessBatch(batches/aaaaab.batch) [including 14ms in LoadMessage; 33ms in InitializeSparseNdw; 0ms in FindReuseThetaCacheEntry; 4ms in InitializeTheta; 0ms in CreateRegularizerAgents; 191ms in InferThetaAndUpdateNwtSparse; 0ms in UpdateCacheEntry; 124ms in CalculateScore(^^^ItemsProcessedScore^^^); ]
I0409 14:21:03.034950 253276160 master_component.cc:1430] RegularizeModelArgs: rwt_target_name=rwt, pwt_source_name=pwt, nwt_source_name=nwt
I0409 14:21:03.034972 253276160 master_component.cc:974] MasterComponent: start regularizing model pwt
I0409 14:21:03.058517 266432512 processor.cc:740] No data in processing queue, waiting...
I0409 14:21:03.181409 253276160 master_component.cc:1000] MasterComponent: complete regularizing model pwt
I0409 14:21:03.181430 253276160 master_component.cc:1443] NormalizeModelArgs: pwt_target_name=pwt, nwt_source_name=nwt, rwt_source_name=rwt
I0409 14:21:03.181439 253276160 master_component.cc:1004] MasterComponent: start normalizing model nwt
I0409 14:21:03.271482 253276160 master_component.cc:1032] MasterComponent: complete normalizing model nwt
I0409 14:21:03.380141 253276160 master_component.cc:1467] DisposeModel rwt
I0409 14:21:03.401003 253276160 master_component.cc:1057] FitOffline: ItemsProcessed, num_items=1728, num_batches=2, token_weight=808522, token_weight_in_effect=808522
I0409 14:21:03.429520 3064288064 c_interface.cc:562] Pass GetScoreValueArgs, score_name=^^^ItemsProcessedScore^^^ to MasterComponent::Request
I0409 14:21:03.429601 3064288064 c_interface.cc:231] ArtmCopyRequestedMessage is copying 46 bytes...
I0409 14:21:03.430148 253276160 c_interface.cc:389] Pass FitOfflineMasterModelArgs, batch_filename_size=2, batch_weight_size=2, num_collection_passes=1 to MN4artm4core15MasterComponentEFvRKNS_25FitOfflineMasterModelArgsEE
I0409 14:21:03.430166 253276160 master_component.cc:1392] ProcessBatchesArgs: nwt_target_name=nwt, batch_filename_size=2, batch_size=0, batch_weight_size=2, pwt_source_name=pwt, num_document_passes=1, regularizer=(name:SparsePhi1, tau:100000), class=(text:1), class=(author:1), reuse_theta=yes, opt_for_avx=yes, predict_class_id=
I0409 14:21:03.457031 266432512 processor.cc:747] Processing queue has data, processing started
I0409 14:21:03.462774 266969088 processor.cc:747] Processing queue has data, processing started
I0409 14:21:03.472342 266969088 processor.cc:820] Processor: start processing batch 73f5dc9f-6302-4cf6-97af-879c5e20e55a into model nwt
I0409 14:21:03.473193 266432512 processor.cc:820] Processor: start processing batch 87f128cc-df89-4b70-b793-950e5f1e893a into model nwt
I0409 14:21:03.659091 266969088 processor.cc:925] Processor: complete processing batch 73f5dc9f-6302-4cf6-97af-879c5e20e55a into model nwt
I0409 14:21:03.664639 266969088 cuckoo_watch.h:45] 201ms in ProcessBatch(batches/aaaaaa.batch) [including 9ms in LoadMessage; 15ms in InitializeSparseNdw; 0ms in FindReuseThetaCacheEntry; 13ms in InitializeTheta; 0ms in CreateRegularizerAgents; 100ms in InferThetaAndUpdateNwtSparse; 0ms in UpdateCacheEntry; 56ms in CalculateScore(^^^ItemsProcessedScore^^^); ]
I0409 14:21:03.688918 266969088 processor.cc:740] No data in processing queue, waiting...
I0409 14:21:03.858383 266432512 processor.cc:925] Processor: complete processing batch 87f128cc-df89-4b70-b793-950e5f1e893a into model nwt
I0409 14:21:03.867048 266432512 cuckoo_watch.h:45] 409ms in ProcessBatch(batches/aaaaab.batch) [including 16ms in LoadMessage; 42ms in InitializeSparseNdw; 0ms in FindReuseThetaCacheEntry; 4ms in InitializeTheta; 0ms in CreateRegularizerAgents; 202ms in InferThetaAndUpdateNwtSparse; 0ms in UpdateCacheEntry; 134ms in CalculateScore(^^^ItemsProcessedScore^^^); ]
I0409 14:21:03.867475 253276160 master_component.cc:1430] RegularizeModelArgs: rwt_target_name=rwt, pwt_source_name=pwt, nwt_source_name=nwt
I0409 14:21:03.867501 253276160 master_component.cc:974] MasterComponent: start regularizing model pwt
I0409 14:21:03.891306 266432512 processor.cc:740] No data in processing queue, waiting...
I0409 14:21:04.028242 253276160 master_component.cc:1000] MasterComponent: complete regularizing model pwt
I0409 14:21:04.028261 253276160 master_component.cc:1443] NormalizeModelArgs: pwt_target_name=pwt, nwt_source_name=nwt, rwt_source_name=rwt
I0409 14:21:04.028270 253276160 master_component.cc:1004] MasterComponent: start normalizing model nwt
I0409 14:21:04.134100 253276160 master_component.cc:1032] MasterComponent: complete normalizing model nwt
I0409 14:21:04.237592 253276160 master_component.cc:1467] DisposeModel rwt
I0409 14:21:04.258365 253276160 master_component.cc:1057] FitOffline: ItemsProcessed, num_items=1728, num_batches=2, token_weight=808522, token_weight_in_effect=808522
I0409 14:21:04.277906 3064288064 c_interface.cc:562] Pass GetScoreValueArgs, score_name=^^^ItemsProcessedScore^^^ to MasterComponent::Request
I0409 14:21:04.277942 3064288064 c_interface.cc:231] ArtmCopyRequestedMessage is copying 46 bytes...
I0409 14:21:04.278439 253276160 c_interface.cc:389] Pass FitOfflineMasterModelArgs, batch_filename_size=2, batch_weight_size=2, num_collection_passes=1 to MN4artm4core15MasterComponentEFvRKNS_25FitOfflineMasterModelArgsEE
I0409 14:21:04.278456 253276160 master_component.cc:1392] ProcessBatchesArgs: nwt_target_name=nwt, batch_filename_size=2, batch_size=0, batch_weight_size=2, pwt_source_name=pwt, num_document_passes=1, regularizer=(name:SparsePhi1, tau:100000), class=(text:1), class=(author:1), reuse_theta=yes, opt_for_avx=yes, predict_class_id=
I0409 14:21:04.307502 267505664 processor.cc:747] Processing queue has data, processing started
I0409 14:21:04.316426 266969088 processor.cc:747] Processing queue has data, processing started
I0409 14:21:04.325932 267505664 processor.cc:820] Processor: start processing batch 87f128cc-df89-4b70-b793-950e5f1e893a into model nwt
I0409 14:21:04.326582 266969088 processor.cc:820] Processor: start processing batch 73f5dc9f-6302-4cf6-97af-879c5e20e55a into model nwt
I0409 14:21:04.540221 266969088 processor.cc:925] Processor: complete processing batch 73f5dc9f-6302-4cf6-97af-879c5e20e55a into model nwt
I0409 14:21:04.550686 266969088 cuckoo_watch.h:45] 234ms in ProcessBatch(batches/aaaaaa.batch) [including 10ms in LoadMessage; 10ms in InitializeSparseNdw; 0ms in FindReuseThetaCacheEntry; 8ms in InitializeTheta; 0ms in CreateRegularizerAgents; 115ms in InferThetaAndUpdateNwtSparse; 0ms in UpdateCacheEntry; 78ms in CalculateScore(^^^ItemsProcessedScore^^^); ]
I0409 14:21:04.575289 266969088 processor.cc:740] No data in processing queue, waiting...
I0409 14:21:04.716136 267505664 processor.cc:925] Processor: complete processing batch 87f128cc-df89-4b70-b793-950e5f1e893a into model nwt
I0409 14:21:04.723354 267505664 cuckoo_watch.h:45] 415ms in ProcessBatch(batches/aaaaab.batch) [including 18ms in LoadMessage; 24ms in InitializeSparseNdw; 0ms in FindReuseThetaCacheEntry; 3ms in InitializeTheta; 0ms in CreateRegularizerAgents; 231ms in InferThetaAndUpdateNwtSparse; 0ms in UpdateCacheEntry; 129ms in CalculateScore(^^^ItemsProcessedScore^^^); ]
I0409 14:21:04.724328 253276160 master_component.cc:1430] RegularizeModelArgs: rwt_target_name=rwt, pwt_source_name=pwt, nwt_source_name=nwt
I0409 14:21:04.724382 253276160 master_component.cc:974] MasterComponent: start regularizing model pwt
I0409 14:21:04.747267 267505664 processor.cc:740] No data in processing queue, waiting...
I0409 14:21:04.867621 253276160 master_component.cc:1000] MasterComponent: complete regularizing model pwt
I0409 14:21:04.867641 253276160 master_component.cc:1443] NormalizeModelArgs: pwt_target_name=pwt, nwt_source_name=nwt, rwt_source_name=rwt
I0409 14:21:04.867650 253276160 master_component.cc:1004] MasterComponent: start normalizing model nwt
I0409 14:21:04.957146 253276160 master_component.cc:1032] MasterComponent: complete normalizing model nwt
I0409 14:21:05.064888 253276160 master_component.cc:1467] DisposeModel rwt
I0409 14:21:05.087589 253276160 master_component.cc:1057] FitOffline: ItemsProcessed, num_items=1728, num_batches=2, token_weight=808522, token_weight_in_effect=808522
I0409 14:21:05.136386 3064288064 c_interface.cc:562] Pass GetScoreValueArgs, score_name=^^^ItemsProcessedScore^^^ to MasterComponent::Request
I0409 14:21:05.136423 3064288064 c_interface.cc:231] ArtmCopyRequestedMessage is copying 46 bytes...
I0409 14:21:05.136806 253276160 c_interface.cc:389] Pass FitOfflineMasterModelArgs, batch_filename_size=2, batch_weight_size=2, num_collection_passes=1 to MN4artm4core15MasterComponentEFvRKNS_25FitOfflineMasterModelArgsEE
I0409 14:21:05.136821 253276160 master_component.cc:1392] ProcessBatchesArgs: nwt_target_name=nwt, batch_filename_size=2, batch_size=0, batch_weight_size=2, pwt_source_name=pwt, num_document_passes=1, regularizer=(name:SparsePhi1, tau:100000), class=(text:1), class=(author:1), reuse_theta=yes, opt_for_avx=yes, predict_class_id=
I0409 14:21:05.164094 267505664 processor.cc:747] Processing queue has data, processing started
I0409 14:21:05.170094 266432512 processor.cc:747] Processing queue has data, processing started
I0409 14:21:05.178496 267505664 processor.cc:820] Processor: start processing batch 87f128cc-df89-4b70-b793-950e5f1e893a into model nwt
I0409 14:21:05.179375 266432512 processor.cc:820] Processor: start processing batch 73f5dc9f-6302-4cf6-97af-879c5e20e55a into model nwt
I0409 14:21:05.358345 266432512 processor.cc:925] Processor: complete processing batch 73f5dc9f-6302-4cf6-97af-879c5e20e55a into model nwt
I0409 14:21:05.364784 266432512 cuckoo_watch.h:45] 194ms in ProcessBatch(batches/aaaaaa.batch) [including 9ms in LoadMessage; 11ms in InitializeSparseNdw; 0ms in FindReuseThetaCacheEntry; 9ms in InitializeTheta; 0ms in CreateRegularizerAgents; 94ms in InferThetaAndUpdateNwtSparse; 0ms in UpdateCacheEntry; 63ms in CalculateScore(^^^ItemsProcessedScore^^^); ]
I0409 14:21:05.388171 266432512 processor.cc:740] No data in processing queue, waiting...
I0409 14:21:05.521790 267505664 processor.cc:925] Processor: complete processing batch 87f128cc-df89-4b70-b793-950e5f1e893a into model nwt
I0409 14:21:05.529080 267505664 cuckoo_watch.h:45] 364ms in ProcessBatch(batches/aaaaab.batch) [including 14ms in LoadMessage; 25ms in InitializeSparseNdw; 0ms in FindReuseThetaCacheEntry; 4ms in InitializeTheta; 0ms in CreateRegularizerAgents; 200ms in InferThetaAndUpdateNwtSparse; 0ms in UpdateCacheEntry; 112ms in CalculateScore(^^^ItemsProcessedScore^^^); ]
I0409 14:21:05.530019 253276160 master_component.cc:1430] RegularizeModelArgs: rwt_target_name=rwt, pwt_source_name=pwt, nwt_source_name=nwt
I0409 14:21:05.530046 253276160 master_component.cc:974] MasterComponent: start regularizing model pwt
I0409 14:21:05.553324 267505664 processor.cc:740] No data in processing queue, waiting...
I0409 14:21:05.676412 253276160 master_component.cc:1000] MasterComponent: complete regularizing model pwt
I0409 14:21:05.676434 253276160 master_component.cc:1443] NormalizeModelArgs: pwt_target_name=pwt, nwt_source_name=nwt, rwt_source_name=rwt
I0409 14:21:05.676442 253276160 master_component.cc:1004] MasterComponent: start normalizing model nwt
I0409 14:21:05.767446 253276160 master_component.cc:1032] MasterComponent: complete normalizing model nwt
I0409 14:21:05.868016 253276160 master_component.cc:1467] DisposeModel rwt
I0409 14:21:05.886947 253276160 master_component.cc:1057] FitOffline: ItemsProcessed, num_items=1728, num_batches=2, token_weight=808522, token_weight_in_effect=808522
I0409 14:21:05.902359 3064288064 c_interface.cc:562] Pass GetScoreValueArgs, score_name=^^^ItemsProcessedScore^^^ to MasterComponent::Request
I0409 14:21:05.902398 3064288064 c_interface.cc:231] ArtmCopyRequestedMessage is copying 46 bytes...
I0409 14:21:05.902990 253276160 c_interface.cc:389] Pass FitOfflineMasterModelArgs, batch_filename_size=2, batch_weight_size=2, num_collection_passes=1 to MN4artm4core15MasterComponentEFvRKNS_25FitOfflineMasterModelArgsEE
I0409 14:21:05.903014 253276160 master_component.cc:1392] ProcessBatchesArgs: nwt_target_name=nwt, batch_filename_size=2, batch_size=0, batch_weight_size=2, pwt_source_name=pwt, num_document_passes=1, regularizer=(name:SparsePhi1, tau:100000), class=(text:1), class=(author:1), reuse_theta=yes, opt_for_avx=yes, predict_class_id=
I0409 14:21:05.927964 268042240 processor.cc:747] Processing queue has data, processing started
I0409 14:21:05.934262 266432512 processor.cc:747] Processing queue has data, processing started
I0409 14:21:05.942853 268042240 processor.cc:820] Processor: start processing batch 87f128cc-df89-4b70-b793-950e5f1e893a into model nwt
I0409 14:21:05.943850 266432512 processor.cc:820] Processor: start processing batch 73f5dc9f-6302-4cf6-97af-879c5e20e55a into model nwt
I0409 14:21:06.114135 266432512 processor.cc:925] Processor: complete processing batch 73f5dc9f-6302-4cf6-97af-879c5e20e55a into model nwt
I0409 14:21:06.119837 266432512 cuckoo_watch.h:45] 185ms in ProcessBatch(batches/aaaaaa.batch) [including 9ms in LoadMessage; 10ms in InitializeSparseNdw; 0ms in FindReuseThetaCacheEntry; 10ms in InitializeTheta; 0ms in CreateRegularizerAgents; 93ms in InferThetaAndUpdateNwtSparse; 0ms in UpdateCacheEntry; 55ms in CalculateScore(^^^ItemsProcessedScore^^^); ]
I0409 14:21:06.143810 266432512 processor.cc:740] No data in processing queue, waiting...
I0409 14:21:06.279664 268042240 processor.cc:925] Processor: complete processing batch 87f128cc-df89-4b70-b793-950e5f1e893a into model nwt
I0409 14:21:06.287873 268042240 cuckoo_watch.h:45] 359ms in ProcessBatch(batches/aaaaab.batch) [including 14ms in LoadMessage; 23ms in InitializeSparseNdw; 0ms in FindReuseThetaCacheEntry; 4ms in InitializeTheta; 0ms in CreateRegularizerAgents; 196ms in InferThetaAndUpdateNwtSparse; 0ms in UpdateCacheEntry; 112ms in CalculateScore(^^^ItemsProcessedScore^^^); ]
I0409 14:21:06.288194 253276160 master_component.cc:1430] RegularizeModelArgs: rwt_target_name=rwt, pwt_source_name=pwt, nwt_source_name=nwt
I0409 14:21:06.288233 253276160 master_component.cc:974] MasterComponent: start regularizing model pwt
I0409 14:21:06.311955 268042240 processor.cc:740] No data in processing queue, waiting...
