Log file created at: 2018/04/06 16:27:28
Running on machine: Nocs-MacBook-Pro-3.local
Log line format: [IWEF]mmdd hh:mm:ss.uuuuuu threadid file:line] msg
I0406 16:27:28.901893 2924262208 c_interface.cc:127] Logging enabled to .
I0406 16:27:28.902701 2924262208 c_interface.cc:128] BigARTM version: v0.9.0
I0406 16:27:28.903116 2924262208 c_interface.cc:271] Pass MasterModelConfig: topic_name_size=0, score_config_size=1, num_processors=0, pwt_name=pwt, nwt_name=nwt, num_document_passes=0, reuse_theta=no, cache_theta=no, opt_for_avx=yes, disk_cache_path= to ArtmCreateMasterModel
I0406 16:27:28.903177 2924262208 c_interface.cc:274] Creating MasterModel (id=1)...
I0406 16:27:28.905935 2924262208 collection_parser.cc:557] CollectionParserConfig.num_threads is automatically set to 4
I0406 16:27:30.392218 2924262208 c_interface.cc:375] Pass 68f3b0d0-a925-4ad0-814e-67dd138afeb4 to MN4artm4core15MasterComponentEFvRKNSt3__112basic_stringIcNS2_11char_traitsIcEENS2_9allocatorIcEEEEE
I0406 16:27:30.393594 2924262208 c_interface.cc:389] Pass GatherDictionaryArgs: dictionary_target_name=68f3b0d0-a925-4ad0-814e-67dd138afeb4, data_path=batches, symmetric_cooc_values=0 to MN4artm4core15MasterComponentEFvRKNS_20GatherDictionaryArgsEE
I0406 16:27:30.394508 2924262208 dictionary_operations.cc:261] Found 2 batches in 'batches' folder
I0406 16:27:30.488447 2924262208 dictionary_operations.cc:325] Find 26866 unique tokens in 1728 items
I0406 16:27:30.532223 2924262208 dictionary_operations.cc:589] Dictionary name='68f3b0d0-a925-4ad0-814e-67dd138afeb4' contains entries: author:539; text:26327; 
I0406 16:30:57.435837 2924262208 c_interface.cc:271] Pass MasterModelConfig: topic_name_size=30, score_config_size=1, num_processors=0, pwt_name=pwt, nwt_name=nwt, num_document_passes=10, reuse_theta=no, cache_theta=no, opt_for_avx=yes, disk_cache_path= to ArtmCreateMasterModel
I0406 16:30:57.435940 2924262208 instance.cc:401] MasterModelConfig.processors_count is automatically set to 4
I0406 16:30:57.435994 148717568 processor.cc:724] Processor thread started
I0406 16:30:57.436015 149254144 processor.cc:724] Processor thread started
I0406 16:30:57.436077 149790720 processor.cc:724] Processor thread started
I0406 16:30:57.436094 2924262208 c_interface.cc:274] Creating MasterModel (id=2)...
I0406 16:30:57.436103 150327296 processor.cc:724] Processor thread started
I0406 16:30:57.459600 149254144 processor.cc:740] No data in processing queue, waiting...
I0406 16:30:57.459599 149790720 processor.cc:740] No data in processing queue, waiting...
I0406 16:30:57.459635 148717568 processor.cc:740] No data in processing queue, waiting...
I0406 16:30:57.459650 150327296 processor.cc:740] No data in processing queue, waiting...
I0406 16:32:52.228624 2924262208 c_interface.cc:271] Pass MasterModelConfig: topic_name_size=0, score_config_size=1, num_processors=0, pwt_name=pwt, nwt_name=nwt, num_document_passes=0, reuse_theta=no, cache_theta=no, opt_for_avx=yes, disk_cache_path= to ArtmCreateMasterModel
I0406 16:32:52.228703 2924262208 c_interface.cc:274] Creating MasterModel (id=3)...
I0406 16:32:52.228870 2924262208 c_interface.cc:375] Pass dictionary to MN4artm4core15MasterComponentEFvRKNSt3__112basic_stringIcNS2_11char_traitsIcEENS2_9allocatorIcEEEEE
I0406 16:32:52.228965 2924262208 c_interface.cc:389] Pass GatherDictionaryArgs: dictionary_target_name=dictionary, data_path=batches, symmetric_cooc_values=0 to MN4artm4core15MasterComponentEFvRKNS_20GatherDictionaryArgsEE
I0406 16:32:52.229086 2924262208 dictionary_operations.cc:261] Found 2 batches in 'batches' folder
I0406 16:32:52.332762 2924262208 dictionary_operations.cc:325] Find 26866 unique tokens in 1728 items
I0406 16:32:52.371722 2924262208 dictionary_operations.cc:589] Dictionary name='dictionary' contains entries: author:539; text:26327; 
I0406 16:34:55.790109 2924262208 c_interface.cc:389] Pass MasterModelConfig: topic_name_size=30, score_config_size=2, num_processors=0, pwt_name=pwt, nwt_name=nwt, num_document_passes=10, reuse_theta=no, cache_theta=no, opt_for_avx=yes, disk_cache_path= to MN4artm4core15MasterComponentEFvRKNS_17MasterModelConfigEE
I0406 16:34:55.790243 2924262208 instance.cc:401] MasterModelConfig.processors_count is automatically set to 4
I0406 16:34:55.790750 2924262208 c_interface.cc:389] Pass MasterModelConfig: topic_name_size=30, score_config_size=3, num_processors=0, pwt_name=pwt, nwt_name=nwt, num_document_passes=10, reuse_theta=no, cache_theta=no, opt_for_avx=yes, disk_cache_path= to MN4artm4core15MasterComponentEFvRKNS_17MasterModelConfigEE
I0406 16:34:55.790778 2924262208 instance.cc:401] MasterModelConfig.processors_count is automatically set to 4
I0406 16:38:15.659677 2924262208 c_interface.cc:389] Pass MasterModelConfig: topic_name_size=30, score_config_size=3, num_processors=0, pwt_name=pwt, nwt_name=nwt, num_document_passes=10, regularizer=(SparsePhi1:100000), reuse_theta=no, cache_theta=no, opt_for_avx=yes, disk_cache_path= to MN4artm4core15MasterComponentEFvRKNS_17MasterModelConfigEE
I0406 16:38:15.659760 2924262208 instance.cc:401] MasterModelConfig.processors_count is automatically set to 4
I0406 16:38:15.659807 2924262208 instance.cc:232] Regularizer 'SparsePhi1' was cold-reconfigured
I0406 16:38:52.941861 2924262208 c_interface.cc:231] ArtmCopyRequestedMessage is copying 651 bytes...
I0406 16:38:52.943505 2924262208 c_interface.cc:231] ArtmCopyRequestedMessage is copying 651 bytes...
I0406 16:39:09.878319 2924262208 c_interface.cc:231] ArtmCopyRequestedMessage is copying 651 bytes...
I0406 16:39:09.879801 2924262208 c_interface.cc:231] ArtmCopyRequestedMessage is copying 651 bytes...
I0406 16:40:10.412730 2924262208 c_interface.cc:375] Pass pwt to MN4artm4core15MasterComponentEFvRKNSt3__112basic_stringIcNS2_11char_traitsIcEENS2_9allocatorIcEEEEE
I0406 16:40:10.412897 2924262208 c_interface.cc:375] Pass nwt to MN4artm4core15MasterComponentEFvRKNSt3__112basic_stringIcNS2_11char_traitsIcEENS2_9allocatorIcEEEEE
I0406 16:40:10.413096 2924262208 c_interface.cc:389] Pass InitializeModelArgs: model_name=pwt, dictionary_name=dictionary, topic_name_size=30, seed=1 to MN4artm4core15MasterComponentEFvRKNS_19InitializeModelArgsEE
I0406 16:40:10.599892 2924262208 master_component.cc:664] InitializeModel() created matrix pwt with 30 topics and 26866 tokens; 
I0406 16:40:10.600047 2924262208 c_interface.cc:389] Pass InitializeModelArgs: model_name=nwt, dictionary_name=dictionary, topic_name_size=30, seed=1 to MN4artm4core15MasterComponentEFvRKNS_19InitializeModelArgsEE
I0406 16:40:10.786801 2924262208 master_component.cc:664] InitializeModel() created matrix nwt with 30 topics and 26866 tokens; 
I0406 16:40:10.787122 2924262208 phi_matrix_operations.cc:84] RetrieveExternalTopicModel() with 30 topics, 26866 tokens
I0406 16:40:10.819676 2924262208 c_interface.cc:231] ArtmCopyRequestedMessage is copying 825334 bytes...
I0406 16:40:10.861111 135561216 c_interface.cc:389] Pass FitOfflineMasterModelArgs, batch_filename_size=2, batch_weight_size=2, num_collection_passes=1 to MN4artm4core15MasterComponentEFvRKNS_25FitOfflineMasterModelArgsEE
I0406 16:40:10.861141 135561216 master_component.cc:1392] ProcessBatchesArgs: nwt_target_name=nwt, batch_filename_size=2, batch_size=0, batch_weight_size=2, pwt_source_name=pwt, num_document_passes=10, regularizer=(name:SparsePhi1, tau:100000), reuse_theta=no, opt_for_avx=yes, predict_class_id=
I0406 16:40:10.875965 135561216 master_component.cc:824] Batches count (=2) is smaller than num processors (=4), which may cause suboptimal performance.
I0406 16:40:10.883316 149790720 processor.cc:747] Processing queue has data, processing started
I0406 16:40:10.890377 149254144 processor.cc:747] Processing queue has data, processing started
I0406 16:40:10.898669 149790720 processor.cc:820] Processor: start processing batch 00ce3e08-5fa6-4508-b507-567d4f0cdafa into model nwt
I0406 16:40:10.899590 149254144 processor.cc:820] Processor: start processing batch 8b71d27b-f04c-426d-ac04-ee7da552b883 into model nwt
I0406 16:40:11.141510 149254144 processor.cc:925] Processor: complete processing batch 8b71d27b-f04c-426d-ac04-ee7da552b883 into model nwt
I0406 16:40:11.145371 149254144 cuckoo_watch.h:45] 254ms in ProcessBatch(batches/aaaaaa.batch) [including 9ms in LoadMessage; 3ms in InitializeSparseNdw; 0ms in InitializeTheta; 0ms in CreateRegularizerAgents; 189ms in InferThetaAndUpdateNwtSparse; 49ms in CalculateScore(^^^ItemsProcessedScore^^^); ]
I0406 16:40:11.169915 149254144 processor.cc:740] No data in processing queue, waiting...
I0406 16:40:11.447583 149790720 processor.cc:925] Processor: complete processing batch 00ce3e08-5fa6-4508-b507-567d4f0cdafa into model nwt
I0406 16:40:11.454741 149790720 cuckoo_watch.h:45] 571ms in ProcessBatch(batches/aaaaab.batch) [including 15ms in LoadMessage; 9ms in InitializeSparseNdw; 0ms in InitializeTheta; 0ms in CreateRegularizerAgents; 418ms in InferThetaAndUpdateNwtSparse; 120ms in CalculateScore(^^^ItemsProcessedScore^^^); ]
I0406 16:40:11.455759 135561216 master_component.cc:1430] RegularizeModelArgs: rwt_target_name=rwt, pwt_source_name=pwt, nwt_source_name=nwt
I0406 16:40:11.455802 135561216 master_component.cc:974] MasterComponent: start regularizing model pwt
I0406 16:40:11.478405 149790720 processor.cc:740] No data in processing queue, waiting...
I0406 16:40:11.589311 135561216 master_component.cc:1000] MasterComponent: complete regularizing model pwt
I0406 16:40:11.589330 135561216 master_component.cc:1443] NormalizeModelArgs: pwt_target_name=pwt, nwt_source_name=nwt, rwt_source_name=rwt
I0406 16:40:11.589339 135561216 master_component.cc:1004] MasterComponent: start normalizing model nwt
I0406 16:40:11.673866 135561216 master_component.cc:1032] MasterComponent: complete normalizing model nwt
I0406 16:40:11.778914 135561216 master_component.cc:1467] DisposeModel rwt
I0406 16:40:11.796314 135561216 master_component.cc:1057] FitOffline: ItemsProcessed, num_items=1728, num_batches=2, token_weight=808522, token_weight_in_effect=808522
I0406 16:40:11.804543 2924262208 c_interface.cc:562] Pass GetScoreValueArgs, score_name=^^^ItemsProcessedScore^^^ to MasterComponent::Request
I0406 16:40:11.804613 2924262208 c_interface.cc:231] ArtmCopyRequestedMessage is copying 46 bytes...
I0406 16:40:11.805109 135561216 c_interface.cc:389] Pass FitOfflineMasterModelArgs, batch_filename_size=2, batch_weight_size=2, num_collection_passes=1 to MN4artm4core15MasterComponentEFvRKNS_25FitOfflineMasterModelArgsEE
I0406 16:40:11.805124 135561216 master_component.cc:1392] ProcessBatchesArgs: nwt_target_name=nwt, batch_filename_size=2, batch_size=0, batch_weight_size=2, pwt_source_name=pwt, num_document_passes=10, regularizer=(name:SparsePhi1, tau:100000), reuse_theta=no, opt_for_avx=yes, predict_class_id=
I0406 16:40:11.833238 150327296 processor.cc:747] Processing queue has data, processing started
I0406 16:40:11.839555 148717568 processor.cc:747] Processing queue has data, processing started
I0406 16:40:11.847822 150327296 processor.cc:820] Processor: start processing batch 00ce3e08-5fa6-4508-b507-567d4f0cdafa into model nwt
I0406 16:40:11.850461 148717568 processor.cc:820] Processor: start processing batch 8b71d27b-f04c-426d-ac04-ee7da552b883 into model nwt
I0406 16:40:12.092677 148717568 processor.cc:925] Processor: complete processing batch 8b71d27b-f04c-426d-ac04-ee7da552b883 into model nwt
I0406 16:40:12.096783 148717568 cuckoo_watch.h:45] 257ms in ProcessBatch(batches/aaaaaa.batch) [including 10ms in LoadMessage; 1ms in InitializeSparseNdw; 0ms in InitializeTheta; 0ms in CreateRegularizerAgents; 191ms in InferThetaAndUpdateNwtSparse; 48ms in CalculateScore(^^^ItemsProcessedScore^^^); ]
I0406 16:40:12.120992 148717568 processor.cc:740] No data in processing queue, waiting...
I0406 16:40:12.397325 150327296 processor.cc:925] Processor: complete processing batch 00ce3e08-5fa6-4508-b507-567d4f0cdafa into model nwt
I0406 16:40:12.403543 150327296 cuckoo_watch.h:45] 570ms in ProcessBatch(batches/aaaaab.batch) [including 14ms in LoadMessage; 5ms in InitializeSparseNdw; 0ms in InitializeTheta; 0ms in CreateRegularizerAgents; 421ms in InferThetaAndUpdateNwtSparse; 122ms in CalculateScore(^^^ItemsProcessedScore^^^); ]
I0406 16:40:12.404345 135561216 master_component.cc:1430] RegularizeModelArgs: rwt_target_name=rwt, pwt_source_name=pwt, nwt_source_name=nwt
I0406 16:40:12.404451 135561216 master_component.cc:974] MasterComponent: start regularizing model pwt
I0406 16:40:12.427095 150327296 processor.cc:740] No data in processing queue, waiting...
I0406 16:40:12.544339 135561216 master_component.cc:1000] MasterComponent: complete regularizing model pwt
I0406 16:40:12.544360 135561216 master_component.cc:1443] NormalizeModelArgs: pwt_target_name=pwt, nwt_source_name=nwt, rwt_source_name=rwt
I0406 16:40:12.544369 135561216 master_component.cc:1004] MasterComponent: start normalizing model nwt
I0406 16:40:12.628986 135561216 master_component.cc:1032] MasterComponent: complete normalizing model nwt
I0406 16:40:12.737052 135561216 master_component.cc:1467] DisposeModel rwt
I0406 16:40:12.760026 135561216 master_component.cc:1057] FitOffline: ItemsProcessed, num_items=1728, num_batches=2, token_weight=808522, token_weight_in_effect=808522
I0406 16:40:12.792873 2924262208 c_interface.cc:562] Pass GetScoreValueArgs, score_name=^^^ItemsProcessedScore^^^ to MasterComponent::Request
I0406 16:40:12.792920 2924262208 c_interface.cc:231] ArtmCopyRequestedMessage is copying 46 bytes...
I0406 16:40:12.793644 135561216 c_interface.cc:389] Pass FitOfflineMasterModelArgs, batch_filename_size=2, batch_weight_size=2, num_collection_passes=1 to MN4artm4core15MasterComponentEFvRKNS_25FitOfflineMasterModelArgsEE
I0406 16:40:12.793664 135561216 master_component.cc:1392] ProcessBatchesArgs: nwt_target_name=nwt, batch_filename_size=2, batch_size=0, batch_weight_size=2, pwt_source_name=pwt, num_document_passes=10, regularizer=(name:SparsePhi1, tau:100000), reuse_theta=no, opt_for_avx=yes, predict_class_id=
I0406 16:40:12.823349 149254144 processor.cc:747] Processing queue has data, processing started
I0406 16:40:12.830682 149790720 processor.cc:747] Processing queue has data, processing started
I0406 16:40:12.840504 149254144 processor.cc:820] Processor: start processing batch 00ce3e08-5fa6-4508-b507-567d4f0cdafa into model nwt
I0406 16:40:12.840517 149790720 processor.cc:820] Processor: start processing batch 8b71d27b-f04c-426d-ac04-ee7da552b883 into model nwt
I0406 16:40:13.123783 149790720 processor.cc:925] Processor: complete processing batch 8b71d27b-f04c-426d-ac04-ee7da552b883 into model nwt
I0406 16:40:13.127806 149790720 cuckoo_watch.h:45] 297ms in ProcessBatch(batches/aaaaaa.batch) [including 9ms in LoadMessage; 2ms in InitializeSparseNdw; 0ms in InitializeTheta; 0ms in CreateRegularizerAgents; 231ms in InferThetaAndUpdateNwtSparse; 49ms in CalculateScore(^^^ItemsProcessedScore^^^); ]
I0406 16:40:13.151331 149790720 processor.cc:740] No data in processing queue, waiting...
I0406 16:40:13.435593 149254144 processor.cc:925] Processor: complete processing batch 00ce3e08-5fa6-4508-b507-567d4f0cdafa into model nwt
I0406 16:40:13.442512 149254144 cuckoo_watch.h:45] 619ms in ProcessBatch(batches/aaaaab.batch) [including 17ms in LoadMessage; 7ms in InitializeSparseNdw; 0ms in InitializeTheta; 0ms in CreateRegularizerAgents; 461ms in InferThetaAndUpdateNwtSparse; 125ms in CalculateScore(^^^ItemsProcessedScore^^^); ]
I0406 16:40:13.443383 135561216 master_component.cc:1430] RegularizeModelArgs: rwt_target_name=rwt, pwt_source_name=pwt, nwt_source_name=nwt
I0406 16:40:13.443413 135561216 master_component.cc:974] MasterComponent: start regularizing model pwt
I0406 16:40:13.466186 149254144 processor.cc:740] No data in processing queue, waiting...
I0406 16:40:13.591017 135561216 master_component.cc:1000] MasterComponent: complete regularizing model pwt
I0406 16:40:13.591037 135561216 master_component.cc:1443] NormalizeModelArgs: pwt_target_name=pwt, nwt_source_name=nwt, rwt_source_name=rwt
I0406 16:40:13.591048 135561216 master_component.cc:1004] MasterComponent: start normalizing model nwt
I0406 16:40:13.681650 135561216 master_component.cc:1032] MasterComponent: complete normalizing model nwt
I0406 16:40:13.788570 135561216 master_component.cc:1467] DisposeModel rwt
I0406 16:40:13.794034 2924262208 c_interface.cc:562] Pass GetScoreValueArgs, score_name=^^^ItemsProcessedScore^^^ to MasterComponent::Request
I0406 16:40:13.794072 2924262208 c_interface.cc:231] ArtmCopyRequestedMessage is copying 46 bytes...
I0406 16:40:13.809743 135561216 master_component.cc:1057] FitOffline: ItemsProcessed, num_items=1728, num_batches=2, token_weight=808522, token_weight_in_effect=808522
I0406 16:40:13.811390 2924262208 c_interface.cc:562] Pass GetScoreValueArgs, score_name=^^^ItemsProcessedScore^^^ to MasterComponent::Request
I0406 16:40:13.811426 2924262208 c_interface.cc:231] ArtmCopyRequestedMessage is copying 46 bytes...
I0406 16:40:13.811812 135561216 c_interface.cc:389] Pass FitOfflineMasterModelArgs, batch_filename_size=2, batch_weight_size=2, num_collection_passes=1 to MN4artm4core15MasterComponentEFvRKNS_25FitOfflineMasterModelArgsEE
I0406 16:40:13.811839 135561216 master_component.cc:1392] ProcessBatchesArgs: nwt_target_name=nwt, batch_filename_size=2, batch_size=0, batch_weight_size=2, pwt_source_name=pwt, num_document_passes=10, regularizer=(name:SparsePhi1, tau:100000), reuse_theta=no, opt_for_avx=yes, predict_class_id=
I0406 16:40:13.858798 149790720 processor.cc:747] Processing queue has data, processing started
I0406 16:40:13.864203 150327296 processor.cc:747] Processing queue has data, processing started
I0406 16:40:13.875270 150327296 processor.cc:820] Processor: start processing batch 8b71d27b-f04c-426d-ac04-ee7da552b883 into model nwt
I0406 16:40:13.877998 149790720 processor.cc:820] Processor: start processing batch 00ce3e08-5fa6-4508-b507-567d4f0cdafa into model nwt
I0406 16:40:14.185030 150327296 processor.cc:925] Processor: complete processing batch 8b71d27b-f04c-426d-ac04-ee7da552b883 into model nwt
I0406 16:40:14.191290 150327296 cuckoo_watch.h:45] 326ms in ProcessBatch(batches/aaaaaa.batch) [including 10ms in LoadMessage; 1ms in InitializeSparseNdw; 0ms in InitializeTheta; 0ms in CreateRegularizerAgents; 241ms in InferThetaAndUpdateNwtSparse; 66ms in CalculateScore(^^^ItemsProcessedScore^^^); ]
I0406 16:40:14.214972 150327296 processor.cc:740] No data in processing queue, waiting...
I0406 16:40:14.501530 149790720 processor.cc:925] Processor: complete processing batch 00ce3e08-5fa6-4508-b507-567d4f0cdafa into model nwt
I0406 16:40:14.508119 149790720 cuckoo_watch.h:45] 649ms in ProcessBatch(batches/aaaaab.batch) [including 19ms in LoadMessage; 9ms in InitializeSparseNdw; 0ms in InitializeTheta; 0ms in CreateRegularizerAgents; 504ms in InferThetaAndUpdateNwtSparse; 108ms in CalculateScore(^^^ItemsProcessedScore^^^); ]
I0406 16:40:14.508209 135561216 master_component.cc:1430] RegularizeModelArgs: rwt_target_name=rwt, pwt_source_name=pwt, nwt_source_name=nwt
I0406 16:40:14.508230 135561216 master_component.cc:974] MasterComponent: start regularizing model pwt
I0406 16:40:14.532289 149790720 processor.cc:740] No data in processing queue, waiting...
I0406 16:40:14.642156 135561216 master_component.cc:1000] MasterComponent: complete regularizing model pwt
I0406 16:40:14.642175 135561216 master_component.cc:1443] NormalizeModelArgs: pwt_target_name=pwt, nwt_source_name=nwt, rwt_source_name=rwt
I0406 16:40:14.642184 135561216 master_component.cc:1004] MasterComponent: start normalizing model nwt
I0406 16:40:14.718155 135561216 master_component.cc:1032] MasterComponent: complete normalizing model nwt
I0406 16:40:14.812094 2924262208 c_interface.cc:562] Pass GetScoreValueArgs, score_name=^^^ItemsProcessedScore^^^ to MasterComponent::Request
I0406 16:40:14.812134 2924262208 c_interface.cc:231] ArtmCopyRequestedMessage is copying 46 bytes...
I0406 16:40:14.823149 135561216 master_component.cc:1467] DisposeModel rwt
I0406 16:40:14.844095 135561216 master_component.cc:1057] FitOffline: ItemsProcessed, num_items=1728, num_batches=2, token_weight=808522, token_weight_in_effect=808522
I0406 16:40:14.846184 2924262208 c_interface.cc:562] Pass GetScoreValueArgs, score_name=^^^ItemsProcessedScore^^^ to MasterComponent::Request
I0406 16:40:14.846217 2924262208 c_interface.cc:231] ArtmCopyRequestedMessage is copying 46 bytes...
I0406 16:40:14.846693 135561216 c_interface.cc:389] Pass FitOfflineMasterModelArgs, batch_filename_size=2, batch_weight_size=2, num_collection_passes=1 to MN4artm4core15MasterComponentEFvRKNS_25FitOfflineMasterModelArgsEE
I0406 16:40:14.846709 135561216 master_component.cc:1392] ProcessBatchesArgs: nwt_target_name=nwt, batch_filename_size=2, batch_size=0, batch_weight_size=2, pwt_source_name=pwt, num_document_passes=10, regularizer=(name:SparsePhi1, tau:100000), reuse_theta=no, opt_for_avx=yes, predict_class_id=
I0406 16:40:14.873739 150327296 processor.cc:747] Processing queue has data, processing started
I0406 16:40:14.882493 148717568 processor.cc:747] Processing queue has data, processing started
I0406 16:40:14.892025 148717568 processor.cc:820] Processor: start processing batch 8b71d27b-f04c-426d-ac04-ee7da552b883 into model nwt
I0406 16:40:14.892091 150327296 processor.cc:820] Processor: start processing batch 00ce3e08-5fa6-4508-b507-567d4f0cdafa into model nwt
I0406 16:40:15.177023 148717568 processor.cc:925] Processor: complete processing batch 8b71d27b-f04c-426d-ac04-ee7da552b883 into model nwt
I0406 16:40:15.182631 148717568 cuckoo_watch.h:45] 300ms in ProcessBatch(batches/aaaaaa.batch) [including 9ms in LoadMessage; 1ms in InitializeSparseNdw; 0ms in InitializeTheta; 0ms in CreateRegularizerAgents; 204ms in InferThetaAndUpdateNwtSparse; 79ms in CalculateScore(^^^ItemsProcessedScore^^^); ]
I0406 16:40:15.205580 148717568 processor.cc:740] No data in processing queue, waiting...
I0406 16:40:15.538018 150327296 processor.cc:925] Processor: complete processing batch 00ce3e08-5fa6-4508-b507-567d4f0cdafa into model nwt
I0406 16:40:15.545074 150327296 cuckoo_watch.h:45] 671ms in ProcessBatch(batches/aaaaab.batch) [including 18ms in LoadMessage; 7ms in InitializeSparseNdw; 0ms in InitializeTheta; 0ms in CreateRegularizerAgents; 496ms in InferThetaAndUpdateNwtSparse; 142ms in CalculateScore(^^^ItemsProcessedScore^^^); ]
I0406 16:40:15.545230 135561216 master_component.cc:1430] RegularizeModelArgs: rwt_target_name=rwt, pwt_source_name=pwt, nwt_source_name=nwt
I0406 16:40:15.545249 135561216 master_component.cc:974] MasterComponent: start regularizing model pwt
I0406 16:40:15.568478 150327296 processor.cc:740] No data in processing queue, waiting...
I0406 16:40:15.692250 135561216 master_component.cc:1000] MasterComponent: complete regularizing model pwt
I0406 16:40:15.692267 135561216 master_component.cc:1443] NormalizeModelArgs: pwt_target_name=pwt, nwt_source_name=nwt, rwt_source_name=rwt
I0406 16:40:15.692276 135561216 master_component.cc:1004] MasterComponent: start normalizing model nwt
I0406 16:40:15.773290 135561216 master_component.cc:1032] MasterComponent: complete normalizing model nwt
I0406 16:40:15.847625 2924262208 c_interface.cc:562] Pass GetScoreValueArgs, score_name=^^^ItemsProcessedScore^^^ to MasterComponent::Request
I0406 16:40:15.847671 2924262208 c_interface.cc:231] ArtmCopyRequestedMessage is copying 46 bytes...
I0406 16:40:15.881182 135561216 master_component.cc:1467] DisposeModel rwt
I0406 16:40:15.904618 135561216 master_component.cc:1057] FitOffline: ItemsProcessed, num_items=1728, num_batches=2, token_weight=808522, token_weight_in_effect=808522
I0406 16:40:15.916839 2924262208 c_interface.cc:562] Pass GetScoreValueArgs, score_name=^^^ItemsProcessedScore^^^ to MasterComponent::Request
I0406 16:40:15.916891 2924262208 c_interface.cc:231] ArtmCopyRequestedMessage is copying 46 bytes...
I0406 16:40:15.917289 135561216 c_interface.cc:389] Pass FitOfflineMasterModelArgs, batch_filename_size=2, batch_weight_size=2, num_collection_passes=1 to MN4artm4core15MasterComponentEFvRKNS_25FitOfflineMasterModelArgsEE
I0406 16:40:15.917305 135561216 master_component.cc:1392] ProcessBatchesArgs: nwt_target_name=nwt, batch_filename_size=2, batch_size=0, batch_weight_size=2, pwt_source_name=pwt, num_document_passes=10, regularizer=(name:SparsePhi1, tau:100000), reuse_theta=no, opt_for_avx=yes, predict_class_id=
I0406 16:40:15.943214 149790720 processor.cc:747] Processing queue has data, processing started
I0406 16:40:15.950034 150327296 processor.cc:747] Processing queue has data, processing started
I0406 16:40:15.958451 149790720 processor.cc:820] Processor: start processing batch 00ce3e08-5fa6-4508-b507-567d4f0cdafa into model nwt
I0406 16:40:15.959966 150327296 processor.cc:820] Processor: start processing batch 8b71d27b-f04c-426d-ac04-ee7da552b883 into model nwt
I0406 16:40:16.199683 150327296 processor.cc:925] Processor: complete processing batch 8b71d27b-f04c-426d-ac04-ee7da552b883 into model nwt
I0406 16:40:16.204543 150327296 cuckoo_watch.h:45] 254ms in ProcessBatch(batches/aaaaaa.batch) [including 9ms in LoadMessage; 1ms in InitializeSparseNdw; 0ms in InitializeTheta; 0ms in CreateRegularizerAgents; 185ms in InferThetaAndUpdateNwtSparse; 52ms in CalculateScore(^^^ItemsProcessedScore^^^); ]
I0406 16:40:16.228636 150327296 processor.cc:740] No data in processing queue, waiting...
I0406 16:40:16.531325 149790720 processor.cc:925] Processor: complete processing batch 00ce3e08-5fa6-4508-b507-567d4f0cdafa into model nwt
I0406 16:40:16.538035 149790720 cuckoo_watch.h:45] 594ms in ProcessBatch(batches/aaaaab.batch) [including 15ms in LoadMessage; 6ms in InitializeSparseNdw; 0ms in InitializeTheta; 0ms in CreateRegularizerAgents; 454ms in InferThetaAndUpdateNwtSparse; 111ms in CalculateScore(^^^ItemsProcessedScore^^^); ]
I0406 16:40:16.538769 135561216 master_component.cc:1430] RegularizeModelArgs: rwt_target_name=rwt, pwt_source_name=pwt, nwt_source_name=nwt
I0406 16:40:16.538803 135561216 master_component.cc:974] MasterComponent: start regularizing model pwt
I0406 16:40:16.561029 149790720 processor.cc:740] No data in processing queue, waiting...
I0406 16:40:16.705478 135561216 master_component.cc:1000] MasterComponent: complete regularizing model pwt
I0406 16:40:16.705507 135561216 master_component.cc:1443] NormalizeModelArgs: pwt_target_name=pwt, nwt_source_name=nwt, rwt_source_name=rwt
I0406 16:40:16.705538 135561216 master_component.cc:1004] MasterComponent: start normalizing model nwt
I0406 16:40:16.811580 135561216 master_component.cc:1032] MasterComponent: complete normalizing model nwt
I0406 16:40:16.922758 2924262208 c_interface.cc:562] Pass GetScoreValueArgs, score_name=^^^ItemsProcessedScore^^^ to MasterComponent::Request
I0406 16:40:16.922960 2924262208 c_interface.cc:231] ArtmCopyRequestedMessage is copying 46 bytes...
I0406 16:40:16.956966 135561216 master_component.cc:1467] DisposeModel rwt
I0406 16:40:16.978417 135561216 master_component.cc:1057] FitOffline: ItemsProcessed, num_items=1728, num_batches=2, token_weight=808522, token_weight_in_effect=808522
I0406 16:40:16.993510 2924262208 c_interface.cc:562] Pass GetScoreValueArgs, score_name=^^^ItemsProcessedScore^^^ to MasterComponent::Request
I0406 16:40:16.993547 2924262208 c_interface.cc:231] ArtmCopyRequestedMessage is copying 46 bytes...
I0406 16:40:16.994290 135561216 c_interface.cc:389] Pass FitOfflineMasterModelArgs, batch_filename_size=2, batch_weight_size=2, num_collection_passes=1 to MN4artm4core15MasterComponentEFvRKNS_25FitOfflineMasterModelArgsEE
I0406 16:40:16.994307 135561216 master_component.cc:1392] ProcessBatchesArgs: nwt_target_name=nwt, batch_filename_size=2, batch_size=0, batch_weight_size=2, pwt_source_name=pwt, num_document_passes=10, regularizer=(name:SparsePhi1, tau:100000), reuse_theta=no, opt_for_avx=yes, predict_class_id=
I0406 16:40:17.021023 149254144 processor.cc:747] Processing queue has data, processing started
I0406 16:40:17.028417 148717568 processor.cc:747] Processing queue has data, processing started
I0406 16:40:17.037199 149254144 processor.cc:820] Processor: start processing batch 00ce3e08-5fa6-4508-b507-567d4f0cdafa into model nwt
I0406 16:40:17.038818 148717568 processor.cc:820] Processor: start processing batch 8b71d27b-f04c-426d-ac04-ee7da552b883 into model nwt
I0406 16:40:17.294984 148717568 processor.cc:925] Processor: complete processing batch 8b71d27b-f04c-426d-ac04-ee7da552b883 into model nwt
I0406 16:40:17.298929 148717568 cuckoo_watch.h:45] 270ms in ProcessBatch(batches/aaaaaa.batch) [including 10ms in LoadMessage; 1ms in InitializeSparseNdw; 0ms in InitializeTheta; 0ms in CreateRegularizerAgents; 198ms in InferThetaAndUpdateNwtSparse; 55ms in CalculateScore(^^^ItemsProcessedScore^^^); ]
I0406 16:40:17.322584 148717568 processor.cc:740] No data in processing queue, waiting...
I0406 16:40:17.623594 149254144 processor.cc:925] Processor: complete processing batch 00ce3e08-5fa6-4508-b507-567d4f0cdafa into model nwt
I0406 16:40:17.630313 149254144 cuckoo_watch.h:45] 609ms in ProcessBatch(batches/aaaaab.batch) [including 16ms in LoadMessage; 7ms in InitializeSparseNdw; 0ms in InitializeTheta; 0ms in CreateRegularizerAgents; 440ms in InferThetaAndUpdateNwtSparse; 138ms in CalculateScore(^^^ItemsProcessedScore^^^); ]
I0406 16:40:17.630981 135561216 master_component.cc:1430] RegularizeModelArgs: rwt_target_name=rwt, pwt_source_name=pwt, nwt_source_name=nwt
I0406 16:40:17.631078 135561216 master_component.cc:974] MasterComponent: start regularizing model pwt
I0406 16:40:17.654175 149254144 processor.cc:740] No data in processing queue, waiting...
I0406 16:40:17.767709 135561216 master_component.cc:1000] MasterComponent: complete regularizing model pwt
I0406 16:40:17.767729 135561216 master_component.cc:1443] NormalizeModelArgs: pwt_target_name=pwt, nwt_source_name=nwt, rwt_source_name=rwt
I0406 16:40:17.767738 135561216 master_component.cc:1004] MasterComponent: start normalizing model nwt
I0406 16:40:17.855877 135561216 master_component.cc:1032] MasterComponent: complete normalizing model nwt
I0406 16:40:17.956813 135561216 master_component.cc:1467] DisposeModel rwt
I0406 16:40:17.975852 135561216 master_component.cc:1057] FitOffline: ItemsProcessed, num_items=1728, num_batches=2, token_weight=808522, token_weight_in_effect=808522
I0406 16:40:17.994987 2924262208 c_interface.cc:562] Pass GetScoreValueArgs, score_name=^^^ItemsProcessedScore^^^ to MasterComponent::Request
I0406 16:40:17.995065 2924262208 c_interface.cc:231] ArtmCopyRequestedMessage is copying 46 bytes...
I0406 16:40:17.995677 135561216 c_interface.cc:389] Pass FitOfflineMasterModelArgs, batch_filename_size=2, batch_weight_size=2, num_collection_passes=1 to MN4artm4core15MasterComponentEFvRKNS_25FitOfflineMasterModelArgsEE
I0406 16:40:17.995698 135561216 master_component.cc:1392] ProcessBatchesArgs: nwt_target_name=nwt, batch_filename_size=2, batch_size=0, batch_weight_size=2, pwt_source_name=pwt, num_document_passes=10, regularizer=(name:SparsePhi1, tau:100000), reuse_theta=no, opt_for_avx=yes, predict_class_id=
I0406 16:40:18.020239 149790720 processor.cc:747] Processing queue has data, processing started
I0406 16:40:18.026540 149254144 processor.cc:747] Processing queue has data, processing started
I0406 16:40:18.035025 149790720 processor.cc:820] Processor: start processing batch 00ce3e08-5fa6-4508-b507-567d4f0cdafa into model nwt
I0406 16:40:18.036381 149254144 processor.cc:820] Processor: start processing batch 8b71d27b-f04c-426d-ac04-ee7da552b883 into model nwt
I0406 16:40:18.288848 149254144 processor.cc:925] Processor: complete processing batch 8b71d27b-f04c-426d-ac04-ee7da552b883 into model nwt
I0406 16:40:18.293120 149254144 cuckoo_watch.h:45] 266ms in ProcessBatch(batches/aaaaaa.batch) [including 9ms in LoadMessage; 1ms in InitializeSparseNdw; 0ms in InitializeTheta; 0ms in CreateRegularizerAgents; 191ms in InferThetaAndUpdateNwtSparse; 59ms in CalculateScore(^^^ItemsProcessedScore^^^); ]
I0406 16:40:18.317420 149254144 processor.cc:740] No data in processing queue, waiting...
I0406 16:40:18.769408 149790720 processor.cc:925] Processor: complete processing batch 00ce3e08-5fa6-4508-b507-567d4f0cdafa into model nwt
I0406 16:40:18.776114 149790720 cuckoo_watch.h:45] 755ms in ProcessBatch(batches/aaaaab.batch) [including 14ms in LoadMessage; 6ms in InitializeSparseNdw; 0ms in InitializeTheta; 0ms in CreateRegularizerAgents; 505ms in InferThetaAndUpdateNwtSparse; 221ms in CalculateScore(^^^ItemsProcessedScore^^^); ]
I0406 16:40:18.777124 135561216 master_component.cc:1430] RegularizeModelArgs: rwt_target_name=rwt, pwt_source_name=pwt, nwt_source_name=nwt
I0406 16:40:18.777261 135561216 master_component.cc:974] MasterComponent: start regularizing model pwt
I0406 16:40:18.800415 149790720 processor.cc:740] No data in processing queue, waiting...
I0406 16:40:18.937969 135561216 master_component.cc:1000] MasterComponent: complete regularizing model pwt
I0406 16:40:18.937988 135561216 master_component.cc:1443] NormalizeModelArgs: pwt_target_name=pwt, nwt_source_name=nwt, rwt_source_name=rwt
I0406 16:40:18.937995 135561216 master_component.cc:1004] MasterComponent: start normalizing model nwt
I0406 16:40:18.999622 2924262208 c_interface.cc:562] Pass GetScoreValueArgs, score_name=^^^ItemsProcessedScore^^^ to MasterComponent::Request
I0406 16:40:18.999663 2924262208 c_interface.cc:231] ArtmCopyRequestedMessage is copying 46 bytes...
I0406 16:40:19.038322 135561216 master_component.cc:1032] MasterComponent: complete normalizing model nwt
I0406 16:40:19.151614 135561216 master_component.cc:1467] DisposeModel rwt
I0406 16:40:19.172869 135561216 master_component.cc:1057] FitOffline: ItemsProcessed, num_items=1728, num_batches=2, token_weight=808522, token_weight_in_effect=808522
I0406 16:40:19.224000 2924262208 c_interface.cc:562] Pass GetScoreValueArgs, score_name=^^^ItemsProcessedScore^^^ to MasterComponent::Request
I0406 16:40:19.224036 2924262208 c_interface.cc:231] ArtmCopyRequestedMessage is copying 46 bytes...
I0406 16:40:19.224448 135561216 c_interface.cc:389] Pass FitOfflineMasterModelArgs, batch_filename_size=2, batch_weight_size=2, num_collection_passes=1 to MN4artm4core15MasterComponentEFvRKNS_25FitOfflineMasterModelArgsEE
I0406 16:40:19.224462 135561216 master_component.cc:1392] ProcessBatchesArgs: nwt_target_name=nwt, batch_filename_size=2, batch_size=0, batch_weight_size=2, pwt_source_name=pwt, num_document_passes=10, regularizer=(name:SparsePhi1, tau:100000), reuse_theta=no, opt_for_avx=yes, predict_class_id=
I0406 16:40:19.253430 149790720 processor.cc:747] Processing queue has data, processing started
I0406 16:40:19.259047 150327296 processor.cc:747] Processing queue has data, processing started
I0406 16:40:19.268923 149790720 processor.cc:820] Processor: start processing batch 00ce3e08-5fa6-4508-b507-567d4f0cdafa into model nwt
I0406 16:40:19.269045 150327296 processor.cc:820] Processor: start processing batch 8b71d27b-f04c-426d-ac04-ee7da552b883 into model nwt
I0406 16:40:19.573264 150327296 processor.cc:925] Processor: complete processing batch 8b71d27b-f04c-426d-ac04-ee7da552b883 into model nwt
I0406 16:40:19.578824 150327296 cuckoo_watch.h:45] 319ms in ProcessBatch(batches/aaaaaa.batch) [including 9ms in LoadMessage; 2ms in InitializeSparseNdw; 0ms in InitializeTheta; 0ms in CreateRegularizerAgents; 230ms in InferThetaAndUpdateNwtSparse; 71ms in CalculateScore(^^^ItemsProcessedScore^^^); ]
I0406 16:40:19.601806 150327296 processor.cc:740] No data in processing queue, waiting...
I0406 16:40:19.941190 149790720 processor.cc:925] Processor: complete processing batch 00ce3e08-5fa6-4508-b507-567d4f0cdafa into model nwt
I0406 16:40:19.948138 149790720 cuckoo_watch.h:45] 694ms in ProcessBatch(batches/aaaaab.batch) [including 15ms in LoadMessage; 7ms in InitializeSparseNdw; 0ms in InitializeTheta; 0ms in CreateRegularizerAgents; 515ms in InferThetaAndUpdateNwtSparse; 149ms in CalculateScore(^^^ItemsProcessedScore^^^); ]
I0406 16:40:19.948642 135561216 master_component.cc:1430] RegularizeModelArgs: rwt_target_name=rwt, pwt_source_name=pwt, nwt_source_name=nwt
I0406 16:40:19.948678 135561216 master_component.cc:974] MasterComponent: start regularizing model pwt
I0406 16:40:19.971724 149790720 processor.cc:740] No data in processing queue, waiting...
I0406 16:40:20.106283 135561216 master_component.cc:1000] MasterComponent: complete regularizing model pwt
I0406 16:40:20.106303 135561216 master_component.cc:1443] NormalizeModelArgs: pwt_target_name=pwt, nwt_source_name=nwt, rwt_source_name=rwt
I0406 16:40:20.106313 135561216 master_component.cc:1004] MasterComponent: start normalizing model nwt
I0406 16:40:20.214133 135561216 master_component.cc:1032] MasterComponent: complete normalizing model nwt
I0406 16:40:20.228030 2924262208 c_interface.cc:562] Pass GetScoreValueArgs, score_name=^^^ItemsProcessedScore^^^ to MasterComponent::Request
I0406 16:40:20.228081 2924262208 c_interface.cc:231] ArtmCopyRequestedMessage is copying 46 bytes...
I0406 16:40:20.372313 135561216 master_component.cc:1467] DisposeModel rwt
I0406 16:40:20.395628 135561216 master_component.cc:1057] FitOffline: ItemsProcessed, num_items=1728, num_batches=2, token_weight=808522, token_weight_in_effect=808522
I0406 16:40:20.403867 2924262208 c_interface.cc:562] Pass GetScoreValueArgs, score_name=^^^ItemsProcessedScore^^^ to MasterComponent::Request
I0406 16:40:20.403908 2924262208 c_interface.cc:231] ArtmCopyRequestedMessage is copying 46 bytes...
I0406 16:40:20.404279 135561216 c_interface.cc:389] Pass FitOfflineMasterModelArgs, batch_filename_size=2, batch_weight_size=2, num_collection_passes=1 to MN4artm4core15MasterComponentEFvRKNS_25FitOfflineMasterModelArgsEE
I0406 16:40:20.404292 135561216 master_component.cc:1392] ProcessBatchesArgs: nwt_target_name=nwt, batch_filename_size=2, batch_size=0, batch_weight_size=2, pwt_source_name=pwt, num_document_passes=10, regularizer=(name:SparsePhi1, tau:100000), reuse_theta=no, opt_for_avx=yes, predict_class_id=
I0406 16:40:20.437527 149254144 processor.cc:747] Processing queue has data, processing started
I0406 16:40:20.449733 148717568 processor.cc:747] Processing queue has data, processing started
I0406 16:40:20.458520 149254144 processor.cc:820] Processor: start processing batch 00ce3e08-5fa6-4508-b507-567d4f0cdafa into model nwt
I0406 16:40:20.466691 148717568 processor.cc:820] Processor: start processing batch 8b71d27b-f04c-426d-ac04-ee7da552b883 into model nwt
I0406 16:40:20.825570 148717568 processor.cc:925] Processor: complete processing batch 8b71d27b-f04c-426d-ac04-ee7da552b883 into model nwt
I0406 16:40:20.836024 148717568 cuckoo_watch.h:45] 386ms in ProcessBatch(batches/aaaaaa.batch) [including 16ms in LoadMessage; 1ms in InitializeSparseNdw; 0ms in InitializeTheta; 0ms in CreateRegularizerAgents; 269ms in InferThetaAndUpdateNwtSparse; 87ms in CalculateScore(^^^ItemsProcessedScore^^^); ]
I0406 16:40:20.862004 148717568 processor.cc:740] No data in processing queue, waiting...
I0406 16:40:21.305119 149254144 processor.cc:925] Processor: complete processing batch 00ce3e08-5fa6-4508-b507-567d4f0cdafa into model nwt
I0406 16:40:21.311615 149254144 cuckoo_watch.h:45] 874ms in ProcessBatch(batches/aaaaab.batch) [including 20ms in LoadMessage; 10ms in InitializeSparseNdw; 0ms in InitializeTheta; 0ms in CreateRegularizerAgents; 638ms in InferThetaAndUpdateNwtSparse; 197ms in CalculateScore(^^^ItemsProcessedScore^^^); ]
I0406 16:40:21.312283 135561216 master_component.cc:1430] RegularizeModelArgs: rwt_target_name=rwt, pwt_source_name=pwt, nwt_source_name=nwt
I0406 16:40:21.312325 135561216 master_component.cc:974] MasterComponent: start regularizing model pwt
I0406 16:40:21.343576 149254144 processor.cc:740] No data in processing queue, waiting...
I0406 16:40:21.405053 2924262208 c_interface.cc:562] Pass GetScoreValueArgs, score_name=^^^ItemsProcessedScore^^^ to MasterComponent::Request
I0406 16:40:21.405107 2924262208 c_interface.cc:231] ArtmCopyRequestedMessage is copying 46 bytes...
I0406 16:40:21.585886 135561216 master_component.cc:1000] MasterComponent: complete regularizing model pwt
I0406 16:40:21.585913 135561216 master_component.cc:1443] NormalizeModelArgs: pwt_target_name=pwt, nwt_source_name=nwt, rwt_source_name=rwt
I0406 16:40:21.585927 135561216 master_component.cc:1004] MasterComponent: start normalizing model nwt
I0406 16:40:21.719852 135561216 master_component.cc:1032] MasterComponent: complete normalizing model nwt
I0406 16:40:21.827538 135561216 master_component.cc:1467] DisposeModel rwt
I0406 16:40:21.847218 135561216 master_component.cc:1057] FitOffline: ItemsProcessed, num_items=1728, num_batches=2, token_weight=808522, token_weight_in_effect=808522
I0406 16:40:21.894498 2924262208 c_interface.cc:562] Pass GetScoreValueArgs, score_name=^^^ItemsProcessedScore^^^ to MasterComponent::Request
I0406 16:40:21.894533 2924262208 c_interface.cc:231] ArtmCopyRequestedMessage is copying 46 bytes...
I0406 16:40:21.895009 135561216 c_interface.cc:389] Pass FitOfflineMasterModelArgs, batch_filename_size=2, batch_weight_size=2, num_collection_passes=1 to MN4artm4core15MasterComponentEFvRKNS_25FitOfflineMasterModelArgsEE
I0406 16:40:21.895023 135561216 master_component.cc:1392] ProcessBatchesArgs: nwt_target_name=nwt, batch_filename_size=2, batch_size=0, batch_weight_size=2, pwt_source_name=pwt, num_document_passes=10, regularizer=(name:SparsePhi1, tau:100000), reuse_theta=no, opt_for_avx=yes, predict_class_id=
I0406 16:40:21.924012 150327296 processor.cc:747] Processing queue has data, processing started
I0406 16:40:21.932700 149790720 processor.cc:747] Processing queue has data, processing started
I0406 16:40:21.948202 150327296 processor.cc:820] Processor: start processing batch 00ce3e08-5fa6-4508-b507-567d4f0cdafa into model nwt
I0406 16:40:21.948931 149790720 processor.cc:820] Processor: start processing batch 8b71d27b-f04c-426d-ac04-ee7da552b883 into model nwt
I0406 16:40:22.361027 149790720 processor.cc:925] Processor: complete processing batch 8b71d27b-f04c-426d-ac04-ee7da552b883 into model nwt
I0406 16:40:22.368780 149790720 cuckoo_watch.h:45] 436ms in ProcessBatch(batches/aaaaaa.batch) [including 16ms in LoadMessage; 3ms in InitializeSparseNdw; 0ms in InitializeTheta; 0ms in CreateRegularizerAgents; 294ms in InferThetaAndUpdateNwtSparse; 113ms in CalculateScore(^^^ItemsProcessedScore^^^); ]
I0406 16:40:22.393009 149790720 processor.cc:740] No data in processing queue, waiting...
I0406 16:40:22.678777 150327296 processor.cc:925] Processor: complete processing batch 00ce3e08-5fa6-4508-b507-567d4f0cdafa into model nwt
I0406 16:40:22.686045 150327296 cuckoo_watch.h:45] 761ms in ProcessBatch(batches/aaaaab.batch) [including 24ms in LoadMessage; 10ms in InitializeSparseNdw; 0ms in InitializeTheta; 0ms in CreateRegularizerAgents; 592ms in InferThetaAndUpdateNwtSparse; 128ms in CalculateScore(^^^ItemsProcessedScore^^^); ]
I0406 16:40:22.686751 135561216 master_component.cc:1430] RegularizeModelArgs: rwt_target_name=rwt, pwt_source_name=pwt, nwt_source_name=nwt
I0406 16:40:22.686776 135561216 master_component.cc:974] MasterComponent: start regularizing model pwt
I0406 16:40:22.709604 150327296 processor.cc:740] No data in processing queue, waiting...
I0406 16:40:22.897709 2924262208 c_interface.cc:562] Pass GetScoreValueArgs, score_name=^^^ItemsProcessedScore^^^ to MasterComponent::Request
I0406 16:40:22.897768 2924262208 c_interface.cc:231] ArtmCopyRequestedMessage is copying 46 bytes...
I0406 16:40:22.902544 135561216 master_component.cc:1000] MasterComponent: complete regularizing model pwt
I0406 16:40:22.902637 135561216 master_component.cc:1443] NormalizeModelArgs: pwt_target_name=pwt, nwt_source_name=nwt, rwt_source_name=rwt
I0406 16:40:22.902657 135561216 master_component.cc:1004] MasterComponent: start normalizing model nwt
I0406 16:40:23.103184 135561216 master_component.cc:1032] MasterComponent: complete normalizing model nwt
I0406 16:40:23.311997 135561216 master_component.cc:1467] DisposeModel rwt
I0406 16:40:23.341536 135561216 master_component.cc:1057] FitOffline: ItemsProcessed, num_items=1728, num_batches=2, token_weight=808522, token_weight_in_effect=808522
I0406 16:40:23.383131 2924262208 c_interface.cc:562] Pass GetScoreValueArgs, score_name=^^^ItemsProcessedScore^^^ to MasterComponent::Request
I0406 16:40:23.383183 2924262208 c_interface.cc:231] ArtmCopyRequestedMessage is copying 46 bytes...
I0406 16:40:23.383832 135561216 c_interface.cc:389] Pass FitOfflineMasterModelArgs, batch_filename_size=2, batch_weight_size=2, num_collection_passes=1 to MN4artm4core15MasterComponentEFvRKNS_25FitOfflineMasterModelArgsEE
I0406 16:40:23.383862 135561216 master_component.cc:1392] ProcessBatchesArgs: nwt_target_name=nwt, batch_filename_size=2, batch_size=0, batch_weight_size=2, pwt_source_name=pwt, num_document_passes=10, regularizer=(name:SparsePhi1, tau:100000), reuse_theta=no, opt_for_avx=yes, predict_class_id=
I0406 16:40:23.425587 149254144 processor.cc:747] Processing queue has data, processing started
I0406 16:40:23.427018 149790720 processor.cc:747] Processing queue has data, processing started
I0406 16:40:23.441613 149790720 processor.cc:820] Processor: start processing batch 8b71d27b-f04c-426d-ac04-ee7da552b883 into model nwt
I0406 16:40:23.446032 149254144 processor.cc:820] Processor: start processing batch 00ce3e08-5fa6-4508-b507-567d4f0cdafa into model nwt
I0406 16:40:24.009287 149790720 processor.cc:925] Processor: complete processing batch 8b71d27b-f04c-426d-ac04-ee7da552b883 into model nwt
I0406 16:40:24.034936 149790720 cuckoo_watch.h:45] 607ms in ProcessBatch(batches/aaaaaa.batch) [including 14ms in LoadMessage; 2ms in InitializeSparseNdw; 0ms in InitializeTheta; 0ms in CreateRegularizerAgents; 428ms in InferThetaAndUpdateNwtSparse; 137ms in CalculateScore(^^^ItemsProcessedScore^^^); ]
I0406 16:40:24.057752 149790720 processor.cc:740] No data in processing queue, waiting...
I0406 16:40:24.387943 2924262208 c_interface.cc:562] Pass GetScoreValueArgs, score_name=^^^ItemsProcessedScore^^^ to MasterComponent::Request
I0406 16:40:24.387992 2924262208 c_interface.cc:231] ArtmCopyRequestedMessage is copying 46 bytes...
I0406 16:40:24.545183 149254144 processor.cc:925] Processor: complete processing batch 00ce3e08-5fa6-4508-b507-567d4f0cdafa into model nwt
I0406 16:40:24.553853 149254144 cuckoo_watch.h:45] 1128ms in ProcessBatch(batches/aaaaab.batch) [including 20ms in LoadMessage; 10ms in InitializeSparseNdw; 0ms in InitializeTheta; 0ms in CreateRegularizerAgents; 815ms in InferThetaAndUpdateNwtSparse; 273ms in CalculateScore(^^^ItemsProcessedScore^^^); ]
I0406 16:40:24.554477 135561216 master_component.cc:1430] RegularizeModelArgs: rwt_target_name=rwt, pwt_source_name=pwt, nwt_source_name=nwt
I0406 16:40:24.554534 135561216 master_component.cc:974] MasterComponent: start regularizing model pwt
I0406 16:40:24.578019 149254144 processor.cc:740] No data in processing queue, waiting...
I0406 16:40:24.794059 135561216 master_component.cc:1000] MasterComponent: complete regularizing model pwt
I0406 16:40:24.794077 135561216 master_component.cc:1443] NormalizeModelArgs: pwt_target_name=pwt, nwt_source_name=nwt, rwt_source_name=rwt
I0406 16:40:24.794087 135561216 master_component.cc:1004] MasterComponent: start normalizing model nwt
I0406 16:40:24.960184 135561216 master_component.cc:1032] MasterComponent: complete normalizing model nwt
I0406 16:40:25.112849 135561216 master_component.cc:1467] DisposeModel rwt
I0406 16:40:25.137814 135561216 master_component.cc:1057] FitOffline: ItemsProcessed, num_items=1728, num_batches=2, token_weight=808522, token_weight_in_effect=808522
I0406 16:40:25.184914 2924262208 c_interface.cc:562] Pass GetScoreValueArgs, score_name=^^^ItemsProcessedScore^^^ to MasterComponent::Request
I0406 16:40:25.184969 2924262208 c_interface.cc:231] ArtmCopyRequestedMessage is copying 46 bytes...
I0406 16:40:25.185498 135561216 c_interface.cc:389] Pass FitOfflineMasterModelArgs, batch_filename_size=2, batch_weight_size=2, num_collection_passes=1 to MN4artm4core15MasterComponentEFvRKNS_25FitOfflineMasterModelArgsEE
I0406 16:40:25.185521 135561216 master_component.cc:1392] ProcessBatchesArgs: nwt_target_name=nwt, batch_filename_size=2, batch_size=0, batch_weight_size=2, pwt_source_name=pwt, num_document_passes=10, regularizer=(name:SparsePhi1, tau:100000), reuse_theta=no, opt_for_avx=yes, predict_class_id=
I0406 16:40:25.218973 150327296 processor.cc:747] Processing queue has data, processing started
I0406 16:40:25.227452 149790720 processor.cc:747] Processing queue has data, processing started
I0406 16:40:25.242089 150327296 processor.cc:820] Processor: start processing batch 00ce3e08-5fa6-4508-b507-567d4f0cdafa into model nwt
I0406 16:40:25.243728 149790720 processor.cc:820] Processor: start processing batch 8b71d27b-f04c-426d-ac04-ee7da552b883 into model nwt
I0406 16:40:25.711508 149790720 processor.cc:925] Processor: complete processing batch 8b71d27b-f04c-426d-ac04-ee7da552b883 into model nwt
I0406 16:40:25.719343 149790720 cuckoo_watch.h:45] 491ms in ProcessBatch(batches/aaaaaa.batch) [including 16ms in LoadMessage; 2ms in InitializeSparseNdw; 0ms in InitializeTheta; 0ms in CreateRegularizerAgents; 355ms in InferThetaAndUpdateNwtSparse; 109ms in CalculateScore(^^^ItemsProcessedScore^^^); ]
I0406 16:40:25.743876 149790720 processor.cc:740] No data in processing queue, waiting...
I0406 16:40:26.100648 150327296 processor.cc:925] Processor: complete processing batch 00ce3e08-5fa6-4508-b507-567d4f0cdafa into model nwt
I0406 16:40:26.111160 150327296 cuckoo_watch.h:45] 892ms in ProcessBatch(batches/aaaaab.batch) [including 23ms in LoadMessage; 8ms in InitializeSparseNdw; 0ms in InitializeTheta; 0ms in CreateRegularizerAgents; 669ms in InferThetaAndUpdateNwtSparse; 180ms in CalculateScore(^^^ItemsProcessedScore^^^); ]
